03-14 17:56:07.616  5230  5256 I WindowManager:   mode=1 taskId=10928 isTranslucent=false clipRect=[0,0][0,0] contentInsets=[0,68][0,84] prefixOrderIndex=27 position=[0,0] sourceContainerBounds=[0,0][720,1600] screenSpaceBounds=[0,0][720,1600] localBounds=[0,0][720,1600]
03-14 17:56:07.616  5230  5256 I WindowManager:   windowConfiguration={ mBounds=Rect(0, 0 - 720, 1600) mAppBounds=Rect(0, 68 - 720, 1516) mMaxBounds=Rect(0, 0 - 720, 1600) mWindowingMode=fullscreen mDisplayWindowingMode=fullscreen mActivityType=home mAlwaysOnTop=undefined mRotation=ROTATION_0 mPopOver=undefined mFreeformTaskPinningState=unpinned}
03-14 17:56:07.616  5230  5256 I WindowManager:   leash=Surface(name=Surface(name=Task=1)/@0x8864b4a - animation-leash of app_transition)/@0x16e61c9
03-14 17:56:07.616  5230  5256 I WindowManager:   taskInfo=TaskInfo{userId=0 taskId=10928 displayId=0 isRunning=true baseIntent=Intent { act=android.intent.action.MAIN cat=[android.intent.category.HOME] flg=0x10000100 cmp=com.sec.android.app.launcher/.activities.LauncherActivity } baseActivity=ComponentInfo{com.sec.android.app.launcher/com.sec.android.app.launcher.activities.LauncherActivity} topActivity=ComponentInfo{com.sec.android.app.launcher/com.android.launcher3.uioverrides.QuickstepLauncher} origActivity=ComponentInfo{com.sec.android.app.launcher/com.sec.android.app.launcher.activities.LauncherActivity} realActivity=ComponentInfo{com.sec.android.app.launcher/com.android.launcher3.uioverrides.QuickstepLauncher} numActivities=1 lastActiveTime=691227653 supportsSplitScreenMultiWindow=true supportsMultiWindow=true resizeMode=2 isResizeable=true token=WCT{RemoteToken{a5e3ce Task{c076c3e #10928 type=home A=10088:com.sec.android.app.launcher.activities.LauncherActivity U=0 rootTaskId=1 visible=false mode=fullscreen translucent=true sz=1}}} topActivityType=2 pictureInPictureParams=null displayCutoutSafeInsets=Rect(0, 68 - 0, 0) topActivityInfo=ActivityInfo{15ef2ef com.sec.android.app.launcher.activities.LauncherActivity} launchCookies=[] positionInParent=Point(0, 0) parentTaskId=-1 isFocused=false isVisible=false topActivityInSizeCompat=false locusId= LocusId[17_chars] topLaunchHome=false launchSplitWindowingMode=0 isPairTask=false pairedTaskIds=[] pairWindowingMode=0 pairDockSide=0 isAnimatingByRecent=false originallySupportedSplitScreen=true isAnimatingFreeformToFullscreen=false topActivityInFixedAspectRatio=false isTopTransparentActivity=false}
03-14 17:56:07.616  5230  5256 I WindowManager:   windowType=-1
03-14 17:56:07.616  5970  5970 I QuickstepTransition: AppLaunchAnimationRunner, onCreateAnimation
03-14 17:56:07.617  5569  5662 D InsetsSourceConsumer: ensureControlAlpha: for ITYPE_NAVIGATION_BAR on Splash Screen com.sec.android.app.camera
03-14 17:56:07.617  5970  5970 W AppTransitionAnimatorImpl: animation with floating icon
03-14 17:56:07.618  5569  5662 D InsetsSourceConsumer: ensureControlAlpha: for ITYPE_STATUS_BAR on Splash Screen com.sec.android.app.camera
03-14 17:56:07.619  5230  5255 D SGM:GameManager: noteResumeComponent(), received pkgName: com.sec.android.app.camera, userId: 0
03-14 17:56:07.619  5230  5390 D SGM:GameManager: onLooperPrepared(), msg: MSG_APP_RESUME, pkgName: com.sec.android.app.camera, userid: 0
03-14 17:56:07.619  5230  5390 D SGM:GameManager: handleResume().
03-14 17:56:07.619  5230  5390 D SGM:GameManager: sendFocusOutConditionally() - mPrevNotiPkg: (unknown), userId: 0
03-14 17:56:07.619  5230  5390 D SGM:GameManager:   handleResume(). pkgName: com.sec.android.app.camera, userId: 0, isTunableApp: null
03-14 17:56:07.619  5230  5390 D SGM:GameManager: notifyFocusInOut(). of pkg: com.sec.android.app.camera, type: 4, isMinimized: false, isTunableApp: false, userId: 0
03-14 17:56:07.619  5230  5390 D SGM:GameManager:   notifyFocusInOut(). unexpected mPrevNotiType: -1
03-14 17:56:07.620  5230  5390 D SGM:NetworkLimit: callRelease
03-14 17:56:07.620  5230  5390 D SGM:SystemHelper: callReleaseBlock needReleaseBlock:false
03-14 17:56:07.624  4888  4888 I Layer   : id=25295 removeFromCurrentState Surface(name=f3252a7 StatusBar)/@0x2ce4040 - animation-leash of insets_animation#2 (111)
03-14 17:56:07.624  4888  4888 I Layer   : id=75 removeFromCurrentState f3252a7 StatusBar#0 (111)
03-14 17:56:07.624  4888  4888 I Layer   : id=84 removeFromCurrentState StatusBar$_5569#0 (111)
03-14 17:56:07.624  4888  4888 I Layer   : id=75 addToCurrentState f3252a7 StatusBar#0 (111)
03-14 17:56:07.624  4888  4888 I Layer   : id=84 addToCurrentState StatusBar$_5569#0 (111)
03-14 17:56:07.624  4888  4888 I Layer   : id=25296 removeFromCurrentState Surface(name=d0ab725 NavigationBar0)/@0x946951f - animation-leash of insets_animation#1 (111)
03-14 17:56:07.625  5970  5970 I FloatingIconView: drawable is not adaptive icon: false
03-14 17:56:07.626  5970  5970 I RemoteAnimationTargets: unfilteredApps : [Lcom.android.systemui.shared.system.RemoteAnimationTargetCompat;@c6b5926 apps : [Lcom.android.systemui.shared.system.RemoteAnimationTargetCompat;@c6b5926 wallpapers : [Lcom.android.systemui.shared.system.RemoteAnimationTargetCompat;@5908314 targetMode : 0 hasRecents : false
03-14 17:56:07.636  5230  5261 E libperflog: [LIBPERFLOG] socket_local_client fail = -1
03-14 17:56:07.641  4888  5718 I SurfaceFlinger: id=25295 Removed Surface(name=f3252a7 StatusBar)/@0x2ce4040 - animation-leash of insets_animation#2 (111)
03-14 17:56:07.641  4888  4919 I SurfaceFlinger: id=25296 Removed Surface(name=d0ab725 NavigationBar0)/@0x946951f - animation-leash of insets_animation#1 (111)
03-14 17:56:07.641  5970  5970 W AppTransitionAnimatorImpl: onAnimationStart - APP IN
03-14 17:56:07.644  5970  7913 I ViewRootImpl@51efc74[LauncherActivity]: mWNT: t = android.view.SurfaceControl$Transaction@8ba917b fN = 99 com.android.systemui.shared.system.ViewRootImplCompat.mergeWithNextTransaction:62 com.android.quickstep.util.SurfaceTransactionApplier.lambda$scheduleApply$0$SurfaceTransactionApplier:94 com.android.quickstep.util.-$$Lambda$SurfaceTransactionApplier$Xj9m0ayWHIr2xvQnKB4EJdxg8RU.accept:6 
03-14 17:56:07.645  5970  7913 I ViewRootImpl@51efc74[LauncherActivity]: mWNT: merge t to BBQ
03-14 17:56:07.645  5970  7913 I ViewRootImpl@51efc74[LauncherActivity]: mWNT: t = android.view.SurfaceControl$Transaction@fe59b98 fN = 99 com.android.systemui.shared.system.ViewRootImplCompat.mergeWithNextTransaction:62 com.android.quickstep.util.SurfaceTransactionApplier.lambda$scheduleApply$0$SurfaceTransactionApplier:94 com.android.quickstep.util.-$$Lambda$SurfaceTransactionApplier$Xj9m0ayWHIr2xvQnKB4EJdxg8RU.accept:6 
03-14 17:56:07.646  5970  7913 I ViewRootImpl@51efc74[LauncherActivity]: mWNT: merge t to BBQ
03-14 17:56:07.646  5970  7913 I ViewRootImpl@51efc74[LauncherActivity]: mWNT: t = android.view.SurfaceControl$Transaction@9bbbff1 fN = 99 com.android.systemui.shared.system.ViewRootImplCompat.mergeWithNextTransaction:62 com.android.quickstep.util.SurfaceTransactionApplier.lambda$scheduleApply$0$SurfaceTransactionApplier:94 com.android.quickstep.util.-$$Lambda$SurfaceTransactionApplier$Xj9m0ayWHIr2xvQnKB4EJdxg8RU.accept:6 
03-14 17:56:07.646  5970  7913 I ViewRootImpl@51efc74[LauncherActivity]: mWNT: merge t to BBQ
03-14 17:56:07.654  5970  7264 I RecentModel: onTaskStackChangedBackground
03-14 17:56:07.655  5970  7264 I RecentTasksList: getTaskKeys, numTasks :3 callback : com.android.quickstep.-$$Lambda$RecentsModel$k1Mm-BV64Bc89eJHYugywZmW_Js@ed257d6
03-14 17:56:07.656  5230  7316 D ActivityTaskManager: getRecentPairTasks() maxNum :3 from 10088
03-14 17:56:07.656  5230  7316 D RecentTaskItemController: getRecentPairTasksImpl() maxNum :3 from 10088
03-14 17:56:07.657  4888  4888 I Layer   : id=25295 Destroyed Surface(name=f3252a7 StatusBar)/@0x2ce4040 - animation-leash of insets_animation#2
03-14 17:56:07.657  4888  4888 I Layer   : id=25296 Destroyed Surface(name=d0ab725 NavigationBar0)/@0x946951f - animation-leash of insets_animation#1
03-14 17:56:07.658  5970  6134 I RecentTasksList: loadTasksInBackground() task id : 11200
03-14 17:56:07.658  5970  6134 I RecentTasksList: loadTasksInBackground() task id : 11122
03-14 17:56:07.658  5970  6134 I RecentTasksList: loadTasksInBackground() task id : 11418
03-14 17:56:07.659  5970  7912 I ViewRootImpl@51efc74[LauncherActivity]: mWNT: t = android.view.SurfaceControl$Transaction@bd6ca57 fN = 100 com.android.systemui.shared.system.ViewRootImplCompat.mergeWithNextTransaction:62 com.android.quickstep.util.SurfaceTransactionApplier.lambda$scheduleApply$0$SurfaceTransactionApplier:94 com.android.quickstep.util.-$$Lambda$SurfaceTransactionApplier$Xj9m0ayWHIr2xvQnKB4EJdxg8RU.accept:6 
03-14 17:56:07.659  5970  7912 I ViewRootImpl@51efc74[LauncherActivity]: mWNT: merge t to BBQ
03-14 17:56:07.670  4888  4888 D SurfaceFlinger: Display 0 HWC layers:
03-14 17:56:07.670  4888  4888 D SurfaceFlinger:      DEVICE | 0x797b6b7480 | 0100 | RGBx_8888    |  440.0    0.0 1160.0 1600.0 |    0    0  720 1600 | Wallpaper BBQ wrapper#0
03-14 17:56:07.670  4888  4888 D SurfaceFlinger:      DEVICE | 0x7963c2d8c0 | 0100 | RGBA_8888    |    0.0    0.0  720.0 1600.0 |    0    0  720 1600 | com.sec.android.app.launcher/com.sec[...].activities.LauncherActivity$_5970#0
03-14 17:56:07.670  4888  4888 D SurfaceFlinger:      CLIENT | 0x797d34e680 | 0100 | RGBA_8888    |    0.0  785.0  720.0 1505.0 |  551 1369  670 1488 | Splash Screen com.sec.android.app.camera$_5569#0
03-14 17:56:07.670  4888  4888 D SurfaceFlinger:      CLIENT | 0x7963c2fe40 | 0100 | RGBA_8888    |    0.0    0.0  720.0   68.0 |    0    0  720   68 | StatusBar$_5569#0
03-14 17:56:07.670  4888  4888 D SurfaceFlinger:      DEVICE | 0x797b6b61c0 | 0100 | RGBA_8888    |    0.0    0.0  720.0   84.0 |    0 1516  720 1600 | NavigationBar0$_5569#0
03-14 17:56:07.670  4888  4888 D SurfaceFlinger: 
03-14 17:56:07.675  5970  7913 I ViewRootImpl@51efc74[LauncherActivity]: mWNT: t = android.view.SurfaceControl$Transaction@264d944 fN = 101 com.android.systemui.shared.system.ViewRootImplCompat.mergeWithNextTransaction:62 com.android.quickstep.util.SurfaceTransactionApplier.lambda$scheduleApply$0$SurfaceTransactionApplier:94 com.android.quickstep.util.-$$Lambda$SurfaceTransactionApplier$Xj9m0ayWHIr2xvQnKB4EJdxg8RU.accept:6 
03-14 17:56:07.676  5970  7913 I ViewRootImpl@51efc74[LauncherActivity]: mWNT: merge t to BBQ
03-14 17:56:07.692  5970  7912 I ViewRootImpl@51efc74[LauncherActivity]: mWNT: t = android.view.SurfaceControl$Transaction@dbb6a2d fN = 102 com.android.systemui.shared.system.ViewRootImplCompat.mergeWithNextTransaction:62 com.android.quickstep.util.SurfaceTransactionApplier.lambda$scheduleApply$0$SurfaceTransactionApplier:94 com.android.quickstep.util.-$$Lambda$SurfaceTransactionApplier$Xj9m0ayWHIr2xvQnKB4EJdxg8RU.accept:6 
03-14 17:56:07.692  5970  7912 I ViewRootImpl@51efc74[LauncherActivity]: mWNT: merge t to BBQ
03-14 17:56:07.709  5970  7913 I ViewRootImpl@51efc74[LauncherActivity]: mWNT: t = android.view.SurfaceControl$Transaction@ef41b62 fN = 103 com.android.systemui.shared.system.ViewRootImplCompat.mergeWithNextTransaction:62 com.android.quickstep.util.SurfaceTransactionApplier.lambda$scheduleApply$0$SurfaceTransactionApplier:94 com.android.quickstep.util.-$$Lambda$SurfaceTransactionApplier$Xj9m0ayWHIr2xvQnKB4EJdxg8RU.accept:6 
03-14 17:56:07.709  5970  7913 I ViewRootImpl@51efc74[LauncherActivity]: mWNT: merge t to BBQ
03-14 17:56:07.722  8608  8608 I Core2Provider: onCreate
03-14 17:56:07.726  5970  7912 I ViewRootImpl@51efc74[LauncherActivity]: mWNT: t = android.view.SurfaceControl$Transaction@e13b4f3 fN = 104 com.android.systemui.shared.system.ViewRootImplCompat.mergeWithNextTransaction:62 com.android.quickstep.util.SurfaceTransactionApplier.lambda$scheduleApply$0$SurfaceTransactionApplier:94 com.android.quickstep.util.-$$Lambda$SurfaceTransactionApplier$Xj9m0ayWHIr2xvQnKB4EJdxg8RU.accept:6 
03-14 17:56:07.726  5970  7912 I ViewRootImpl@51efc74[LauncherActivity]: mWNT: merge t to BBQ
03-14 17:56:07.730  8608  8608 I CapsuleProvider_1.0.21: onCreate
03-14 17:56:07.739  5230  5253 I GestureDetector: handleMessage TAP
03-14 17:56:07.740  5230  5230 I GestureDetector: handleMessage TAP
03-14 17:56:07.743  5970  7913 I ViewRootImpl@51efc74[LauncherActivity]: mWNT: t = android.view.SurfaceControl$Transaction@67845b0 fN = 105 com.android.systemui.shared.system.ViewRootImplCompat.mergeWithNextTransaction:62 com.android.quickstep.util.SurfaceTransactionApplier.lambda$scheduleApply$0$SurfaceTransactionApplier:94 com.android.quickstep.util.-$$Lambda$SurfaceTransactionApplier$Xj9m0ayWHIr2xvQnKB4EJdxg8RU.accept:6 
03-14 17:56:07.743  5970  7913 I ViewRootImpl@51efc74[LauncherActivity]: mWNT: merge t to BBQ
03-14 17:56:07.759  5970  7912 I ViewRootImpl@51efc74[LauncherActivity]: mWNT: t = android.view.SurfaceControl$Transaction@c917c29 fN = 106 com.android.systemui.shared.system.ViewRootImplCompat.mergeWithNextTransaction:62 com.android.quickstep.util.SurfaceTransactionApplier.lambda$scheduleApply$0$SurfaceTransactionApplier:94 com.android.quickstep.util.-$$Lambda$SurfaceTransactionApplier$Xj9m0ayWHIr2xvQnKB4EJdxg8RU.accept:6 
03-14 17:56:07.759  5970  7912 I ViewRootImpl@51efc74[LauncherActivity]: mWNT: merge t to BBQ
03-14 17:56:07.763  8608  8608 I CameraPerformance: Launch - FeatureLoading : Start[1678809367763]
03-14 17:56:07.765  8608  8608 I FeatureLoader: path: /system/cameradata/A217
03-14 17:56:07.769  8608  8608 I CameraPerformance: Launch - FeatureLoading : End[1678809367769] [6]
03-14 17:56:07.775  5970  7913 I ViewRootImpl@51efc74[LauncherActivity]: mWNT: t = android.view.SurfaceControl$Transaction@e7c8bae fN = 107 com.android.systemui.shared.system.ViewRootImplCompat.mergeWithNextTransaction:62 com.android.quickstep.util.SurfaceTransactionApplier.lambda$scheduleApply$0$SurfaceTransactionApplier:94 com.android.quickstep.util.-$$Lambda$SurfaceTransactionApplier$Xj9m0ayWHIr2xvQnKB4EJdxg8RU.accept:6 
03-14 17:56:07.776  5970  7913 I ViewRootImpl@51efc74[LauncherActivity]: mWNT: merge t to BBQ
03-14 17:56:07.784  8608  8608 I ActionStateSet: initialize ActionStateSet
03-14 17:56:07.785  8608  8608 I CapsuleProvider_1.0.21: releasing initialize wait lock.
03-14 17:56:07.791  8608  8608 E DIAGMON_SDK[605050][407-399-545299] : DMA Client is not exist
03-14 17:56:07.791  8608  8608 W DIAGMON_SDK[605050]: It is not supported : NO_DMA
03-14 17:56:07.791  8608  8608 W DIAGMON_SDK[605050]: UncaughtExceptionLogging can't be enabled because Configuration is null
03-14 17:56:07.792  5970  7912 I ViewRootImpl@51efc74[LauncherActivity]: mWNT: t = android.view.SurfaceControl$Transaction@42aad4f fN = 108 com.android.systemui.shared.system.ViewRootImplCompat.mergeWithNextTransaction:62 com.android.quickstep.util.SurfaceTransactionApplier.lambda$scheduleApply$0$SurfaceTransactionApplier:94 com.android.quickstep.util.-$$Lambda$SurfaceTransactionApplier$Xj9m0ayWHIr2xvQnKB4EJdxg8RU.accept:6 
03-14 17:56:07.792  5970  7912 I ViewRootImpl@51efc74[LauncherActivity]: mWNT: merge t to BBQ
03-14 17:56:07.809  5970  7913 I ViewRootImpl@51efc74[LauncherActivity]: mWNT: t = android.view.SurfaceControl$Transaction@1140cdc fN = 109 com.android.systemui.shared.system.ViewRootImplCompat.mergeWithNextTransaction:62 com.android.quickstep.util.SurfaceTransactionApplier.lambda$scheduleApply$0$SurfaceTransactionApplier:94 com.android.quickstep.util.-$$Lambda$SurfaceTransactionApplier$Xj9m0ayWHIr2xvQnKB4EJdxg8RU.accept:6 
03-14 17:56:07.809  5970  7913 I ViewRootImpl@51efc74[LauncherActivity]: mWNT: merge t to BBQ
03-14 17:56:07.809  5230  5791 I GenerationRegistry: mBackingStore.isClosed() : false
03-14 17:56:07.815  4337  4337 D libvintf: HalManifest::getHidlTransport(framework): Cannot find android.hardware.configstore@1.0::ISurfaceFlingerConfigs/default
03-14 17:56:07.826  5970  7912 I ViewRootImpl@51efc74[LauncherActivity]: mWNT: t = android.view.SurfaceControl$Transaction@f9cb1e5 fN = 110 com.android.systemui.shared.system.ViewRootImplCompat.mergeWithNextTransaction:62 com.android.quickstep.util.SurfaceTransactionApplier.lambda$scheduleApply$0$SurfaceTransactionApplier:94 com.android.quickstep.util.-$$Lambda$SurfaceTransactionApplier$Xj9m0ayWHIr2xvQnKB4EJdxg8RU.accept:6 
03-14 17:56:07.826  5970  7912 I ViewRootImpl@51efc74[LauncherActivity]: mWNT: merge t to BBQ
03-14 17:56:07.837  5230  5791 I GenerationRegistry: mBackingStore.isClosed() : false
03-14 17:56:07.842  5970  7913 I ViewRootImpl@51efc74[LauncherActivity]: mWNT: t = android.view.SurfaceControl$Transaction@9b4ba fN = 111 com.android.systemui.shared.system.ViewRootImplCompat.mergeWithNextTransaction:62 com.android.quickstep.util.SurfaceTransactionApplier.lambda$scheduleApply$0$SurfaceTransactionApplier:94 com.android.quickstep.util.-$$Lambda$SurfaceTransactionApplier$Xj9m0ayWHIr2xvQnKB4EJdxg8RU.accept:6 
03-14 17:56:07.843  5970  7913 I ViewRootImpl@51efc74[LauncherActivity]: mWNT: merge t to BBQ
03-14 17:56:07.856  8608  8608 I VerificationLog: onCreate
03-14 17:56:07.856  8608  8608 I CameraPerformance: Launch - onCreate : Start[1678809367856] - Camera@948552f
03-14 17:56:07.859  5970  7912 I ViewRootImpl@51efc74[LauncherActivity]: mWNT: t = android.view.SurfaceControl$Transaction@b0ecf6b fN = 112 com.android.systemui.shared.system.ViewRootImplCompat.mergeWithNextTransaction:62 com.android.quickstep.util.SurfaceTransactionApplier.lambda$scheduleApply$0$SurfaceTransactionApplier:94 com.android.quickstep.util.-$$Lambda$SurfaceTransactionApplier$Xj9m0ayWHIr2xvQnKB4EJdxg8RU.accept:6 
03-14 17:56:07.859  5970  7912 I ViewRootImpl@51efc74[LauncherActivity]: mWNT: merge t to BBQ
03-14 17:56:07.876  5970  7913 I ViewRootImpl@51efc74[LauncherActivity]: mWNT: t = android.view.SurfaceControl$Transaction@431ac8 fN = 113 com.android.systemui.shared.system.ViewRootImplCompat.mergeWithNextTransaction:62 com.android.quickstep.util.SurfaceTransactionApplier.lambda$scheduleApply$0$SurfaceTransactionApplier:94 com.android.quickstep.util.-$$Lambda$SurfaceTransactionApplier$Xj9m0ayWHIr2xvQnKB4EJdxg8RU.accept:6 
03-14 17:56:07.876  5970  7913 I ViewRootImpl@51efc74[LauncherActivity]: mWNT: merge t to BBQ
03-14 17:56:07.877  8608  8608 I AbstractCameraSettings: AbstractCameraSettings : Start[1678809367877]
03-14 17:56:07.885  8608  8608 I AbstractCameraSettings: AbstractCameraSettings : End[1678809367885] [8]
03-14 17:56:07.888  8608  8651 I CameraPerformance: Launch - ValidatePreferences : Start[1678809367888]
03-14 17:56:07.889  8608  8651 I CameraPerformance: Launch - ValidatePreferences : End[1678809367889] [1]
03-14 17:56:07.892  5970  5970 W AppTransitionAnimatorImpl: onAnimationEnd - APP IN, Execution time for each frame : Start-(4)-1-(0)-0-(0)-0-(15)-0-(17)-0-(16)-1-(16)-0-(17)-0-(17)-0-(16)-0-(17)-0-(17)-0-(16)-1-(16)-0-(17)-0-(16)-1-(16)-0-(17)-0-End
03-14 17:56:07.893  5230  5791 D WindowManager: app-onAnimationFinished(): mOuter=com.android.server.wm.RemoteAnimationController@779497e
03-14 17:56:07.893  5230  5791 D WindowManager: onAnimationFinished(): mPendingAnimations=2, caller=
03-14 17:56:07.893  5230  5791 D WindowManager: onAnimationFinished(): mPendingAnimations=2
03-14 17:56:07.894  5230  5791 D WindowManager: app-release(): mOuter=com.android.server.wm.RemoteAnimationController@779497e
03-14 17:56:07.894  5230  5791 D WindowManager: onAnimationFinished(): Notify animation finished:
03-14 17:56:07.894  5230  5791 I WindowManager: Reparenting to original parent: Surface(name=DefaultTaskDisplayArea)/@0x327aca3, destroy=true, surface=Surface(name=Task=11418)/@0x84110ce
03-14 17:56:07.894  5970  5970 I AppTransitionAnimatorImpl: resetContentView
03-14 17:56:07.895  8608  8651 E CameraShootingMode: getCaptureSize : There is no a predefined capture size in shooting mode feature.
03-14 17:56:07.895  5970  7912 I ViewRootImpl@51efc74[LauncherActivity]: mWNT: t = android.view.SurfaceControl$Transaction@d6b8761 fN = 114 com.android.systemui.shared.system.ViewRootImplCompat.mergeWithNextTransaction:62 com.android.quickstep.util.SurfaceTransactionApplier.lambda$scheduleApply$0$SurfaceTransactionApplier:94 com.android.quickstep.util.-$$Lambda$SurfaceTransactionApplier$Xj9m0ayWHIr2xvQnKB4EJdxg8RU.accept:6 
03-14 17:56:07.895  5970  7912 I ViewRootImpl@51efc74[LauncherActivity]: mWNT: merge t to BBQ
03-14 17:56:07.898  8608  8651 E CameraShootingMode: getCaptureSize : There is no a predefined capture size in shooting mode feature.
03-14 17:56:07.898  5230  5791 D WindowManager: 	container=Task{7dff915 #11418 type=standard A=10107:android.task.camera U=0 visible=true mode=fullscreen translucent=false sz=1}
03-14 17:56:07.898  5230  5791 I WindowManager: Reparenting to original parent: Surface(name=DefaultTaskDisplayArea)/@0x327aca3, destroy=true, surface=Surface(name=Task=1)/@0x8864b4a
03-14 17:56:07.899  5230  5791 V WindowManager: Setting visibility of Window{8ef1baa u0 com.sec.android.app.launcher/com.sec.android.app.launcher.activities.LauncherActivity}: false, caller=com.android.server.wm.WindowContainer.sendAppVisibilityToClients:1110 com.android.server.wm.WindowToken.setClientVisible:448 com.android.server.wm.ActivityRecord.setClientVisible:7034 com.android.server.wm.ActivityRecord.onAnimationFinished:7921 com.android.server.wm.WindowContainer.doAnimationFinished:3107 
03-14 17:56:07.899  8608  8651 E CameraShootingMode: getCaptureSize : There is no a predefined capture size in shooting mode feature.
03-14 17:56:07.900  8608  8651 E CameraShootingMode: getCaptureSize : There is no a predefined capture size in shooting mode feature.
03-14 17:56:07.900  5230  5791 V WindowManager: Setting visibility of Window{a3d1599 u0 com.android.systemui.ImageWallpaper}: false, caller=com.android.server.wm.WindowContainer.sendAppVisibilityToClients:1110 com.android.server.wm.WindowToken.setClientVisible:448 com.android.server.wm.WallpaperWindowToken.setVisible:162 com.android.server.wm.WallpaperWindowToken.updateWallpaperWindows:157 com.android.server.wm.WallpaperController.updateWallpaperTokens:672 
03-14 17:56:07.900  5569  5712 D WallpaperService: dispatchAppVisibility onVisibilityChanged(): false
03-14 17:56:07.901  5569  5569 D WallpaperService: reportVisibility onVisibilityChanged visible: false
03-14 17:56:07.901  5569  5711 I ImageWallpaper:  onVisibilityChanged false , 0
03-14 17:56:07.901  8608  8608 I CameraPerformance: Launch - InflateMainLayer : Start[1678809367901]
03-14 17:56:07.904  8608  8651 E CameraShootingMode: getCaptureSize : There is no a predefined capture size in shooting mode feature.
03-14 17:56:07.904  8608  8651 E CameraShootingMode: Don't have a predefined front capture size.
03-14 17:56:07.904  8608  8651 E CameraShootingMode: getCaptureSize : There is no a predefined capture size in shooting mode feature.
03-14 17:56:07.906  5230  5791 D WindowManager: 	container=Task{d8fa421 #1 type=home ?? U=0 visible=false mode=fullscreen translucent=true sz=1}
03-14 17:56:07.906  5230  5791 I WindowManager: Reparenting to original parent: Surface(name=Leaf:0:1)/@0xd10e093, destroy=true, surface=Surface(name=WallpaperWindowToken{90d81a token=android.os.Binder@3e68d3})/@0x6823182
03-14 17:56:07.906  5230  5791 D WindowManager: 	wallpaper=WallpaperWindowToken{90d81a token=android.os.Binder@3e68d3}
03-14 17:56:07.908  5230  5791 I WindowManager: Finishing remote animation
03-14 17:56:07.908  4888  4888 I Layer   : id=25305 removeFromCurrentState Surface(name=Task=1)/@0x8864b4a - animation-leash of app_transition#0 (109)
03-14 17:56:07.908  8608  8651 I CameraSettings: Restoring single bokeh effect preference values
03-14 17:56:07.909  4888  4888 I Layer   : id=25306 removeFromCurrentState Surface(name=Task=11418)/@0x84110ce - animation-leash of app_transition#0 (109)
03-14 17:56:07.909  5970  5970 I ViewRootImpl@51efc74[LauncherActivity]: handleAppVisibility mAppVisible=true visible=false
03-14 17:56:07.919  4888  4888 D SurfaceFlinger: Display 0 HWC layers:
03-14 17:56:07.919  4888  4888 D SurfaceFlinger:      DEVICE | 0x797d34e680 | 0100 | RGBA_8888    |    0.0    0.0  720.0 1600.0 |    0    0  720 1600 | Splash Screen com.sec.android.app.camera$_5569#0
03-14 17:56:07.919  4888  4888 D SurfaceFlinger:      DEVICE | 0x7963c2fe40 | 0100 | RGBA_8888    |    0.0    0.0  720.0   68.0 |    0    0  720   68 | StatusBar$_5569#0
03-14 17:56:07.919  4888  4888 D SurfaceFlinger:      DEVICE | 0x797b6b61c0 | 0100 | RGBA_8888    |    0.0    0.0  720.0   84.0 |    0 1516  720 1600 | NavigationBar0$_5569#0
03-14 17:56:07.919  4888  4888 D SurfaceFlinger: 
03-14 17:56:07.920  4888  5718 I SurfaceFlinger: id=25306 Removed Surface(name=Task=11418)/@0x84110ce - animation-leash of app_transition#0 (109)
03-14 17:56:07.920  4888  4919 I SurfaceFlinger: id=25305 Removed Surface(name=Task=1)/@0x8864b4a - animation-leash of app_transition#0 (109)
03-14 17:56:07.924  4888  4888 I Layer   : id=25307 removeFromCurrentState Surface(name=WallpaperWindowToken{90d81a token=android.os.Binder@3e68d3})/@0x6823182 - animation-leash of window_animation#0 (109)
03-14 17:56:07.925  4888  4888 I SurfaceFlinger: id=25307 Removed Surface(name=WallpaperWindowToken{90d81a token=android.os.Binder@3e68d3})/@0x6823182 - animation-leash of window_animation#0 (109)
03-14 17:56:07.925  8608  8608 I CameraPerformance: Launch - InflateMainLayer : End[1678809367925] [24]
03-14 17:56:07.925  4888  4888 I Layer   : id=25306 Destroyed Surface(name=Task=11418)/@0x84110ce - animation-leash of app_transition#0
03-14 17:56:07.925  4888  4888 I Layer   : id=25305 Destroyed Surface(name=Task=1)/@0x8864b4a - animation-leash of app_transition#0
03-14 17:56:07.926  4888  4888 I Layer   : id=25307 Destroyed Surface(name=WallpaperWindowToken{90d81a token=android.os.Binder@3e68d3})/@0x6823182 - animation-leash of window_animation#0
03-14 17:56:07.929  5230  5791 V WindowManager: Relayout Window{8ef1baa u0 com.sec.android.app.launcher/com.sec.android.app.launcher.activities.LauncherActivity}: viewVisibility=8 req=720x1600 d0
03-14 17:56:07.930  8608  8608 I DecorView: [INFO] isPopOver=false, config=true
03-14 17:56:07.930  8608  8608 I DecorView: updateCaptionType >> DecorView@ce3f82[], isFloating=false, isApplication=true, hasWindowControllerCallback=true, hasWindowDecorCaption=false
03-14 17:56:07.933  8608  8608 I DecorView: getCurrentDensityDpi: from real metrics. densityDpi=280 msg=resources_loaded
03-14 17:56:07.933  5230  5791 V WindowManager: Relayout hash=8ef1baa, pid=5970: mAttrs={(0,0)(fillxfill) sim={adjust=nothing} layoutInDisplayCutoutMode=shortEdges ty=BASE_APPLICATION fmt=TRANSPARENT wanim=0x10302f2
03-14 17:56:07.933  5230  5791 V WindowManager:   fl=81910100
03-14 17:56:07.933  5230  5791 V WindowManager:   pfl=1e020040
03-14 17:56:07.933  5230  5791 V WindowManager:   vsysui=1700
03-14 17:56:07.933  5230  5791 V WindowManager:   bhv=SHOW_TRANSIENT_BARS_BY_SWIPE
03-14 17:56:07.933  5230  5791 V WindowManager:   fitSides= naviIconColor=0}
03-14 17:56:07.935  5970  5970 I ViewRootImpl@51efc74[LauncherActivity]: Relayout returned: old=(0,0,720,1600) new=(0,0,720,1600) req=(720,1600)8 dur=6 res=0x5 s={false 0} ch=true fn=116
03-14 17:56:07.937  8608  8608 I CameraPerformance: Launch - InitializeEngine : Start[1678809367937] - Camera@948552f
03-14 17:56:07.938  8608  8608 I CameraPerformance: Surface - CreateSurface : Start[1678809367938]
03-14 17:56:07.941  8608  8653 I NativeNode: loadLibrary E
03-14 17:56:07.946  8608  8608 W PackageUtil: Can not find package info com.sec.android.app.apex
03-14 17:56:07.950  8608  8608 I CameraPerformance: Launch - InitializeEngine : End[1678809367950] [13]
03-14 17:56:07.952  8608  8608 I Util    : isSecureQuickLaunch=false, isSecureCapture=false, isSecureStillCapture=false, isSecureKeyguardLocked=false
03-14 17:56:07.953  8608  8608 I Camera12: initializeCameraMode : QuickLaunch = false, Secure = false, Knox = false, MultiWindow mode = 0
03-14 17:56:07.953  8608  8608 I ShootingModeProvider: getInitialShootingMode : shootingMode=0, facing=0, getCameraLensType=0
03-14 17:56:07.953  8608  8608 I ShootingModeProvider: initializeCameraId : initialShootingMode=0, facing=0
03-14 17:56:07.953  8608  8608 I CameraSettings: setCameraId : 0
03-14 17:56:07.954  8608  8608 I SettingNotifier: notifySettingChange : key = CAMERA_ID, prevValue = -1, nextValue = 0
03-14 17:56:07.954  8608  8608 I CameraSettings: notifyCameraIdChanged : cameraId=0, facing=0
03-14 17:56:07.954  8608  8608 I CameraPerformance: ShootingMode - CreateShootingMode : Start[1678809367954]
03-14 17:56:07.957  8608  8608 I CameraPerformance: ShootingMode - CreateShootingMode : End[1678809367957] [3]
03-14 17:56:07.958  8608  8608 I CameraSettings: setShootingMode : 0, false
03-14 17:56:07.958  8608  8608 I CameraSettings: handleShootingModeNotifications : 0, 0
03-14 17:56:07.959  8608  8608 I SettingNotifier: notifySettingChange : key = MODE_CUSTOM_SETTING, prevValue = -1, nextValue = 0
03-14 17:56:07.960  8608  8608 I SettingNotifier: notifySettingChange : key = VIDEO_STABILISATION, prevValue = 1, nextValue = 0
03-14 17:56:07.964  5230  5791 D SecContentProvider: query(), uri = 18 selection = isSDCardWriteAllowed
03-14 17:56:07.964  5230  5791 D SecContentProvider: called from com.sec.android.app.camera
03-14 17:56:07.964  5230  5791 D RestrictionPolicy: isSDCardWriteAllowed : true
03-14 17:56:07.965  5230  5791 I CursorWindowStats: Created a new Cursor. # Open Cursors=1 (# cursors opened by pid 8608=1)
03-14 17:56:07.965  5230  5791 D CursorWindow: Writing to parcel: CursorWindow{name=com.android.server.enterprise.content.SecContentProvider, fd=-1, size=16384, inflatedSize=2097152, allocOffset=8, slotsOffset=16368, numRows=1, numColumns=1}
03-14 17:56:07.971  8608  8608 I PreviewLayoutManager: calculatePreviewLayoutRect, x=0, y=176, w=720, h=960, window w=720, h=1600, windowRatio=0.45, previewRatio=1.3333334, getDisplayRotation=0
03-14 17:56:07.971  8608  8649 I StorageUtils: setExternalSDStorageVolume : Start
03-14 17:56:07.973  5230  7316 D SecContentProvider: query(), uri = 15 selection = isCameraEnabled
03-14 17:56:07.973  5230  7316 D SecContentProvider: called from com.sec.android.app.camera
03-14 17:56:07.973  8608  8649 I StorageUtils: setExternalSDStorageVolume : End
03-14 17:56:07.975  8608  8649 I CameraOrientationEventManager: using SemContextListener
03-14 17:56:07.976  5230  7316 D RestrictionPolicy: isCameraEnabled ret(true) userId(0) cxtInfo.mCallerUid(10107) cxtInfo.mContainerId(0)
03-14 17:56:07.977  5230  7316 I CursorWindowStats: Created a new Cursor. # Open Cursors=1 (# cursors opened by pid 8608=1)
03-14 17:56:07.977  5230  7316 D CursorWindow: Writing to parcel: CursorWindow{name=com.android.server.enterprise.content.SecContentProvider, fd=-1, size=16384, inflatedSize=2097152, allocOffset=8, slotsOffset=16368, numRows=1, numColumns=1}
03-14 17:56:07.978  8608  8608 I PermissionUtils: checkAllRuntimePermissions
03-14 17:56:07.982  8608  8608 I CallStateManager: isVTCallOngoing = false
03-14 17:56:07.982  8608  8608 I CommonEngine: getNextCameraId : nextId=0
03-14 17:56:07.982  8608  8608 I CameraPerformance: Launch - StartEngine : Start[1678809367982] - Camera@948552f
03-14 17:56:07.984  8608  8608 I RequestQueue: addRequest : OPEN_CAMERA, 0
03-14 17:56:07.985  8608  8656 I RequestQueue: beforeExecute : OPEN_CAMERA(1000)
03-14 17:56:07.985  8608  8656 I CommonEngine: changeState : IDLE -> OPENING
03-14 17:56:07.985  8608  8656 I RequestQueue: [1000] []
03-14 17:56:07.986  8608  8656 I Request : OpenCameraRequest - Start
03-14 17:56:07.986  8608  8656 I CameraPerformance: Device - OpenCameraRequest : Start[1678809367986] - (ID:0)
03-14 17:56:07.987  8608  8656 I CameraHolder: openCamera
03-14 17:56:07.987  8608  8656 I CameraHolder: openCamera : cameraId = 0, deviceId = 0
03-14 17:56:07.987  8608  8656 I CamDeviceManager: [CAMFWKPI] openCamDevice E - cameraId 0 lastCameraId null
03-14 17:56:07.987  8608  8656 I CamCapability-0: [CAMFWKPI] CamCapability E - 0
03-14 17:56:07.987  8608  8656 I CameraManagerGlobal: Connecting to camera service
03-14 17:56:07.989  8608  8608 I CameraPerformance: Launch - StartEngine : End[1678809367989] [7]
03-14 17:56:07.989  8608  8608 I CommonEngine: changeShootingMode : shootingModeId=0 isFacingSwitch=false
03-14 17:56:07.989  8608  8608 I CommonEngine: getNextCameraId : nextId=0
03-14 17:56:07.989  8608  8608 I RequestQueue: addRequest : STOP_PREVIEW, true
03-14 17:56:07.989  8608  8608 I RequestQueue: addRequest : START_CONNECTING_MAKER
03-14 17:56:07.989  8608  8608 I RequestQueue: addRequest : INITIALIZE_MAKER, 0
03-14 17:56:07.989  8608  8608 I RequestQueue: addRequest : CHANGE_PREVIEW_SURFACE_SIZE, RESOLUTION_4000X3000
03-14 17:56:07.989  8608  8608 I RequestQueue: addRequest : PREPARE_MAKER
03-14 17:56:07.989  8608  8608 I RequestQueue: addRequest : CONNECT_MAKER
03-14 17:56:07.989  8608  8608 I RequestQueue: addRequest : WAIT_PREVIEW_SURFACE
03-14 17:56:07.989  8608  8608 I RequestQueue: addRequest : ADD_PREVIEW_SURFACE
03-14 17:56:07.989  8608  8608 I RequestQueue: addRequest : PREPARE_START_PREVIEW
03-14 17:56:07.989  8608  8608 I RequestQueue: addRequest : START_PREVIEW
03-14 17:56:07.989  8608  8608 I RequestQueue: addRequest : NOTIFY_CHANGE_SHOOTING_MODE_COMPLETED, false
03-14 17:56:07.989  8608  8649 I PictureProcessorManager: PictureProcessorManager
03-14 17:56:07.989  8608  8649 I PictureProcessorManager: initializePPP
03-14 17:56:07.991  8608  8608 W ScoverManager: getCoverState : This device is not supported cover
03-14 17:56:07.991  8608  8608 W ScoverManager: registerListener : This device is not supported cover
03-14 17:56:07.993  4993  5323 D CameraService: addListenerHelper: Add listener 0x739917bd40
03-14 17:56:07.993  4993  5323 W ServiceManager: Permission failure: android.permission.CAMERA_OPEN_CLOSE_LISTENER from uid=10107 pid=8608
03-14 17:56:07.993  4993  5323 D CameraService: addListenerHelper: CameraDeviceState for CameraManager
03-14 17:56:07.995  4884 20545 V APM_AudioPolicyManager: listAudioPorts() role 0 type 0 num_ports 0 ports 0x7240710cb8
03-14 17:56:07.995  4884 20545 V APM_AudioPolicyManager: listAudioPorts() got 0 ports needed 10
03-14 17:56:07.995  4884 20545 V APM_AudioPolicyManager: listAudioPorts() role 0 type 0 num_ports 10 ports 0x722882d240
03-14 17:56:07.995  8608  8623 I CameraManagerGlobal: Camera 0 facing CAMERA_FACING_BACK state now CAMERA_STATE_CLOSED for client android.system API Level 2
03-14 17:56:07.995  4884 20545 V APM_AudioPolicyManager: listAudioPorts() got 10 ports needed 10
03-14 17:56:07.995  8608  8623 I CameraManagerGlobal: Camera 1 facing CAMERA_FACING_FRONT state now CAMERA_STATE_CLOSED for client android.system API Level 2
03-14 17:56:07.996  8608  8623 I CameraManagerGlobal: Camera 2 facing CAMERA_FACING_BACK state now CAMERA_STATE_CLOSED for client android.system API Level 2
03-14 17:56:07.996  8608  8623 I CameraManagerGlobal: Camera 20 facing CAMERA_FACING_BACK state now CAMERA_STATE_CLOSED for client android.system API Level 2
03-14 17:56:07.996  8608  8624 I CameraManagerGlobal: Camera 23 facing CAMERA_FACING_BACK state now CAMERA_STATE_CLOSED for client android.system API Level 2
03-14 17:56:07.996  8608  8624 I CameraManagerGlobal: Camera 3 facing CAMERA_FACING_FRONT state now CAMERA_STATE_CLOSED for client android.system API Level 2
03-14 17:56:07.996  8608  8624 I CameraManagerGlobal: Camera 4 facing CAMERA_FACING_FRONT state now CAMERA_STATE_CLOSED for client android.system API Level 2
03-14 17:56:07.997  8608  8624 I CameraManagerGlobal: Camera 50 facing CAMERA_FACING_BACK state now CAMERA_STATE_CLOSED for client android.system API Level 2
03-14 17:56:07.997  8608  8624 I CameraManagerGlobal: Camera 52 facing CAMERA_FACING_BACK state now CAMERA_STATE_CLOSED for client android.system API Level 2
03-14 17:56:07.997  8608  8624 I CameraManagerGlobal: Camera 54 facing CAMERA_FACING_BACK state now CAMERA_STATE_CLOSED for client android.system API Level 2
03-14 17:56:08.000  8608  8608 I CameraPerformance: Launch - onCreate : End[1678809368000] [144]
03-14 17:56:08.003  8608  8649 W CLog    : Tag(ProcessCallbackSequencer)'s length(24) is longer than limit(23).
03-14 17:56:08.005  8608  8656 I CamCapability-0: CamCapability - getCameraCharacteristics is done
03-14 17:56:08.006  8608  8649 I PostProcessor: PostProcess(context com.sec.android.app.camera.CameraApplication@c080ffc)
03-14 17:56:08.006  8608  8608 I VerificationLog: onResume
03-14 17:56:08.006  8608  8649 I MotionPhotoManager: onCreate
03-14 17:56:08.007  8608  8608 I Camera12: Memory Status: Total memory - 3890925568 Available memory - 1650778112
03-14 17:56:08.007  8608  8608 I CameraPerformance: Launch - onResume : Start[1678809368007] - Camera@948552f
03-14 17:56:08.007  8608  8649 I MotionPhotoManager: init
03-14 17:56:08.008  8608  8649 I DirectBufferPool: bufferPool(hash 143572990), created : bufferPoolSize core 1 max 5
03-14 17:56:08.008  8608  8649 I DirectBufferPool: bufferPool(hash 263934815), created : bufferPoolSize core 1 max 2
03-14 17:56:08.009  8608  8649 I PostProcessThread: bindService
03-14 17:56:08.011  8608  8656 I CamCapability-0: [CAMFWKPI] CamCapability X - 0
03-14 17:56:08.011  8608  8608 W StorageUtils: isExternalSdStorageMounted : mSdStorageVolumePath is null
03-14 17:56:08.011  8608  8608 I CameraDialogManager: checkExternalSdStorage : false
03-14 17:56:08.013  8608  8608 I StorageUtils: setStorageStatus storage : 0, status : 1
03-14 17:56:08.013  8608  8656 I CamDeviceHandlerManager: [CAMFWKPI] startBackgroundHandlerThread E
03-14 17:56:08.013  8608  8656 I CamDeviceHandlerManager: startBackgroundHandlerThread for backgroundHandlerThread
03-14 17:56:08.014  8608  8656 I CamDeviceHandlerManager: startBackgroundHandlerThread for sendSessionCallbackHandlerThread
03-14 17:56:08.015  8608  8656 I CamDeviceHandlerManager: [CAMFWKPI] startBackgroundHandlerThread X
03-14 17:56:08.015  8608  8656 I CamDeviceImpl-0: CamDeviceImpl is created : Id 0, LastId null, IsSupportArCore false
03-14 17:56:08.015  8608  8656 I CamDeviceManager: [CAMFWKPI] OpenCamera E 
03-14 17:56:08.015  5230  5791 V SystemKeyManager: requestSystemKeyEvent() is called keyCode=26 componentName=ComponentInfo{com.sec.android.app.camera/com.sec.android.app.camera.Camera} request=false
03-14 17:56:08.016  5230  5791 V SystemKeyManager: requestSystemKeyEvent() is called keyCode=3 componentName=ComponentInfo{com.sec.android.app.camera/com.sec.android.app.camera.Camera} request=false
03-14 17:56:08.016  5230  5791 V SystemKeyManager: requestSystemKeyEvent() is called keyCode=187 componentName=ComponentInfo{com.sec.android.app.camera/com.sec.android.app.camera.Camera} request=false
03-14 17:56:08.016  5230  5791 V SystemKeyManager: requestSystemKeyEvent() is called keyCode=4 componentName=ComponentInfo{com.sec.android.app.camera/com.sec.android.app.camera.Camera} request=false
03-14 17:56:08.018  8608  8608 I AudioUtil: isForceShutterSoundRequired owner is true : 0
03-14 17:56:08.019  4993  5323 I CameraService: CameraService::connect call (PID -1 "com.sec.android.app.camera", camera ID 0) and Camera API version 2
03-14 17:56:08.020  8608  8608 I AudioUtil: isForcedSoundWaiverCondition : network = [ro], waiver condition = true
03-14 17:56:08.020  8608  8608 I CameraAudioManager: checkForcedShutterSound : result = false
03-14 17:56:08.021  4993  5323 I CameraService: this package does not have to check uid active status.
03-14 17:56:08.023  8608  8608 I CameraPerformance: Launch - onResume : End[1678809368023] [16]
03-14 17:56:08.023  8608  8608 E SystemServiceRegistry: create SemLocationManager service
03-14 17:56:08.025  5230  7316 I EDMNativeHelperService: isCameraEnabled
03-14 17:56:08.025  5230  7316 D EDMNativeHelper: isCameraEnabled
03-14 17:56:08.025  8608  8649 I Core2Provider: delete - uri: content://com.samsung.android.camera.core2/files selection: sef_file_type != 2928 AND datetaken < ?  selArgs[1671033368024]
03-14 17:56:08.025  5230  7316 D EDMNativeHelper: checking for camera in EnterpriseDeviceManagerService
03-14 17:56:08.026  5230  7316 D EnterpriseDeviceManagerService: isCameraEnabledNative
03-14 17:56:08.027  5230  7316 D EnterpriseDeviceManagerService: checking for camera in restriction policy
03-14 17:56:08.027  5230  7316 D RestrictionPolicy: isCameraEnabled ret(true) userId(0) cxtInfo.mCallerUid(10107) cxtInfo.mContainerId(0)
03-14 17:56:08.029  4993  5323 I CameraService: CameraService::validateClientPermissionsLocked is ok : calling pid 8608, calling uid 10107, client com.sec.android.app.camera , cameraservice pid=4993, device user 0, currently allowed device users: 0
03-14 17:56:08.029  4993  5323 I CameraService: CameraService::handleEvictionsLocked
03-14 17:56:08.033  4993  5323 I CameraService: wouldEvictLocked: [incoming client] owner = 8608, priority-score=0, cost=51, returnIncompatibleClients=false
03-14 17:56:08.033  4993  5323 I CameraService: wouldEvictLocked: [cost info] current cost=0, adding cost=51, total cost=51, max cost=100
03-14 17:56:08.033  4993  5323 I CameraService: wouldEvictLocked: [highestPriority] owner=8608, score=0
03-14 17:56:08.033  4993  5323 I CameraFlashlight: prepareDeviceOpen: prepare for device open(cameraId=0)
03-14 17:56:08.037  8608  8649 I PostProcessDBHelper: clearExpiredData - delete count: 0
03-14 17:56:08.038  8608  8649 I BroadcastUtil: sendAppInAppBroadcast
03-14 17:56:08.039  8608  8649 I BroadcastUtil: sendCameraStartBroadcast
03-14 17:56:08.039  8608  8650 I BroadcastUtil: sendAppInAppBroadcast : Start
03-14 17:56:08.039  8608  8649 I BroadcastUtil: notifyCameraInfo
03-14 17:56:08.039  8608  8674 W PostProcessThread: PostProcessThread - run thread
03-14 17:56:08.040  8608  8608 I DecorView: notifyKeepScreenOnChanged: keepScreenOn=true
03-14 17:56:08.040  8608  8674 W PostProcessThread: PostProcessThread - waitAndGetRequest await
03-14 17:56:08.040  8608  8650 I BroadcastUtil: sendAppInAppBroadcast : End
03-14 17:56:08.040  8608  8650 I BroadcastUtil: sendCameraStartBroadcast : Start
03-14 17:56:08.041  8608  8649 I Camera12: stopInactivityTimer
03-14 17:56:08.041  8608  8650 I BroadcastUtil: sendCameraStartBroadcast : End
03-14 17:56:08.041  8608  8650 I BroadcastUtil: notifyCameraInfo : Start
03-14 17:56:08.043  8608  8650 I BroadcastUtil: notifyCameraInfo : End
03-14 17:56:08.043  4993  5323 D Camera3-RequestInjector: RequestInjector[0] Mapper created
03-14 17:56:08.044  5230  7316 W WindowManager: Failed looking up window session=Session{cfde7eb 8608:u0a10107} callers=com.android.server.wm.WindowManagerService.windowForClientLocked:6320 com.android.server.wm.Session.insetsModified:700 android.view.IWindowSession$Stub.onTransact:1256 
03-14 17:56:08.044  5230  5245 D InputTransport: Input channel constructed: 'a98b506', fd=1091
03-14 17:56:08.044  5230  5245 D InputTransport: Input channel constructed: 'a98b506', fd=1108
03-14 17:56:08.044  5230  5245 D InputTransport: Input channel constructed: 'a98b506', fd=1117
03-14 17:56:08.044 29831 29914 I SystemBroadcastReceiver: [#CMH#] onReceive completed :  0
03-14 17:56:08.045  5230  7316 D WifiDisplayAdapter: getWifiDisplayStatusLocked: result=WifiDisplayStatus{featureState=1, scanState=0, activeDisplayState=0, activeDisplay=null, displays=[]}
03-14 17:56:08.045 29831 29831 I a       : [#CMH#] onReceive action = EVENT_CAMERA_ON
03-14 17:56:08.047  4888  4919 I SurfaceFlinger: id=25310 createSurf (0x0),-1 flag=80004, a98b506 com.sec.android.app.camera/com.sec.android.app.camera.Camera#0
03-14 17:56:08.048  4993  5323 I Camera2ClientBase: Camera 0: Opened. Client: com.sec.android.app.camera (PID 8608, UID 10107)
03-14 17:56:08.048  4993  5323 I CameraDeviceClient: CameraDeviceClient 0: Opened
03-14 17:56:08.048  4993  5323 I CameraService: isSamsungCamera: this package is Samsung app: true
03-14 17:56:08.049  5230  5245 D InputTransport: Input channel destroyed: 'a98b506', fd=1117
03-14 17:56:08.051  4993  5323 I CameraService: service.camera.client set to com.sec.android.app.camera
03-14 17:56:08.052  7234  7234 I GsaVoiceInteractionSrv: Handling ACTION_STOP_HOTWORD
03-14 17:56:08.052  8608  8608 I ViewRootImpl@cf6d370[Camera]: setView = com.android.internal.policy.DecorView@ce3f82 TM=true
03-14 17:56:08.052  7234  7685 I HwDetectorWithState: (REDACTED) a: %d
03-14 17:56:08.052  4993  5323 I CameraService: startCameraOps: Start camera ops, package name = com.sec.android.app.camera, client UID = 10107
03-14 17:56:08.056  8608  8608 I Camera12: onTopResumedActivityChanged : isTopResumedActivity=true, Camera@948552f
03-14 17:56:08.056  4993  5323 I CameraService: increaseCamConnRef: ref=1
03-14 17:56:08.057  4993  5323 I CameraService: increaseCamConnRef: service.camera.running set to 1
03-14 17:56:08.058  4993  5323 I CameraService: onTorchStatusChangedLocked: Torch status changed for cameraId=0, newStatus=0
03-14 17:56:08.059  8608  8608 I SurfaceView@fae9691: onWindowVisibilityChanged(0) true android.view.SurfaceView{fae9691 V.E...... ......I. 0,0-0,0 #7f0a00cf app:id/camera_preview} of ViewRootImpl@cf6d370[Camera]
03-14 17:56:08.059  5569  5584 I CameraManagerGlobal: postSingleTorchUpdate device: camera id 0 status 0
03-14 17:56:08.059  7259   426 I CameraManagerGlobal: postSingleUpdate device: camera id 20 status STATUS_NOT_AVAILABLE
03-14 17:56:08.059  7259   426 I CameraManagerGlobal: postSingleUpdate device: camera id 20 status STATUS_NOT_AVAILABLE
03-14 17:56:08.059  7259   426 I CameraManagerGlobal: postSingleUpdate device: camera id 23 status STATUS_NOT_AVAILABLE
03-14 17:56:08.059  7259   426 I CameraManagerGlobal: postSingleUpdate device: camera id 23 status STATUS_NOT_AVAILABLE
03-14 17:56:08.060  7259   426 I CameraManagerGlobal: postSingleUpdate device: camera id 0 status STATUS_NOT_AVAILABLE
03-14 17:56:08.060  4993  5323 D Camera3-Device: CameraPerf: initialize E
03-14 17:56:08.060  7259   426 I CameraManagerGlobal: postSingleUpdate device: camera id 0 status STATUS_NOT_AVAILABLE
03-14 17:56:08.060  4993  5323 D Camera3-Device: initialize: mInterfaceLock.lock()
03-14 17:56:08.061  5230  5245 V WindowManager: Relayout Window{a98b506 u0 com.sec.android.app.camera/com.sec.android.app.camera.Camera}: viewVisibility=0 req=720x1600 d0
03-14 17:56:08.061  8608  8649 I MediaRouter: Skip setBluetoothA2dpOn(): types=8388615, isPlaybackActive()=false, BT route=null
03-14 17:56:08.061  5230  7316 D WifiDisplayAdapter: getWifiDisplayStatusLocked: result=WifiDisplayStatus{featureState=1, scanState=0, activeDisplayState=0, activeDisplay=null, displays=[]}
03-14 17:56:08.061  4993  5323 D CameraProviderManager: CameraPerf: openSession E
03-14 17:56:08.062  4888  4919 I SurfaceFlinger: id=25311 createSurf (1x1),-3 flag=40004, com.sec.android.app.camera/com.sec.android.app.camera.Camera$_8608#0
03-14 17:56:08.062  5569  5986 I CameraManagerGlobal: onTorchModeUnavailable
03-14 17:56:08.062  5569  5986 D Tile.FlashlightTile: cancelNotification!!!
03-14 17:56:08.063  5230  5245 D WindowManager: makeSurface duration=2 name=com.sec.android.app.camera/com.sec.android.app.camera.Camera$_8608
03-14 17:56:08.063  5230  5925 D SettingsProvider: isChangeAllowed() : name = flashlight_available
03-14 17:56:08.063  5230  5925 D SettingsProvider: edmUri: content://com.sec.knox.provider/RestrictionPolicy3
03-14 17:56:08.064  5230  5925 D SettingsProvider: projectionArgs: isSettingsChangesAllowed
03-14 17:56:08.064  5230  5925 D SettingsProvider: selectionArgs: false
03-14 17:56:08.064  5230  7316 D WifiDisplayAdapter: getWifiDisplayStatusLocked: result=WifiDisplayStatus{featureState=1, scanState=0, activeDisplayState=0, activeDisplay=null, displays=[]}
03-14 17:56:08.064  5230  5925 D SettingsProvider: selectionArgs: 10118
03-14 17:56:08.064  5230  5925 D SecContentProvider: query(), uri = 17 selection = isSettingsChangesAllowed
03-14 17:56:08.064  5230  7316 D WifiDisplayAdapter: getWifiDisplayStatusLocked: result=WifiDisplayStatus{featureState=1, scanState=0, activeDisplayState=0, activeDisplay=null, displays=[]}
03-14 17:56:08.064  5230  5925 D SecContentProvider: called from android.uid.systemui:10118
03-14 17:56:08.065  5230  5925 D RestrictionPolicy: isSettingsChangesAllowedAsUser, userId 0 : true
03-14 17:56:08.065  5230  5925 D SettingsProvider: ret = 1
03-14 17:56:08.065  8608  8649 I Camera12: startInactivityTimer
03-14 17:56:08.065  8608  8649 I CallStateManager: registerCallStateListeners
03-14 17:56:08.066  5230  5925 I GenerationRegistry: mBackingStore.isClosed() : false
03-14 17:56:08.067  5230  5245 V WindowManager: Changing focus from null to Window{a98b506 u0 com.sec.android.app.camera/com.sec.android.app.camera.Camera} displayId=0 Callers=com.android.server.wm.RootWindowContainer.updateFocusedWindowLocked:583 com.android.server.wm.WindowManagerService.updateFocusedWindowLocked:6496 com.android.server.wm.WindowManagerService.relayoutWindow:2769 com.android.server.wm.Session.relayout:242 
03-14 17:56:08.067  5230  5245 D MARsPolicyManager: onPackageResumedFG pkgName = com.sec.android.app.camera, userId = 0
03-14 17:56:08.067  5230  5245 I WindowManager: Cancelling animation restarting=true, leash=Surface(name=Surface(name=f3252a7 StatusBar)/@0x2ce4040 - animation-leash of insets_animation)/@0x2e16bda
03-14 17:56:08.067  5230  5245 I WindowManager: Reparenting to original parent: Surface(name=WindowToken{fb57caf android.os.BinderProxy@c6e2489})/@0xae50b79, destroy=false, surface=Surface(name=f3252a7 StatusBar)/@0x2ce4040
03-14 17:56:08.067  5230  5245 I WindowManager: Reparenting to leash, surface=Surface(name=f3252a7 StatusBar)/@0x2ce4040, leashParent=Surface(name=WindowToken{fb57caf android.os.BinderProxy@c6e2489})/@0xae50b79
03-14 17:56:08.068  4888  4919 I SurfaceFlinger: id=25312 createSurf (0x0),-1 flag=24000, Surface(name=f3252a7 StatusBar)/@0x2ce4040 - animation-leash of insets_animation#1
03-14 17:56:08.069  5230  5245 D WindowManager: makeSurface duration=1 leash=Surface(name=Surface(name=f3252a7 StatusBar)/@0x2ce4040 - animation-leash of insets_animation)/@0x6d3d478
