03-14 17:56:30.249  4888  4888 I SurfaceFlinger: id=25350 Removed Surface(name=f3252a7 StatusBar)/@0x2ce4040 - animation-leash of insets_animation#1 (121)
03-14 17:56:30.249  4888  4888 I SurfaceFlinger: id=25351 Removed Surface(name=d0ab725 NavigationBar0)/@0x946951f - animation-leash of insets_animation#1 (121)
03-14 17:56:30.249  4888  4888 I Layer   : id=25350 Destroyed Surface(name=f3252a7 StatusBar)/@0x2ce4040 - animation-leash of insets_animation#1
03-14 17:56:30.249  4888  4888 I Layer   : id=25351 Destroyed Surface(name=d0ab725 NavigationBar0)/@0x946951f - animation-leash of insets_animation#1
03-14 17:56:30.250  5230  5375 D InputDispatcher: Focus request (0): 94e6ed com.netflix.mediaclient/com.netflix.mediaclient.ui.launch.UIWebViewActivity but waiting because NOT_VISIBLE
03-14 17:56:30.270  9257  9306 D ViewRootImpl@1244308[UIWebViewActivity]: Received frameCompleteCallback  lastAcquiredFrameNum=1 lastAttemptedDrawFrameNum=1
03-14 17:56:30.274  9257  9257 I ViewRootImpl@1244308[UIWebViewActivity]: [DP] pdf(0) 1 android.view.ViewRootImpl.lambda$addFrameCompleteCallbackIfNeeded$3$ViewRootImpl:4995 android.view.ViewRootImpl$$ExternalSyntheticLambda16.run:6 android.os.Handler.handleCallback:938 
03-14 17:56:30.274  9257  9257 I ViewRootImpl@1244308[UIWebViewActivity]: [DP] rdf()
03-14 17:56:30.274  9257  9257 D ViewRootImpl@1244308[UIWebViewActivity]: reportDrawFinished (fn: -1) 
03-14 17:56:30.274  9257  9257 I PlayCore: UID: [10184]  PID: [9257] SplitInstallListenerRegistry : registerListener
03-14 17:56:30.274  5230  5375 D WindowManager: finishDrawingWindow: Window{94e6ed u0 com.netflix.mediaclient/com.netflix.mediaclient.ui.launch.UIWebViewActivity} mDrawState=DRAW_PENDING
03-14 17:56:30.274  9257  9257 V MediaRouter: Selecting route: RouteInfo{ name=Phone, description=null, status=null, category=RouteCategory{ name=System types=ROUTE_TYPE_LIVE_AUDIO ROUTE_TYPE_LIVE_VIDEO  groupable=false }, supportedTypes=ROUTE_TYPE_LIVE_AUDIO ROUTE_TYPE_LIVE_VIDEO , presentationDisplay=null }
03-14 17:56:30.276  9257  9257 D MediaRouteProviderProxy: Service connection com.google.android.gms/.cast.media.CastMediaRouteProviderService_Persistent: Starting
03-14 17:56:30.276  9257  9257 D MediaRouter: Provider added: MediaRouter.RouteProviderInfo{ packageName=com.google.android.gms }
03-14 17:56:30.277  5230  5256 I SemDvfsHyPerManager: acquire hyper - AMS_RESUME_TAIL/5230@15, type = -999
03-14 17:56:30.277  5230  5256 I SemDvfsHyPerManager: acquire hyper - AMS_ACT_LAZY/5230@16, type = -999
03-14 17:56:30.277  5230  5256 D ActivityManagerPerformance: AMP_acquire() TAIL
03-14 17:56:30.277  5230  5256 D ActivityManagerPerformance: AMP_release() APP_SWITCH
03-14 17:56:30.277  4860  4902 I HYPER-HAL: [RequestManager.cpp]acquire(): Acquired ID : 13757650  [5230 / 15]    HINT : AMS_RESUME_TAIL    list : 
03-14 17:56:30.278  4860  4902 I HYPER-HAL: [RequestManager.cpp]releaseLocked(): Released ID : 13804909
03-14 17:56:30.278  9257  9257 D CronetProvider: Tried to load org.chromium.net.impl.JavaCronetProvider provider class but it wasn't included in the app classpath
03-14 17:56:30.279  5230  5256 I WindowManager: Reparenting to leash, surface=Surface(name=94e6ed com.netflix.mediaclient/com.netflix.mediaclient.ui.launch.UIWebViewActivity)/@0x685bc9c, leashParent=Surface(name=ActivityRecord{aebb302 u0 com.netflix.mediaclient/.ui.launch.UIWebViewActivity t11419})/@0x31106a5
03-14 17:56:30.280  4888  4920 I SurfaceFlinger: id=25356 createSurf (0x0),-1 flag=24000, Surface(name=94e6ed com.netflix.mediaclient/com.netflix.mediaclient.ui.launch.UIWebViewActivity)/@0x685bc9c - animation-leash of starting_reveal#0
03-14 17:56:30.281  5230  5256 D WindowManager: makeSurface duration=1 leash=Surface(name=Surface(name=94e6ed com.netflix.mediaclient/com.netflix.mediaclient.ui.launch.UIWebViewActivity)/@0x685bc9c - animation-leash of starting_reveal)/@0x6e44a7a
03-14 17:56:30.281 27628 28567 I CursorWindowStats: Created a new Cursor. # Open Cursors=1 (# cursors opened by pid 9257=1)
03-14 17:56:30.281 27628 28567 D CursorWindow: Writing to parcel: CursorWindow{name=com.google.android.gms.chimera.container.GmsModuleProvider, fd=-1, size=16384, inflatedSize=2097152, allocOffset=360, slotsOffset=16208, numRows=1, numColumns=11}
03-14 17:56:30.281  9257  9257 D CursorWindow: Created from parcel: CursorWindow{name=com.google.android.gms.chimera.container.GmsModuleProvider, fd=-1, size=536, inflatedSize=536, allocOffset=0, slotsOffset=0, numRows=1, numColumns=11}
03-14 17:56:30.281  9257  9257 I DynamiteModule: Considering local module com.google.android.gms.cronet_dynamite:0 and remote module com.google.android.gms.cronet_dynamite:2011
03-14 17:56:30.281  9257  9257 I DynamiteModule: Selected remote version of com.google.android.gms.cronet_dynamite, version >= 2011
03-14 17:56:30.281  9257  9257 V DynamiteModule: Dynamite loader version >= 2, using loadModule2NoCrashUtils
03-14 17:56:30.282  5970  5970 I ViewRootImpl@51efc74[LauncherActivity]: stopped(true) old=false
03-14 17:56:30.283  5970  5970 I BaseActivity: removeActivityFlags, flags : 17
03-14 17:56:30.283  5230  5375 D InputDispatcher: Focus entered window (0): 94e6ed com.netflix.mediaclient/com.netflix.mediaclient.ui.launch.UIWebViewActivity
03-14 17:56:30.283  4888  6645 I SurfaceFlinger: id=25338 Removed OneUiHome-BlurLayer#0 (120)
03-14 17:56:30.284  5970  5970 I StateManager: goToState isInState Normal
03-14 17:56:30.284  5230  5252 E libperflog: [LIBPERFLOG] socket_local_client fail = -1
03-14 17:56:30.284  5230  5252 D [secipm]: mSecIpmManager report to nap
03-14 17:56:30.284  5230  5252 I PkgPredictorService-SecIpmManagerServiceImpl: reportToNAP uid:10184 com.netflix.mediaclient/com.netflix.mediaclient.ui.launch.UIWebViewActivity thisTime:744
03-14 17:56:30.284  5970  5970 W LauncherAppWidgetHost: setShouldListenFlag, mFlags:7 flag:start on:false isFront:false
03-14 17:56:30.284  5970  6134 I IMM_LC  : hsifw() - flags=0, caller=android.view.inputmethod.InputMethodManager.hideSoftInputFromWindow:1846 android.view.inputmethod.InputMethodManager.hideSoftInputFromWindow:1815 com.android.launcher3.util.UiThreadHelper$UiCallbacks.handleMessage:103 android.os.Handler.dispatchMessage:102 android.os.Looper.loopOnce:226 
03-14 17:56:30.284  5970  6134 I IMM_LC  : hideSoftInputFromWindow - mService.hideSoftInput
03-14 17:56:30.284  5230  5519 D InputMethodManagerService: hideSoftInput
03-14 17:56:30.284  5230  5519 V InputMethodManagerService: Client requesting input be hidden
03-14 17:56:30.284  5230  5519 V InputMethodManagerService: hideCurrentInputLocked : shouldHideSoftInput is false
03-14 17:56:30.285  5230  5375 I AppWidgetServiceImpl: stopListening callbacks : null
03-14 17:56:30.285  5970  5970 W LauncherAppWidgetHost: stopListening, mFlags:2 isFront:false
03-14 17:56:30.285  5970  5970 W Launcher.NotificationListener: removeNotificationsChangedListener
03-14 17:56:30.285  5970  5970 I BadgeCountUpdaterImpl: onNotificationsChangedDisConnected
03-14 17:56:30.285  5970  5970 I Launcher.NotificationListener: unregisterObserver, this is not notificationService!!
03-14 17:56:30.285  9257  9257 W ziparchive: Unable to open '/data/user_de/0/com.google.android.gms/app_chimera/m/00000126/CronetDynamite.dm': No such file or directory
03-14 17:56:30.285  9257  9257 W ziparchive: Unable to open '/data/user_de/0/com.google.android.gms/app_chimera/m/00000126/CronetDynamite.dm': No such file or directory
03-14 17:56:30.286  5970  6134 I LiveIconUpdateEventHandler: LiveIcon onStop
03-14 17:56:30.287  5970  6134 I LiveIconUpdateEventHandler: cancelMinuteChangeAlarm
03-14 17:56:30.287  5230  5375 D SamsungAlarmManager: Cancel Alarm calling from uid:10088 pid :5970 / OP:PendingIntent{1800688: PendingIntentRecord{1a592b5 com.sec.android.app.launcher broadcastIntent}}
03-14 17:56:30.288  5230  5375 V SamsungAlarmManager: setLocked to kernel - W:691253755, now=691250406
03-14 17:56:30.289  5970  6134 I LiveIconUpdateEventHandler: cancelDateChangeAlarm
03-14 17:56:30.290  5230  5681 D SamsungAlarmManager: Cancel Alarm calling from uid:10088 pid :5970 / OP:PendingIntent{ab06821: PendingIntentRecord{573e566 com.sec.android.app.launcher broadcastIntent}}
03-14 17:56:30.290  5230  5681 V SamsungAlarmManager: setLocked to kernel - W:691253755, now=691250408
03-14 17:56:30.291  5970  6134 I LiveIconUpdateEventHandler: unregisterReceiver
03-14 17:56:30.291  5230  5252 I ActivityTaskManager: Displayed com.netflix.mediaclient/.ui.launch.UIWebViewActivity: +744ms
03-14 17:56:30.291  5230  5252 I Pageboost: Launch time gathered : pid 9257 com.netflix.mediaclient 744
03-14 17:56:30.292  6764  6764 E pageboostd: Received HALT command code 2
03-14 17:56:30.293  4888  4888 D SurfaceFlinger: Display 0 HWC layers:
03-14 17:56:30.293  4888  4888 D SurfaceFlinger:      DEVICE | 0x7963c2d3c0 | 0102 | RGBA_8888    |    0.0    0.0  720.0 1600.0 |    0    0  720 1600 | com.netflix.mediaclient/com.netflix.[...].ui.launch.UIWebViewActivity$_9257#0
03-14 17:56:30.293  4888  4888 D SurfaceFlinger:      DEVICE | 0x797b6b66c0 | 0100 | RGBA_8888    |    0.0    0.0  720.0 1600.0 |    0    0  720 1600 | Splash Screen com.netflix.mediaclient$_5569#0
03-14 17:56:30.293  4888  4888 D SurfaceFlinger:      DEVICE | 0x7963c2fbc0 | 0100 | RGBA_8888    |    0.0    0.0  720.0   68.0 |    0    0  720   68 | StatusBar$_5569#0
03-14 17:56:30.293  4888  4888 D SurfaceFlinger:      DEVICE | 0x797b6b61c0 | 0100 | RGBA_8888    |    0.0    0.0  720.0   84.0 |    0 1516  720 1600 | NavigationBar0$_5569#0
03-14 17:56:30.293  4888  4888 D SurfaceFlinger: 
03-14 17:56:30.294  9257  9257 D CronetEngine: Using '[class=com.netflix.mediaclient.net.NetflixCronetProvider, name=NetflixCronetProvider, version=9999.0.0.0, enabled=true]' provider for creating CronetEngine.Builder.
03-14 17:56:30.296  9257  9325 I PlayCore: UID: [10184]  PID: [9257] SplitInstallInfoProvider : App has no fused modules.
03-14 17:56:30.297  9257  9325 I PlayCore: UID: [10184]  PID: [9257] SplitInstallInfoProvider : Adding splits from package manager: [config.arm64_v8a, config.en, config.xhdpi, partnermodule, partnermodule.config.en, partnermodule.config.xhdpi, voip, voip.config.arm64_v8a, voip.config.xhdpi]
03-14 17:56:30.297  9257  9325 I PlayCore: UID: [10184]  PID: [9257] SplitInstallInfoProvider : App has no fused modules.
03-14 17:56:30.297  9257  9325 I PlayCore: UID: [10184]  PID: [9257] SplitInstallInfoProvider : Adding splits from package manager: [config.arm64_v8a, config.en, config.xhdpi, partnermodule, partnermodule.config.en, partnermodule.config.xhdpi, voip, voip.config.arm64_v8a, voip.config.xhdpi]
03-14 17:56:30.300  5569  6268 I ViewRootImpl@afa882e[mediaclient]: mWNT: t = android.view.SurfaceControl$Transaction@5bf6f06 fN = 2 android.view.SyncRtSurfaceTransactionApplier.applyTransaction:94 android.view.SyncRtSurfaceTransactionApplier.lambda$scheduleApply$0$SyncRtSurfaceTransactionApplier:71 android.view.SyncRtSurfaceTransactionApplier$$ExternalSyntheticLambda0.onFrameDraw:4 
03-14 17:56:30.300  5569  6268 I ViewRootImpl@afa882e[mediaclient]: mWNT: merge t to BBQ
03-14 17:56:30.300  5569  6268 I ViewRootImpl@afa882e[mediaclient]: mWNT: t = android.view.SurfaceControl$Transaction@afa49c7 fN = 2 android.view.SyncRtSurfaceTransactionApplier.applyTransaction:94 android.view.SyncRtSurfaceTransactionApplier.lambda$scheduleApply$0$SyncRtSurfaceTransactionApplier:71 android.view.SyncRtSurfaceTransactionApplier$$ExternalSyntheticLambda0.onFrameDraw:4 
03-14 17:56:30.300  5569  6268 I ViewRootImpl@afa882e[mediaclient]: mWNT: merge t to BBQ
03-14 17:56:30.301  5230  5519 E WindowManager: win=Window{8ef1baa u0 com.sec.android.app.launcher/com.sec.android.app.launcher.activities.LauncherActivity} destroySurfaces: appStopped=true win.mWindowRemovalAllowed=false win.mRemoveOnExit=false win.mViewVisibility=8 caller=com.android.server.wm.ActivityRecord.destroySurfaces:5867 com.android.server.wm.ActivityRecord.destroySurfaces:5848 com.android.server.wm.ActivityRecord.notifyAppStopped:5912 com.android.server.wm.ActivityRecord.activityStopped:6554 com.android.server.wm.ActivityClientController.activityStopped:254 android.app.IActivityClientController$Stub.onTransact:596 com.android.server.wm.ActivityClientController.onTransact:130 
03-14 17:56:30.301  5230  5519 I WindowManager: Destroying surface Surface(name=com.sec.android.app.launcher/com.sec.android.app.launcher.activities.LauncherActivity$_5970)/@0xa530334 called by com.android.server.wm.WindowStateAnimator.destroySurface:987 com.android.server.wm.WindowStateAnimator.destroySurfaceLocked:518 com.android.server.wm.WindowState.destroySurfaceUnchecked:4246 com.android.server.wm.WindowState.destroySurface:4220 com.android.server.wm.ActivityRecord.destroySurfaces:5867 com.android.server.wm.ActivityRecord.destroySurfaces:5848 com.android.server.wm.ActivityRecord.notifyAppStopped:5912 com.android.server.wm.ActivityRecord.activityStopped:6554 
03-14 17:56:30.307  5230  5519 I AppOps  : updateUidProcState uid: 10196 procState: 5 capability:15
03-14 17:56:30.307  5230  5519 I ActivityManager: Changes in 10088 2 to 5, 15 to 8
03-14 17:56:30.308  5230  5253 D NetworkPolicy: onUidStateChanged() uid: 10088, isForeground(true, 5)
03-14 17:56:30.315  4888  4888 I Layer   : id=25335 removeFromCurrentState com.sec.android.app.launcher/com.sec.android.app.launcher.activities.LauncherActivity$_5970#0 (120)
03-14 17:56:30.315  4888  4888 I Layer   : id=25338 removeFromCurrentState OneUiHome-BlurLayer#0 (120)
03-14 17:56:30.315  4888  4888 I SurfaceFlinger: id=25335 Removed com.sec.android.app.launcher/com.sec.android.app.launcher.activities.LauncherActivity$_5970#0 (120)
03-14 17:56:30.316  4888  4888 I Layer   : id=25335 Destroyed com.sec.android.app.launcher/com.sec.android.app.launcher.activities.LauncherActivity$_5970#0
03-14 17:56:30.316  4888  4888 I Layer   : id=25338 Destroyed OneUiHome-BlurLayer#0
03-14 17:56:30.316  5569  6269 I ViewRootImpl@afa882e[mediaclient]: mWNT: t = android.view.SurfaceControl$Transaction@5f63bf4 fN = 3 android.view.SyncRtSurfaceTransactionApplier.applyTransaction:94 android.view.SyncRtSurfaceTransactionApplier.lambda$scheduleApply$0$SyncRtSurfaceTransactionApplier:71 android.view.SyncRtSurfaceTransactionApplier$$ExternalSyntheticLambda0.onFrameDraw:4 
03-14 17:56:30.316  5569  6269 I ViewRootImpl@afa882e[mediaclient]: mWNT: merge t to BBQ
03-14 17:56:30.323  9257  9257 I cr_CronetLibraryLoader: Cronet version: 101.0.4951.41, arch: aarch64
03-14 17:56:30.324  9257  9333 D ConnectivityManager: StackLog: [android.net.ConnectivityManager.sendRequestForNetwork(ConnectivityManager.java:4191)] [android.net.ConnectivityManager.registerDefaultNetworkCallbackForUid(ConnectivityManager.java:4755)] [android.net.ConnectivityManager.registerDefaultNetworkCallback(ConnectivityManager.java:4722)] [org.chromium.base.compat.ApiHelperForO.registerDefaultNetworkCallback(:139)] [org.chromium.net.NetworkChangeNotifierAutoDetect$ConnectivityManagerDelegate.registerDefaultNetworkCallback(:406)] [org.chromium.net.NetworkChangeNotifierAutoDetect.register(:1057)] [org.chromium.net.NetworkChangeNotifierAutoDetect$RegistrationPolicy.register(:827)] [org.chromium.net.RegistrationPolicyAlwaysRegister.init(:15)] [org.chromium.net.NetworkChangeNotifierAutoDetect.<init>(:979)] [org.chromium.net.NetworkChangeNotifier.setAutoDetectConnectivityStateInternal(:188)] [org.chromium.net.NetworkChangeNotifier.registerToReceiveNotificationsAlways(:165)] [org.chromium.net.impl.CronetLibraryLoader.ensureInitializedOnInitThread(:113)] [org.chromium.net.impl.CronetLibraryLoader$1.run(:63)]
03-14 17:56:30.327  5230  5375 D ConnectivityService: requestNetwork for uid/pid:10184/9257 activeRequest: null callbackRequest: 2953 [NetworkRequest [ REQUEST id=2954, [ Capabilities: INTERNET&NOT_RESTRICTED&TRUSTED&NOT_VCN_MANAGED Uid: 10184 RequestorUid: 10184 RequestorPkg: com.netflix.mediaclient UnderlyingNetworks: Null] ]] callback flags: 0 order: 2147483647
03-14 17:56:30.327  5230  5419 D ConnectivityService:    accepting network in place of null
03-14 17:56:30.329  9257  9333 D ConnectivityManager: StackLog: [android.net.ConnectivityManager.sendRequestForNetwork(ConnectivityManager.java:4191)] [android.net.ConnectivityManager.sendRequestForNetwork(ConnectivityManager.java:4233)] [android.net.ConnectivityManager.registerNetworkCallback(ConnectivityManager.java:4615)] [org.chromium.base.compat.ApiHelperForO.registerNetworkCallback(:113)] [org.chromium.net.NetworkChangeNotifierAutoDetect$ConnectivityManagerDelegate.registerNetworkCallback(:393)] [org.chromium.net.NetworkChangeNotifierAutoDetect.register(:1080)] [org.chromium.net.NetworkChangeNotifierAutoDetect$RegistrationPolicy.register(:827)] [org.chromium.net.RegistrationPolicyAlwaysRegister.init(:15)] [org.chromium.net.NetworkChangeNotifierAutoDetect.<init>(:979)] [org.chromium.net.NetworkChangeNotifier.setAutoDetectConnectivityStateInternal(:188)] [org.chromium.net.NetworkChangeNotifier.registerToReceiveNotificationsAlways(:165)] [org.chromium.net.impl.CronetLibraryLoader.ensureInitializedOnInitThread(:113)] [org.chromium.net.impl.CronetLibraryLoader$1.run(:63)]
03-14 17:56:30.330  5230  5409 D WifiNetworkFactory: got request NetworkRequest [ REQUEST id=2954, [ Capabilities: INTERNET&NOT_RESTRICTED&TRUSTED&NOT_VCN_MANAGED Uid: 10184 RequestorUid: 10184 RequestorPkg: com.netflix.mediaclient UnderlyingNetworks: Null] ]
03-14 17:56:30.330  5230  5409 V WifiNetworkFactory: Accepted network request NetworkRequest [ REQUEST id=2954, [ Capabilities: INTERNET&NOT_RESTRICTED&TRUSTED&NOT_VCN_MANAGED Uid: 10184 RequestorUid: 10184 RequestorPkg: com.netflix.mediaclient UnderlyingNetworks: Null] ]
03-14 17:56:30.330  5230  5409 D UntrustedWifiNetworkFactory: got request NetworkRequest [ REQUEST id=2954, [ Capabilities: INTERNET&NOT_RESTRICTED&TRUSTED&NOT_VCN_MANAGED Uid: 10184 RequestorUid: 10184 RequestorPkg: com.netflix.mediaclient UnderlyingNetworks: Null] ]
03-14 17:56:30.331  5230  5409 D OemPaidWifiNetworkFactory: got request NetworkRequest [ REQUEST id=2954, [ Capabilities: INTERNET&NOT_RESTRICTED&TRUSTED&NOT_VCN_MANAGED Uid: 10184 RequestorUid: 10184 RequestorPkg: com.netflix.mediaclient UnderlyingNetworks: Null] ]
03-14 17:56:30.331  5230  5419 D ConnectivityService: Rematched networks [computed 1ms] [applied 0ms] [issued 3]
03-14 17:56:30.331  5230  5419 D ConnectivityService: NetworkReassignment :
03-14 17:56:30.331  5230  5419 D ConnectivityService:   2954 : null b 180
03-14 17:56:30.333  5569  6268 I ViewRootImpl@afa882e[mediaclient]: mWNT: t = android.view.SurfaceControl$Transaction@2d40f1d fN = 4 android.view.SyncRtSurfaceTransactionApplier.applyTransaction:94 android.view.SyncRtSurfaceTransactionApplier.lambda$scheduleApply$0$SyncRtSurfaceTransactionApplier:71 android.view.SyncRtSurfaceTransactionApplier$$ExternalSyntheticLambda0.onFrameDraw:4 
03-14 17:56:30.333  5569  6268 I ViewRootImpl@afa882e[mediaclient]: mWNT: merge t to BBQ
03-14 17:56:30.333  9257  9335 V SQLiteTime: /data/user/0/com.netflix.mediaclient/databases/OfflineDb: "PRAGMA page_size" took 0.000 ms
03-14 17:56:30.334  9257  9335 V SQLiteTime: /data/user/0/com.netflix.mediaclient/databases/OfflineDb: "PRAGMA foreign_keys" took 0.000 ms
03-14 17:56:30.337  5230  5419 D ConnectivityService: Rematched networks [computed 0ms] [applied 1ms] [issued 2]
03-14 17:56:30.338  5230  5419 D ConnectivityService: NetworkReassignment : no changes
03-14 17:56:30.338  5230  5791 D SamsungAlarmManager: Cancel Alarm calling from uid:10184 pid :9257 / OP:PendingIntent{fa3e61e: PendingIntentRecord{21a4eff com.netflix.mediaclient startService}}
03-14 17:56:30.340  9257  9335 V SQLiteTime: /data/user/0/com.netflix.mediaclient/databases/OfflineDb: "PRAGMA journal_mode" took 0.000 ms
03-14 17:56:30.340  9257  9335 V SQLiteTime: /data/user/0/com.netflix.mediaclient/databases/OfflineDb: "PRAGMA synchronous" took 0.000 ms
03-14 17:56:30.341  9257  9257 D MediaRouter: removeCallback: callback=com.google.android.gms.internal.cast.zzae@25c0efd
03-14 17:56:30.341  9257  9257 D MediaRouter: removeCallback: callback=com.google.android.gms.internal.cast.zzae@271a7f2
03-14 17:56:30.341  9257  9335 V SQLiteTime: /data/user/0/com.netflix.mediaclient/databases/OfflineDb: "PRAGMA synchronous=NORMAL" took 0.000 ms
03-14 17:56:30.341  9257  9257 D MediaRouter: addCallback: selector=MediaRouteSelector{ controlCategories=[com.google.android.gms.cast.CATEGORY_CAST/CA5E8412///ALLOW_IPV6] }, callback=com.google.android.gms.internal.cast.zzae@25c0efd, flags=0
03-14 17:56:30.341  9257  9335 V SQLiteTime: /data/user/0/com.netflix.mediaclient/databases/OfflineDb: "PRAGMA journal_size_limit" took 0.000 ms
03-14 17:56:30.341  9257  9257 D MediaRouter: addCallback: selector=MediaRouteSelector{ controlCategories=[com.google.android.gms.cast.CATEGORY_CAST/CA5E8412///ALLOW_IPV6] }, callback=com.google.android.gms.internal.cast.zzae@271a7f2, flags=0
03-14 17:56:30.341  9257  9335 V SQLiteTime: /data/user/0/com.netflix.mediaclient/databases/OfflineDb: "PRAGMA journal_size_limit=524288" took 0.000 ms
03-14 17:56:30.341  9257  9335 V SQLiteTime: /data/user/0/com.netflix.mediaclient/databases/OfflineDb: "PRAGMA wal_autocheckpoint" took 0.000 ms
03-14 17:56:30.341  9257  9335 V SQLiteTime: /data/user/0/com.netflix.mediaclient/databases/OfflineDb: "PRAGMA wal_autocheckpoint=100" took 0.000 ms
03-14 17:56:30.341  9257  9335 V SQLiteTime: /data/user/0/com.netflix.mediaclient/databases/OfflineDb: "PRAGMA automatic_index" took 0.000 ms
03-14 17:56:30.341  9257  9335 V SQLiteTime: /data/user/0/com.netflix.mediaclient/databases/OfflineDb: "PRAGMA busy_timeout" took 0.000 ms
03-14 17:56:30.341  9257  9335 V SQLiteTime: /data/user/0/com.netflix.mediaclient/databases/OfflineDb: "PRAGMA cache_size" took 0.000 ms
03-14 17:56:30.341  9257  9335 V SQLiteTime: /data/user/0/com.netflix.mediaclient/databases/OfflineDb: "PRAGMA case_sensitive_like" took 0.000 ms
03-14 17:56:30.342  9257  9335 V SQLiteTime: /data/user/0/com.netflix.mediaclient/databases/OfflineDb: "CREATE TABLE IF NOT EXISTS android_metadata (locale TEXT)" took 0.000 ms
03-14 17:56:30.342  9257  9335 V SQLiteTime: /data/user/0/com.netflix.mediaclient/databases/OfflineDb: "SELECT locale FROM android_metadata UNION SELECT NULL ORDER BY locale DESC LIMIT 1" took 0.000 ms
03-14 17:56:30.342  9257  9257 D InsetsSourceConsumer: ensureControlAlpha: for ITYPE_NAVIGATION_BAR on com.netflix.mediaclient/com.netflix.mediaclient.ui.launch.UIWebViewActivity
03-14 17:56:30.342  9257  9335 V SQLiteTime: /data/user/0/com.netflix.mediaclient/databases/OfflineDb: "select sqlite3_db_readonly_forced();" took 0.000 ms
03-14 17:56:30.342  5230  5681 I WifiService: getVerboseLoggingLevel uid=10184
03-14 17:56:30.343  9257  9335 V SQLiteTime: /data/user/0/com.netflix.mediaclient/databases/OfflineDb: "PRAGMA sdp_get_engine_id;" took 0.000 ms
03-14 17:56:30.343  5230  5681 I WifiService: getConnectionInfo uid=10184
03-14 17:56:30.343  9257  9335 V SQLiteTime: /data/user/0/com.netflix.mediaclient/databases/OfflineDb: "PRAGMA user_version;" took 0.000 ms
03-14 17:56:30.343  9257  9257 D InsetsSourceConsumer: ensureControlAlpha: for ITYPE_STATUS_BAR on com.netflix.mediaclient/com.netflix.mediaclient.ui.launch.UIWebViewActivity
03-14 17:56:30.344  5230  5681 V WifiPermissionsWrapper: getUidPermission(android.permission.LOCAL_MAC_ADDRESS, 10184): false
03-14 17:56:30.344  5230  5681 V WifiPermissionsWrapper: getUidPermission(android.permission.NETWORK_SETTINGS, 10184): false
03-14 17:56:30.344  5230  5681 V WifiService: Clearing REDACT_FOR_ACCESS_FINE_LOCATION for com.netflix.mediaclient(uid=10184)
03-14 17:56:30.344  5230  5681 V WifiPermissionsWrapper: getUidPermission(android.permission.NETWORK_SETTINGS, 10184): false
03-14 17:56:30.344  5230  5681 V WifiPermissionsWrapper: getUidPermission(android.permission.NETWORK_SETUP_WIZARD, 10184): false
03-14 17:56:30.344  5230  5681 V WifiPermissionsWrapper: getUidPermission(android.permission.NETWORK_MANAGED_PROVISIONING, 10184): false
03-14 17:56:30.345  5230  5681 V WifiPermissionsWrapper: getUidPermission(android.permission.NETWORK_STACK, 10184): false
03-14 17:56:30.345  5230  5681 V WifiPermissionsWrapper: getUidPermission(android.permission.MAINLINE_NETWORK_STACK, 10184): false
03-14 17:56:30.345  5230  5681 V WifiPermissionsWrapper: getUidPermission(android.permission.RADIO_SCAN_WITHOUT_LOCATION, 10184): false
03-14 17:56:30.345  9257  9335 V SQLiteTime: /data/user/0/com.netflix.mediaclient/databases/OfflineDb: "PRAGMA page_size" took 0.000 ms
03-14 17:56:30.345  5230  5681 V WifiPermissionsWrapper: getUidPermission(android.permission.PEERS_MAC_ADDRESS, 10184): false
03-14 17:56:30.345  9257  9335 V SQLiteTime: /data/user/0/com.netflix.mediaclient/databases/OfflineDb: "PRAGMA foreign_keys" took 0.000 ms
03-14 17:56:30.345  9257  9335 V SQLiteTime: /data/user/0/com.netflix.mediaclient/databases/OfflineDb: "PRAGMA journal_size_limit" took 0.000 ms
03-14 17:56:30.345  5230  5681 V WifiPermissionsWrapper: getUidPermission(android.permission.ACCESS_FINE_LOCATION, 10184): false
03-14 17:56:30.345  9257  9335 V SQLiteTime: /data/user/0/com.netflix.mediaclient/databases/OfflineDb: "PRAGMA journal_size_limit=524288" took 0.000 ms
03-14 17:56:30.345  9257  9335 V SQLiteTime: /data/user/0/com.netflix.mediaclient/databases/OfflineDb: "PRAGMA wal_autocheckpoint" took 0.000 ms
03-14 17:56:30.345  9257  9335 V SQLiteTime: /data/user/0/com.netflix.mediaclient/databases/OfflineDb: "PRAGMA wal_autocheckpoint=100" took 0.000 ms
03-14 17:56:30.345  9257  9335 V SQLiteTime: /data/user/0/com.netflix.mediaclient/databases/OfflineDb: "PRAGMA automatic_index" took 0.000 ms
03-14 17:56:30.345  9257  9335 V SQLiteTime: /data/user/0/com.netflix.mediaclient/databases/OfflineDb: "PRAGMA busy_timeout" took 0.000 ms
03-14 17:56:30.346  5230  5681 V WifiPermissionsUtil: checkCallersLocationPermission(com.netflix.mediaclient): uid 10184 doesn't have permission android.permission.ACCESS_FINE_LOCATION
03-14 17:56:30.347  5230  5681 V WifiPermissionsUtil: enforceCanAccessScanResults(pkg=com.netflix.mediaclient, uid=10184): canCallingUidAccessLocation=false, canAppPackageUseLocation=false
03-14 17:56:30.347  5230  5681 V WifiService: Keeping REDACT_FOR_ACCESS_FINE_LOCATION:java.lang.SecurityException: UID 10184 has no location permission
03-14 17:56:30.347  9257  9335 V SQLiteTime: /data/user/0/com.netflix.mediaclient/databases/OfflineDb: "PRAGMA cache_size" took 0.000 ms
03-14 17:56:30.347  9257  9335 V SQLiteTime: /data/user/0/com.netflix.mediaclient/databases/OfflineDb: "PRAGMA case_sensitive_like" took 0.000 ms
03-14 17:56:30.347  9257  9335 I CursorWindowStats: Created a new Cursor. # Open Cursors=1 (# cursors opened by this proc=1)
03-14 17:56:30.348  9257  9335 V SQLiteTime: /data/user/0/com.netflix.mediaclient/databases/OfflineDb: "SELECT 1 FROM sqlite_master WHERE type = 'table' AND name='room_master_table'" took 0.000 ms
03-14 17:56:30.348  9257  9335 D SQLiteCursor: received count(*) from native_fill_window: 1
03-14 17:56:30.348  9257  9335 I CursorWindowStats: Created a new Cursor. # Open Cursors=1 (# cursors opened by this proc=1)
03-14 17:56:30.349  9257  9335 V SQLiteTime: /data/user/0/com.netflix.mediaclient/databases/OfflineDb: "SELECT identity_hash FROM room_master_table WHERE id = 42 LIMIT 1" took 1.000 ms
03-14 17:56:30.882  5230  5252 I Layer: Destroyed ActivityRecord{d2590bc u0 com.sec.android.app.camera}
03-14 17:56:33.055  7568  7568 I HBD     : HoneyBoardService [PF_OP][onStartInput]  31484000 ns 
03-14 17:56:33.055  5970  5970 I ViewRootImpl@51efc74[LauncherActivity]: Relayout returned: old=(0,0,720,1600) new=(0,0,720,1600) req=(720,1600)0 dur=13 res=0x7 s={true 532036325376} ch=true fn=-1
03-14 17:56:33.056  5970  5970 I ViewRootImpl@51efc74[LauncherActivity]: [DP] dp(1) 1 android.view.ViewRootImpl.reportNextDraw:11420 android.view.ViewRootImpl.performTraversals:4193 android.view.ViewRootImpl.doTraversal:2919 
03-14 17:56:33.057  4888  4919 I SurfaceFlinger: id=25376 createSurf (0x0),-1 flag=24000, OneUiHome-BlurLayer#0
03-14 17:56:33.059  5230  5255 I ActivityManager: Changes in 10184 2 to 18, 15 to 0
03-14 17:56:33.060  5230  5253 D NetworkPolicy: onUidStateChanged() uid: 10193, isForeground(false, 19)
03-14 17:56:33.060  2785  2785 D HidDeviceService: handleMessage(): msg.what=8
03-14 17:56:33.061  5230  5253 D NetworkPolicy: onUidStateChanged() uid: 10184, isForeground(false, 18)
03-14 17:56:33.062  2785  2785 D HidDeviceService: handleMessage(): msg.what=8
03-14 17:56:33.067  9448  9448 D android.vendin: Received session metadata: 6562268591412167920
03-14 17:56:33.072  9448  9448 E android.vendin: Not starting debugger since process cannot load the jdwp agent.
03-14 17:56:33.075  5970  5970 I BadgeRenderer: Invalid count : 0
03-14 17:56:33.076  9448  9448 E USNET   : USNET: appName: com.android.vending
03-14 17:56:33.077  9448  9448 D ProcessState: Binder ioctl to enable oneway spam detection failed: Invalid argument
03-14 17:56:33.081  9448  9448 D ActivityThread: setConscryptValidator
03-14 17:56:33.081  9448  9448 D ActivityThread: setConscryptValidator - put
03-14 17:56:33.084  5970  5970 I ViewRootImpl@51efc74[LauncherActivity]: [DP] pdf(0) 1 android.view.ViewRootImpl.lambda$addFrameCompleteCallbackIfNeeded$3$ViewRootImpl:4995 android.view.ViewRootImpl$$ExternalSyntheticLambda16.run:6 android.os.Handler.handleCallback:938 
03-14 17:56:33.084  5970  5970 I ViewRootImpl@51efc74[LauncherActivity]: [DP] rdf()
03-14 17:56:33.085  5230  7331 I ActivityManager: DSS OFF for com.android.vending
03-14 17:56:33.085  5230  5791 D WindowManager: finishDrawingWindow: Window{8ef1baa u0 com.sec.android.app.launcher/com.sec.android.app.launcher.activities.LauncherActivity} mDrawState=DRAW_PENDING
03-14 17:56:33.086  5230  5256 V WindowManager: Setting visibility of Window{a3d1599 u0 com.android.systemui.ImageWallpaper}: true, caller=com.android.server.wm.WindowContainer.sendAppVisibilityToClients:1110 com.android.server.wm.WindowToken.setClientVisible:448 com.android.server.wm.WallpaperWindowToken.setVisible:162 com.android.server.wm.WallpaperWindowToken.commitVisibility:202 com.android.server.wm.WallpaperWindowToken.setVisibility:187 
03-14 17:56:33.086  5569  6284 D WallpaperService: dispatchAppVisibility onVisibilityChanged(): true
03-14 17:56:33.087  5569  5569 D WallpaperService: updateSurface forceRelayout=true forceReport=false redrawNeeded=false myWidth=1600 myHeight=1600 fixedSize=true x = 0 y = 0 mWidth=1600 mHeight=1600 mIsSleepMode=false
03-14 17:56:33.087  5569  5569 D WallpaperService: mDeviceHeight : 1600, mDeviceWidth : 720,mDeviceRotation  : 0
03-14 17:56:33.090  5230  5256 D WindowManager: performShow logReadyForDisplay  mToken.waitingToShow:true isTransitionSet:true
03-14 17:56:33.091  5230  5681 V WindowManager: Relayout Window{a3d1599 u0 com.android.systemui.ImageWallpaper}: viewVisibility=0 req=1600x1600 d0
03-14 17:56:33.092  5230  5681 D WindowManager: performShow logReadyForDisplay  mToken.waitingToShow:true isTransitionSet:true
03-14 17:56:33.094  5230  7331 D ActivityManager: attachApplicationLocked() app=ProcessRecord{223c8dd 9448:com.android.vending/u0a193} app.isolatedEntryPoint=null instr2=null
03-14 17:56:33.095  5230  5681 V WindowManager: Relayout hash=a3d1599, pid=5569: mAttrs={(0,0)(1600x1600) gr=TOP START CENTER layoutInDisplayCutoutMode=always ty=WALLPAPER fmt=RGBX_8888 wanim=0x1030314
03-14 17:56:33.095  5230  5681 V WindowManager:   fl=14318
03-14 17:56:33.095  5230  5681 V WindowManager:   pfl=2000004
03-14 17:56:33.095  5230  5681 V WindowManager:   bhv=DEFAULT naviIconColor=0
03-14 17:56:33.095  5230  5681 V WindowManager:   sfl=8}
03-14 17:56:33.095  5569  5569 D WallpaperService: updateSurface redrawNeeded=false didSurface=false , mDestroyed = false
03-14 17:56:33.096  5569  5569 D WallpaperService: reportVisibility onVisibilityChanged visible: true
03-14 17:56:33.096  5569  5711 I ImageWallpaper:  onVisibilityChanged true , 0
03-14 17:56:33.096  5230  5681 D WALLPAPER_SVC:WallpaperManagerService: getWallpaperSafeLocked, userId = 0, which = 1, caller = com.android.server.wallpaper.WallpaperManagerService.semGetWallpaperType:6094 
03-14 17:56:33.096  5230  5681 D WallpaperManagerService: which : 1, return type : 0 (called by userId= 0)
03-14 17:56:33.096  5569  5711 I ImageWallpaperRenderer: updateWallpaperOffset 0 lastCropOffset 0 wp Type , 0 , rotation == 0 Do not change Display offset 0
03-14 17:56:33.098  5230  7331 V WindowManager: rotationForOrientation(orient=SCREEN_ORIENTATION_NOSENSOR (5), last=ROTATION_0 (0)); user=ROTATION_0 (0) USER_ROTATION_LOCKED
03-14 17:56:33.098  5230  7331 D WindowManager: rotationForOrientation, orientationSource=ActivityRecord{39f12f2 u0 com.sec.android.app.launcher/.activities.LauncherActivity t10928}
03-14 17:56:33.099  5230  7331 V WindowManager: Computed rotation=ROTATION_0 (0) for display id=0 based on lastOrientation=SCREEN_ORIENTATION_NOSENSOR (5) and oldRotation=ROTATION_0 (0), caller=com.android.server.wm.DisplayRotation.updateOrientation:407 com.android.server.wm.DisplayContent.updateOrientation:1939 com.android.server.wm.DisplayContent.updateOrientation:1877 com.android.server.wm.RootWindowContainer.ensureVisibilityAndConfig:2207 com.android.server.wm.ActivityTaskSupervisor.realStartActivityLocked:939 com.android.server.wm.RootWindowContainer.startActivityForAttachedApplicationIfNeeded:2361 
03-14 17:56:33.100  5230  7331 D TspStateManager: updateCustomValue customSetting=
03-14 17:56:33.100  5230  7331 D TspStateManager: updateCustomValue customSetting=
03-14 17:56:33.101  5230  7331 D SGM:PkgDataHelper: notifyAppCreate(), pkgName: com.android.vending, userId: 0, sendRet: true
03-14 17:56:33.101  5230  5390 D SGM:GameManager: onLooperPrepared(), msg: MSG_APP_CREATE, pkgName: com.android.vending, userId: 0
03-14 17:56:33.102  5230  7331 D MARsPolicyManager: onPackageResumedFG pkgName = com.android.vending, userId = 0
03-14 17:56:33.102  5230  7331 D InputDispatcher: Focused application set to (0): d066a6d
03-14 17:56:33.103  5230  7331 D SGM:GameManager: TaskStackListener.onTaskFocusChanged(), taskId=11419, focused=false
03-14 17:56:33.103  5230  7331 D SGM:GameManager: TaskStackListener.onTaskFocusChanged(), taskId=11420, focused=true
03-14 17:56:33.103  5230  7331 D SGM:GameManager:   sendRunningComponentFocus(), pkgName: com.android.vending, userId: 0
03-14 17:56:33.104  5230  5390 D SGM:GameManager: onLooperPrepared(), msg: MSG_TASK_FOCUSED, pkgName: com.android.vending, userId: 0
03-14 17:56:33.104  5230  5390 D SGM:GameManager: handleTaskFocused().
03-14 17:56:33.104  5230  5390 D SGM:GameManager:   handleTaskFocused(), pkgName: com.android.vending, userID:0
03-14 17:56:33.104  5230  5390 D SGM:GameManager: handleResume().
03-14 17:56:33.104  5230  5390 D SGM:GameManager: sendFocusOutConditionally() - mPrevNotiPkg: (unknown), userId: 0
03-14 17:56:33.104  5230  5390 D SGM:GameManager:   handleResume(). pkgName: com.android.vending, userId: 0, isTunableApp: null
03-14 17:56:33.104  5230  5390 D SGM:GameManager: notifyFocusInOut(). of pkg: com.android.vending, type: 4, isMinimized: false, isTunableApp: false, userId: 0
03-14 17:56:33.104  5230  5390 D SGM:GameManager:   notifyFocusInOut(). unexpected mPrevNotiType: -1
03-14 17:56:33.104  5230  5390 D SGM:NetworkLimit: callRelease
03-14 17:56:33.104  5230  5390 D SGM:SystemHelper: callReleaseBlock needReleaseBlock:false
03-14 17:56:33.106  5230  7331 W WindowManager: Execute app transition: mNextAppTransitionRequests=[TRANSIT_OPEN, TRANSIT_CLOSE], mNextAppTransitionFlags=, displayId: 0 Callers=com.android.server.wm.RootWindowContainer.executeAppTransitionForAllDisplay:2706 com.android.server.wm.ActivityTaskSupervisor.reportResumedActivityLocked:2252 com.android.server.wm.ActivityRecord.completeResumeLocked:6361 com.android.server.wm.Task.minimalResumeActivityLocked:7470 com.android.server.wm.ActivityTaskSupervisor.realStartActivityLocked:1162 
03-14 17:56:33.106  5230  5256 D WindowManager: performShow logReadyForDisplay  mToken.waitingToShow:true isTransitionSet:true
03-14 17:56:33.107  9448  9448 D ActivityThread: handleBindApplication()++ app=com.android.vending
03-14 17:56:33.108  9448  9448 D CompatibilityChangeReporter: Compat change id reported: 171979766; UID 10193; state: ENABLED
03-14 17:56:33.109  5230  5389 V ActivityManager: Changed top to ProcessRecord{223c8dd 9448:com.android.vending/u0a193}
03-14 17:56:33.110  5230  5256 D WindowManager: performShow logReadyForDisplay  mToken.waitingToShow:true isTransitionSet:true
03-14 17:56:33.110  5230  5255 I ActivityManager: Changes in 10193 19 to 2, 0 to 15
03-14 17:56:33.111  5230  5255 I AppOps  : updateUidProcState uid: 10193 procState: 2 capability:15
03-14 17:56:33.111  5230  5255 I AppOps  : commitUidPendingStateLocked() :: UID - 10193, 700 > 200, 0 > 15
03-14 17:56:33.112  5230  5253 D NetworkPolicy: onUidStateChanged() uid: 10193, isForeground(true, 2)
03-14 17:56:33.114  2785  2785 D HidDeviceService: handleMessage(): msg.what=8
03-14 17:56:33.116  5230  5253 D SSRM:LoadDetectMonitor: PID = 9448, UID = 10193
03-14 17:56:33.118  5230  5256 D WindowManager: performShow logReadyForDisplay  mToken.waitingToShow:true isTransitionSet:true
03-14 17:56:33.120  5230  5791 I AppOps  : updateUidProcState uid: 10196 procState: 3 capability:15
03-14 17:56:33.121  5230  5255 I CursorWindowStats: Created a new Cursor. # Open Cursors=1 (# cursors opened by this proc=1)
03-14 17:56:33.122  5230  5255 I CursorWindowStats: Created a new Cursor. # Open Cursors=1 (# cursors opened by this proc=1)
03-14 17:56:33.122  5230  5255 I CursorWindowStats: Created a new Cursor. # Open Cursors=1 (# cursors opened by this proc=1)
03-14 17:56:33.125  5230  5253 I GestureDetector: handleMessage TAP
03-14 17:56:33.125  5230  5255 D SGM:GameManager: identifyGamePackage. com.android.vending, mCurrentUserId: 0, callerUserId: 0, callingMethodInfo: com.android.server.ssrm.fgapps.GameAppUtils.isGame(GameAppUtils.java:84)
03-14 17:56:33.125  5230  5255 D SGM:PkgDataHelper: getGamePkgData(). com.android.vending
03-14 17:56:33.126  5230  5255 D SGM:GameManager: identifyGamePackage. com.android.vending, mCurrentUserId: 0, callerUserId: 0, callingMethodInfo: com.android.server.ssrm.SortingMachine.isGame(SortingMachine.java:162)
03-14 17:56:33.126  5230  5255 D SGM:PkgDataHelper: getGamePkgData(). com.android.vending
03-14 17:56:33.126  5230  5255 I GameSDK@LifeCycle: noteResumeComponent(): package name  : com.android.vending
03-14 17:56:33.127  5230  6746 D AutoRotationHandler: inject auto rotation priority = 0.0
03-14 17:56:33.128  4852  4852 I SensorsHub: DeviceOrientation::injectSensorData: mode 0
03-14 17:56:33.128  5230  6746 I MediaSessionMonitor: Media session stopped : not playing state
03-14 17:56:33.128  5230  5255 I CursorWindowStats: Created a new Cursor. # Open Cursors=1 (# cursors opened by this proc=1)
03-14 17:56:33.131  5230  5255 D SGM:GameManager: noteResumeComponent(), received pkgName: com.android.vending, userId: 0
03-14 17:56:33.131  5230  5390 D SGM:GameManager: onLooperPrepared(), msg: MSG_APP_RESUME, pkgName: com.android.vending, userid: 0
03-14 17:56:33.132  5230  5390 D SGM:GameManager: handleResume().
03-14 17:56:33.132  5230  5390 D SGM:GameManager: sendFocusOutConditionally() - mPrevNotiPkg: (unknown), userId: 0
03-14 17:56:33.132  5230  5390 D SGM:GameManager:   handleResume(). pkgName: com.android.vending, userId: 0, isTunableApp: null
03-14 17:56:33.132  5230  5390 D SGM:GameManager: notifyFocusInOut(). of pkg: com.android.vending, type: 4, isMinimized: false, isTunableApp: false, userId: 0
03-14 17:56:33.132  5230  5390 D SGM:GameManager:   notifyFocusInOut(). unexpected mPrevNotiType: -1
03-14 17:56:33.132  5230  5390 D SGM:NetworkLimit: callRelease
03-14 17:56:33.132  5230  5390 D SGM:SystemHelper: callReleaseBlock needReleaseBlock:false
03-14 17:56:33.132  5970  5970 E libprocessgroup: set_timerslack_ns write failed: Operation not permitted
03-14 17:56:33.134  5230  5230 D CompatibilityChangeReporter: Compat change id reported: 168419799; UID 1000; state: DISABLED
03-14 17:56:33.136  9448  9448 D nativeloader: Configuring classloader-namespace for other apk /system/framework/org.apache.http.legacy.jar. target_sdk_version=33, uses_libraries=ALL, library_path=/data/app/~~ssDkVyh6qSt_Y961EvI_kQ==/com.android.vending-brv946okPBAxHFJo-9Mi3w==/lib/arm64:/data/app/~~ssDkVyh6qSt_Y961EvI_kQ==/com.android.vending-brv946okPBAxHFJo-9Mi3w==/base.apk!/lib/arm64-v8a:/data/app/~~ssDkVyh6qSt_Y961EvI_kQ==/com.android.vending-brv946okPBAxHFJo-9Mi3w==/split_config.arm64_v8a.apk!/lib/arm64-v8a:/data/app/~~ssDkVyh6qSt_Y961EvI_kQ==/com.android.vending-brv946okPBAxHFJo-9Mi3w==/split_config.en.apk!/lib/arm64-v8a:/data/app/~~ssDkVyh6qSt_Y961EvI_kQ==/com.android.vending-brv946okPBAxHFJo-9Mi3w==/split_phonesky_data_loader.apk!/lib/arm64-v8a:/data/app/~~ssDkVyh6qSt_Y961EvI_kQ==/com.android.vending-brv946okPBAxHFJo-9Mi3w==/split_phonesky_data_loader.config.arm64_v8a.apk!/lib/arm64-v8a, permitted_path=/data:/mnt/expand:/data/user/0/com.android.vending
03-14 17:56:33.136  9448  9448 D nativeloader: Extending system_exposed_libraries: libSEF.quram.so:libimagecodec.quram.so:libagifencoder.quram.so:libSecEmbms.telephony.samsung.so:libss_jni.securestorage.samsung.so:libheifcapture_jni.media.samsung.so:libjpegsq.media.samsung.so:libsemimagecrop_jni.media.samsung.so:libneural.snap.samsung.so:libsnap_hidl.snap.samsung.so:libSDKRecognitionText.spensdk.samsung.so:libface_landmark.arcsoft.so:libhigh_dynamic_range.arcsoft.so:libSFEffect.fonteffect.samsung.so:libperfsdk.performance.samsung.so:libsce_v1.crypto.samsung.so:libBeauty_v4.camera.samsung.so:libexifa.camera.samsung.so:libjpega.camera.samsung.so:libOpenCv.camera.samsung.so:libImageScreener.camera.samsung.so:libFacePreProcessing.camera.samsung.so:libHpr_RecGAE_cvFeature_v1.0.camera.samsung.so:libHprFace_GAE_api.camera.samsung.so:libFace_Landmark_API.camera.samsung.so:libHprFace_GAE_jni.camera.samsung.so:libObjectAndSceneClassification_2.5_OD.camera.samsung.so:libQREngine_common.camera.samsung.so:libEventDetector.camera.samsung.so:libFood.camera.samsung.so:l
03-14 17:56:33.136  5970 25357 I RecentModel: onTaskStackChangedBackground
03-14 17:56:33.141  5230  5230 I GestureDetector: handleMessage TAP
03-14 17:56:33.141  5230  5230 I CocktailBarManagerServiceContainer: handleMessage: entry what = 5
03-14 17:56:33.141  5230  5230 I CocktailBarManagerServiceImpl: noteResumeComponent : no active host
03-14 17:56:33.142  7259  7726 E libperflog: [LIBPERFLOG] socket_local_client fail = -1
03-14 17:56:33.152  5230  5230 V SamsungAlarmManager: setLocked to kernel - W:691253755, now=691253270
03-14 17:56:33.152  5230  5256 I WindowManager: Reparenting to original parent: Surface(name=ActivityRecord{aebb302 u0 com.netflix.mediaclient/.ui.launch.UIWebViewActivity t11419})/@0x31106a5, destroy=true, surface=Surface(name=e212cea com.netflix.mediaclient/com.netflix.mediaclient.ui.launch.UIWebViewActivity)/@0x9103d8e
03-14 17:56:33.152  5230  5230 D SamsungAlarmManager: setInexact (T:3/F:0/AC:false) 20230314T175649 now=691253271 - CU:1000/CP:5230/L:fe01bad:*job.delay*
03-14 17:56:33.152  5230  5230 V SamsungAlarmManager: setLocked to kernel - W:691253755, now=691253271
03-14 17:56:33.153  5230  5230 V SamsungAlarmManager: setLocked to kernel - W:691253755, now=691253271
03-14 17:56:33.153  5230  5256 E WindowManager: win=Window{e212cea u0 com.netflix.mediaclient/com.netflix.mediaclient.ui.launch.UIWebViewActivity EXITING} destroySurfaces: appStopped=false win.mWindowRemovalAllowed=true win.mRemoveOnExit=true win.mViewVisibility=0 caller=com.android.server.wm.ActivityRecord.destroySurfaces:5867 com.android.server.wm.ActivityRecord.destroySurfaces:5848 com.android.server.wm.WindowState.onExitAnimationDone:5992 com.android.server.wm.WindowStateAnimator.onAnimationFinished:242 com.android.server.wm.WindowState.onAnimationFinished:6245 com.android.server.wm.WindowContainer$$ExternalSyntheticLambda0.onAnimationFinished:2 com.android.server.wm.SurfaceAnimator.lambda$getFinishedCallback$0$SurfaceAnimator:113 
03-14 17:56:33.153  5230  5230 D SamsungAlarmManager: setInexact (T:2/F:0/AC:false) 20230314T181900 now=691253271 - CU:1000/CP:5230/L:a7d43ca:*job.deadline*
03-14 17:56:33.153  5230  5230 V SamsungAlarmManager: setLocked to kernel - W:691253755, now=691253272
03-14 17:56:33.153  5230  5256 I WindowManager: Destroying surface Surface(name=com.netflix.mediaclient/com.netflix.mediaclient.ui.launch.UIWebViewActivity$_9257)/@0xa7e7681 called by com.android.server.wm.WindowStateAnimator.destroySurface:987 com.android.server.wm.WindowStateAnimator.destroySurfaceLocked:518 com.android.server.wm.WindowState.destroySurfaceUnchecked:4246 com.android.server.wm.WindowState.destroySurface:4220 com.android.server.wm.ActivityRecord.destroySurfaces:5867 com.android.server.wm.ActivityRecord.destroySurfaces:5848 com.android.server.wm.WindowState.onExitAnimationDone:5992 com.android.server.wm.WindowStateAnimator.onAnimationFinished:242 
03-14 17:56:33.156  5230  5256 D WindowManager: performShow logReadyForDisplay  mToken.waitingToShow:true isTransitionSet:true
03-14 17:56:33.158  5230  5256 I WindowManager: Reparenting to original parent: Surface(name=WindowedMagnification:0:31)/@0x9286cb7, destroy=true, surface=Surface(name=Dim Layer for - WindowedMagnification:0:31)/@0x3ad9aee
03-14 17:56:33.168  4888  4888 I Layer   : id=25362 removeFromCurrentState com.netflix.mediaclient/com.netflix.mediaclient.ui.launch.UIWebViewActivity$_9257#1 (127)
03-14 17:56:33.168  4888  4888 I Layer   : id=25359 removeFromCurrentState e212cea com.netflix.mediaclient/com.netflix.mediaclient.ui.launch.UIWebViewActivity#0 (127)
03-14 17:56:33.168  5230  5256 D WindowManager: performShow logReadyForDisplay  mToken.waitingToShow:true isTransitionSet:true
03-14 17:56:33.169  4888  4888 I Layer   : id=25371 removeFromCurrentState Surface(name=e212cea com.netflix.mediaclient/com.netflix.mediaclient.ui.launch.UIWebViewActivity)/@0x9103d8e - animation-leash of window_animation#0 (127)
03-14 17:56:33.169  4888  4888 I SurfaceFlinger: id=25359 Removed e212cea com.netflix.mediaclient/com.netflix.mediaclient.ui.launch.UIWebViewActivity#0 (127)
03-14 17:56:33.169  4888  4888 I SurfaceFlinger: id=25362 Removed com.netflix.mediaclient/com.netflix.mediaclient.ui.launch.UIWebViewActivity$_9257#1 (127)
03-14 17:56:33.169  4888  4888 I SurfaceFlinger: id=25371 Removed Surface(name=e212cea com.netflix.mediaclient/com.netflix.mediaclient.ui.launch.UIWebViewActivity)/@0x9103d8e - animation-leash of window_animation#0 (127)
03-14 17:56:33.169  4888  4888 I Layer   : id=25371 Destroyed Surface(name=e212cea com.netflix.mediaclient/com.netflix.mediaclient.ui.launch.UIWebViewActivity)/@0x9103d8e - animation-leash of window_animation#0
03-14 17:56:33.169  4888  4888 I Layer   : id=25359 Destroyed e212cea com.netflix.mediaclient/com.netflix.mediaclient.ui.launch.UIWebViewActivity#0
03-14 17:56:33.171  4888  4888 I Layer   : id=25362 Destroyed com.netflix.mediaclient/com.netflix.mediaclient.ui.launch.UIWebViewActivity$_9257#1
03-14 17:56:33.178  4888  4888 D SurfaceFlinger: Display 0 HWC layers:
03-14 17:56:33.178  4888  4888 D SurfaceFlinger:      DEVICE | 0x7963c2d3c0 | 0102 | RGBA_8888    |    0.0    0.0  720.0 1600.0 |    0    0  720 1600 | com.netflix.mediaclient/com.netflix.[...].ui.launch.UIWebViewActivity$_9257#0
03-14 17:56:33.178  4888  4888 D SurfaceFlinger:      DEVICE | 0x797b6b6440 | 0100 | RGBA_8888    |    0.0    0.0  720.0   68.0 |    0    0  720   68 | StatusBar$_5569#0
03-14 17:56:33.178  4888  4888 D SurfaceFlinger:      DEVICE | 0x797d351600 | 0100 | RGBA_8888    |    0.0    0.0  720.0   84.0 |    0 1516  720 1600 | NavigationBar0$_5569#0
03-14 17:56:33.178  4888  4888 D SurfaceFlinger: 
03-14 17:56:33.185  4888  4888 I Layer   : id=25368 removeFromCurrentState Dim Layer for - WindowedMagnification:0:31#0 (124)
03-14 17:56:33.185  4888  4888 I Layer   : id=25374 removeFromCurrentState Surface(name=Dim Layer for - WindowedMagnification:0:31)/@0x3ad9aee - animation-leash of dimmer#0 (124)
03-14 17:56:33.185  4888  4888 I SurfaceFlinger: id=25368 Removed Dim Layer for - WindowedMagnification:0:31#0 (124)
03-14 17:56:33.185  4888  4888 I SurfaceFlinger: id=25374 Removed Surface(name=Dim Layer for - WindowedMagnification:0:31)/@0x3ad9aee - animation-leash of dimmer#0 (124)
03-14 17:56:33.185  5230  5256 I WindowManager: Reparenting to original parent: Surface(name=Task=11419)/@0x40c1c67, destroy=true, surface=Surface(name=Dim Layer for - Task=11419)/@0x68c1bc
03-14 17:56:33.185  4888  4888 I Layer   : id=25374 Destroyed Surface(name=Dim Layer for - WindowedMagnification:0:31)/@0x3ad9aee - animation-leash of dimmer#0
03-14 17:56:33.185  4888  4888 I Layer   : id=25368 Destroyed Dim Layer for - WindowedMagnification:0:31#0
03-14 17:56:33.202  5230  5256 D WindowManager: performShow logReadyForDisplay  mToken.waitingToShow:true isTransitionSet:true
03-14 17:56:33.218  4888  4888 I Layer   : id=25364 removeFromCurrentState Dim Layer for - Task=11419#0 (122)
03-14 17:56:33.218  4888  4888 I Layer   : id=25369 removeFromCurrentState Surface(name=Dim Layer for - Task=11419)/@0x68c1bc - animation-leash of dimmer#0 (122)
03-14 17:56:33.218  4888  4888 I SurfaceFlinger: id=25364 Removed Dim Layer for - Task=11419#0 (122)
03-14 17:56:33.218  4888  4888 I SurfaceFlinger: id=25369 Removed Surface(name=Dim Layer for - Task=11419)/@0x68c1bc - animation-leash of dimmer#0 (122)
03-14 17:56:33.219  4888  4888 I Layer   : id=25369 Destroyed Surface(name=Dim Layer for - Task=11419)/@0x68c1bc - animation-leash of dimmer#0
03-14 17:56:33.219  4888  4888 I Layer   : id=25364 Destroyed Dim Layer for - Task=11419#0
