03-14 17:56:08.286  8608  8608 I CameraTemperatureManager: onReceive [com.samsung.intent.action.SIOP_LEVEL_CHANGED]
03-14 17:56:08.286  8608  8608 I CameraTemperatureManager: handleSIOPLevelChanged : camera_start_disable=false,otg_flash_led_disable=false,seamlessZoomDisable=false,overheatLevel = -1
03-14 17:56:08.290  5230 10365 I ActivityManager: Process com.samsung.android.smartmirroring (pid 7766) has died: cch+99 CEM (194,1430)
03-14 17:56:08.291  5230  5264 V libprocessgroup: Killing process group -7766 in uid 10144 as part of process cgroup 7766
03-14 17:56:08.291  5230  5264 I libprocessgroup: Successfully killed process cgroup uid 10144 pid 7766 in 0ms
03-14 17:56:08.291  4809  4809 I Zygote  : Process 30214 exited due to signal 9 (Killed)
03-14 17:56:08.292  5569  6269 I ViewRootImpl@3b18772[camera]: mWNT: t = android.view.SurfaceControl$Transaction@9a23c3b fN = 2 android.view.SyncRtSurfaceTransactionApplier.applyTransaction:94 android.view.SyncRtSurfaceTransactionApplier.lambda$scheduleApply$0$SyncRtSurfaceTransactionApplier:71 android.view.SyncRtSurfaceTransactionApplier$$ExternalSyntheticLambda0.onFrameDraw:4 
03-14 17:56:08.292  5569  6269 I ViewRootImpl@3b18772[camera]: mWNT: merge t to BBQ
03-14 17:56:08.293  5569  6269 I ViewRootImpl@3b18772[camera]: mWNT: t = android.view.SurfaceControl$Transaction@90fcf58 fN = 2 android.view.SyncRtSurfaceTransactionApplier.applyTransaction:94 android.view.SyncRtSurfaceTransactionApplier.lambda$scheduleApply$0$SyncRtSurfaceTransactionApplier:71 android.view.SyncRtSurfaceTransactionApplier$$ExternalSyntheticLambda0.onFrameDraw:4 
03-14 17:56:08.293  5569  6269 I ViewRootImpl@3b18772[camera]: mWNT: merge t to BBQ
03-14 17:56:08.294  5230  5253 D NetworkPolicy: onUidStateChanged() uid: 10088, isForeground(true, 5)
03-14 17:56:08.296  2785  2785 D HidDeviceService: handleMessage(): msg.what=8
03-14 17:56:08.296  2785  2785 D HidDeviceService: handleMessage(): msg.what=8
03-14 17:56:08.296  2785  2785 D HidDeviceService: handleMessage(): msg.what=8
03-14 17:56:08.297  5970  6134 I LiveIconUpdateEventHandler: unregisterReceiver
03-14 17:56:08.297  5230  7327 I ActivityManager: Process com.sec.android.app.soundalive (pid 31048) has died: cch+99 CEM (195,1430)
03-14 17:56:08.297  5230  5264 V libprocessgroup: Killing process group -31048 in uid 10081 as part of process cgroup 31048
03-14 17:56:08.297  5230  5264 I libprocessgroup: Successfully killed process cgroup uid 10081 pid 31048 in 0ms
03-14 17:56:08.298  5230 10365 D InputDispatcher: Focus entered window (0): a98b506 com.sec.android.app.camera/com.sec.android.app.camera.Camera
03-14 17:56:08.298  5230 10365 D ConnectivityService: ConnectivityService NetworkRequestInfo binderDied(uid/pid:10194/30214, [NetworkRequest [ LISTEN id=2894, [ Capabilities: INTERNET&NOT_RESTRICTED&TRUSTED&NOT_VCN_MANAGED Uid: 10194 RequestorUid: 10194 RequestorPkg: com.google.android.projection.gearhead UnderlyingNetworks: Null] ]], android.os.BinderProxy@1b3bfec)
03-14 17:56:08.298  5230  5618 D ConnectivityService: ConnectivityService NetworkRequestInfo binderDied(uid/pid:10194/30214, [NetworkRequest [ REQUEST id=2893, [ Capabilities: INTERNET&NOT_RESTRICTED&TRUSTED&NOT_VCN_MANAGED Uid: 10194 RequestorUid: 10194 RequestorPkg: com.google.android.projection.gearhead UnderlyingNetworks: Null] ]], android.os.BinderProxy@a8acfb5)
03-14 17:56:08.299  5230  5419 D ConnectivityService: releasing NetworkRequest [ REQUEST id=2893, [ Capabilities: INTERNET&NOT_RESTRICTED&TRUSTED&NOT_VCN_MANAGED Uid: 10194 RequestorUid: 10194 RequestorPkg: com.google.android.projection.gearhead UnderlyingNetworks: Null] ] (release request)
03-14 17:56:08.299  5230  5419 D ConnectivityService:  Removing from current network [180 CELLULAR], leaving 69 requests.
03-14 17:56:08.305  2785  2785 D HidDeviceService: handleMessage(): msg.what=8
03-14 17:56:08.308 29550 29550 I GOS:GosService: onUnbind.
03-14 17:56:08.308  5230  5618 E WindowManager: win=Window{8ef1baa u0 com.sec.android.app.launcher/com.sec.android.app.launcher.activities.LauncherActivity} destroySurfaces: appStopped=true win.mWindowRemovalAllowed=false win.mRemoveOnExit=false win.mViewVisibility=8 caller=com.android.server.wm.ActivityRecord.destroySurfaces:5867 com.android.server.wm.ActivityRecord.destroySurfaces:5848 com.android.server.wm.ActivityRecord.notifyAppStopped:5912 com.android.server.wm.ActivityRecord.activityStopped:6554 com.android.server.wm.ActivityClientController.activityStopped:254 android.app.IActivityClientController$Stub.onTransact:596 com.android.server.wm.ActivityClientController.onTransact:130 
03-14 17:56:08.309  5230  5618 I WindowManager: Destroying surface Surface(name=com.sec.android.app.launcher/com.sec.android.app.launcher.activities.LauncherActivity$_5970)/@0xae5b231 called by com.android.server.wm.WindowStateAnimator.destroySurface:987 com.android.server.wm.WindowStateAnimator.destroySurfaceLocked:518 com.android.server.wm.WindowState.destroySurfaceUnchecked:4246 com.android.server.wm.WindowState.destroySurface:4220 com.android.server.wm.ActivityRecord.destroySurfaces:5867 com.android.server.wm.ActivityRecord.destroySurfaces:5848 com.android.server.wm.ActivityRecord.notifyAppStopped:5912 com.android.server.wm.ActivityRecord.activityStopped:6554 
03-14 17:56:08.312  5569  6268 I ViewRootImpl@3b18772[camera]: mWNT: t = android.view.SurfaceControl$Transaction@2f848b1 fN = 3 android.view.SyncRtSurfaceTransactionApplier.applyTransaction:94 android.view.SyncRtSurfaceTransactionApplier.lambda$scheduleApply$0$SyncRtSurfaceTransactionApplier:71 android.view.SyncRtSurfaceTransactionApplier$$ExternalSyntheticLambda0.onFrameDraw:4 
03-14 17:56:08.312  5569  6268 I ViewRootImpl@3b18772[camera]: mWNT: merge t to BBQ
03-14 17:56:08.313  4888  4888 D SurfaceFlinger: Display 0 HWC layers:
03-14 17:56:08.313  4888  4888 D SurfaceFlinger:  SOLID_COLOR |              | 0002 |  Unknown  |    0.0    0.0    0.0    0.0 |    0  176  720 1136 | Background for SurfaceView - com.sec[...]ndroid.app.camera.Camera@fae9691@0#0
03-14 17:56:08.313  4888  4888 D SurfaceFlinger:      DEVICE | 0x797b6b66c0 | 0100 | RGBA_8888    |    0.0    0.0  720.0 1600.0 |    0    0  720 1600 | com.sec.android.app.camera/com.sec.android.app.camera.Camera$_8608#0
03-14 17:56:08.313  4888  4888 D SurfaceFlinger:      CLIENT | 0x797d34e680 | 0100 | RGBA_8888    |    0.0    0.0  720.0 1600.0 |    0    0  720 1600 | Splash Screen com.sec.android.app.camera$_5569#0
03-14 17:56:08.313  4888  4888 D SurfaceFlinger:      CLIENT | 0x7963c2fe40 | 0100 | RGBA_8888    |    0.0    0.0  720.0   68.0 |    0    0  720   68 | StatusBar$_5569#0
03-14 17:56:08.313  4888  4888 D SurfaceFlinger:      DEVICE | 0x797d351600 | 0100 | RGBA_8888    |    0.0    0.0  720.0   84.0 |    0 1516  720 1600 | NavigationBar0$_5569#0
03-14 17:56:08.313  4888  4888 D SurfaceFlinger: 
03-14 17:56:08.314  4888  4888 I Layer   : id=23628 removeFromCurrentState com.sec.android.app.launcher/com.sec.android.app.launcher.activities.LauncherActivity$_5970#0 (113)
03-14 17:56:08.314  4888  4888 I Layer   : id=23631 removeFromCurrentState OneUiHome-BlurLayer#0 (113)
03-14 17:56:08.316  5230  7966 I ActivityManager: Process com.samsung.android.app.sharelive (pid 7674) has died: cch+99 CEM (198,1431)
03-14 17:56:08.316  5230  5264 V libprocessgroup: Killing process group -7674 in uid 5026 as part of process cgroup 7674
03-14 17:56:08.316  5230  5264 I libprocessgroup: Successfully killed process cgroup uid 5026 pid 7674 in 0ms
03-14 17:56:08.318  2785  2785 D HidDeviceService: handleMessage(): msg.what=8
03-14 17:56:08.323  5230  5791 I ActivityManager: DSS OFF for android
03-14 17:56:08.326  5569  6269 I ViewRootImpl@3b18772[camera]: mWNT: t = android.view.SurfaceControl$Transaction@3c31196 fN = 4 android.view.SyncRtSurfaceTransactionApplier.applyTransaction:94 android.view.SyncRtSurfaceTransactionApplier.lambda$scheduleApply$0$SyncRtSurfaceTransactionApplier:71 android.view.SyncRtSurfaceTransactionApplier$$ExternalSyntheticLambda0.onFrameDraw:4 
03-14 17:56:08.326  5569  6269 I ViewRootImpl@3b18772[camera]: mWNT: merge t to BBQ
03-14 17:56:08.327  5230  5791 D ActivityManager: attachApplicationLocked() app=ProcessRecord{3f6efbc 8702:android:drmService/1000} app.isolatedEntryPoint=null instr2=null
03-14 17:56:08.328  8608  8721 I AutoBeautyPhotoMaker: run InitializeMakerThread
03-14 17:56:08.328  8608  8656 I CamDeviceImpl-0: createRequestBuilder Template 1 IdSet null
03-14 17:56:08.328  8608  8721 I P_PhotoMakerBase: initializeProcessingPhotoMaker E
03-14 17:56:08.328  8608  8721 I PictureProcessorManager: initialize E
03-14 17:56:08.328  8608  8721 I CameraPerformance: ImmediateProcessor - DeviceMemoryLevel : LOW
03-14 17:56:08.328  8608  8721 I CameraPerformance: IppNodeController - createNodeChain E
03-14 17:56:08.328  4993  5763 D Camera3-Device: CameraPerf: constructDefaultRequestSettings templateId: 1 E
03-14 17:56:08.328  4864  5070 I ExynosCameraInterface: INFO(HAL3_camera_device_construct_default_request_settings[555]):in =====
03-14 17:56:08.328  8608  8721 W NodeFactory: creating dummyNode which is instance of com.samsung.android.camera.core2.node.contentsDetector.ContDetectorDummyNode
03-14 17:56:08.328  4864  5070 I ExynosCameraMetadataConverter: [CAM(0)][]-(constructDefaultRequestSettings[104]):Type(1)
03-14 17:56:08.329  8608  8721 W NodeFactory: creating dummyNode which is instance of com.samsung.android.camera.core2.node.singleInFocus.samsung.SingleInFocusDummyNode
03-14 17:56:08.329  4864  5070 I ExynosCameraMetadataConverter: [CAM(0)][]-(constructDefaultRequestSettings[133]):type is ANDROID_CONTROL_CAPTURE_INTENT_PREVIEW
03-14 17:56:08.330  8608  8721 W NodeFactory: creating dummyNode which is instance of com.samsung.android.camera.core2.node.udc.samsung.SecUdcDummyNode
03-14 17:56:08.333  8608  8721 W NodeFactory: creating dummyNode which is instance of com.samsung.android.camera.core2.node.allInFocus.arcsoft.AllInFocusDummyNode
03-14 17:56:08.334  5230  5681 I ActivityManager: Process com.google.android.projection.gearhead:shared (pid 30214) has died: cch+99 CEM (197,1431)
03-14 17:56:08.334  8608  8721 W NodeFactory: creating dummyNode which is instance of com.samsung.android.camera.core2.node.sshdr.SsHdrDummyNode
03-14 17:56:08.334  8608  8721 W NodeFactory: creating dummyNode which is instance of com.samsung.android.camera.core2.node.highRes.HighResDummyNode
03-14 17:56:08.334  8608  8721 W NodeFactory: creating dummyNode which is instance of com.samsung.android.camera.core2.node.fusionHighRes.FusionHighResDummyNode
03-14 17:56:08.335  8608  8721 W NodeFactory: creating dummyNode which is instance of com.samsung.android.camera.core2.node.superResolutionRaw.SRRawDummyNode
03-14 17:56:08.335  5230  5264 V libprocessgroup: Killing process group -30214 in uid 10194 as part of process cgroup 30214
03-14 17:56:08.335  5230  5264 I libprocessgroup: Successfully killed process cgroup uid 10194 pid 30214 in 0ms
03-14 17:56:08.335  8608  8721 W NodeFactory: creating dummyNode which is instance of com.samsung.android.camera.core2.node.hybridHdr.HybridHdrDummyNode
03-14 17:56:08.335  5230  5252 I ActivityTaskManager: Displayed com.sec.android.app.camera/.Camera: +753ms
03-14 17:56:08.335  5230  5252 I Pageboost: Launch time gathered : pid 8608 com.sec.android.app.camera 753
03-14 17:56:08.335  8608  8721 W NodeFactory: creating dummyNode which is instance of com.samsung.android.camera.core2.node.uwSuperResolution.UwSRDummyNode
03-14 17:56:08.335  4864  5070 I ExynosCameraMetadataConverter: [CAM(0)][]-(constructDefaultRequestSettings[487]):Registered default request template(1)
03-14 17:56:08.335  4864  5070 I ExynosCamera: [CAM(0)][Back_0]-(construct_default_request_settings[1531]):out
03-14 17:56:08.335  4864  5070 I ExynosCameraInterface: INFO(HAL3_camera_device_construct_default_request_settings[564]):out =====
03-14 17:56:08.335  4864  5070 I ExynosCameraInterface: DEBUG:duration time(    7 msec):(HAL3_camera_device_construct_default_request_settings)
03-14 17:56:08.335  8608  8721 W NodeFactory: creating dummyNode which is instance of com.samsung.android.camera.core2.node.superResolution.SRDummyNode
03-14 17:56:08.336  8608  8721 W NodeFactory: creating dummyNode which is instance of com.samsung.android.camera.core2.node.aiHighRes.AiHighResDummyNode
03-14 17:56:08.336  4993  5763 D Camera3-Device: CameraPerf: constructDefaultRequestSettings X
03-14 17:56:08.337  8702  8702 D ActivityThread: handleBindApplication()++ app=android:drmService
03-14 17:56:08.337  8608  8721 W NodeFactory: creating dummyNode which is instance of com.samsung.android.camera.core2.node.llhdr.LlHdrDummyNode
03-14 17:56:08.337  8608  8656 I CamDeviceImpl-0: createRequestBuilder Template 2 IdSet null
03-14 17:56:08.337  8608  8721 W NodeFactory: creating dummyNode which is instance of com.samsung.android.camera.core2.node.aebHdr.AebHdrDummyNode
03-14 17:56:08.337  4993  5763 D Camera3-Device: CameraPerf: constructDefaultRequestSettings templateId: 2 E
03-14 17:56:08.337  6764  6764 E pageboostd: Received HALT command code 2
03-14 17:56:08.337  8608  8721 W NodeFactory: creating dummyNode which is instance of com.samsung.android.camera.core2.node.superNight.SuperNightDummyNode
03-14 17:56:08.337  8608  8721 W NodeFactory: creating dummyNode which is instance of com.samsung.android.camera.core2.node.socialImgEnhance.SIEDummyNode
03-14 17:56:08.338  8608  8721 I CameraPerformance: IppNodeController - createNodeChain X
03-14 17:56:08.338  8702  8702 D CompatibilityChangeReporter: Compat change id reported: 171979766; UID 1000; state: ENABLED
03-14 17:56:08.338  8608  8721 I PictureProcessorManager: initialize X
03-14 17:56:08.338  8608  8721 I AutoBeautyPhotoMaker: PostProcessorCallbackHelper onPostProcessorSequenceCountChanged - PostProcessorStatusCallback(0), sequenceCount(0), camDevice CamDeviceImpl(9f8c034) - id(0) - CameraDevice(580a14f)
03-14 17:56:08.338  8608  8721 I P_PhotoMakerBase: initializeProcessingPhotoMaker X
03-14 17:56:08.338  8608  8721 I AutoBeautyPhotoMaker: initializeMaker E
03-14 17:56:08.338  4864  5070 I ExynosCameraInterface: INFO(HAL3_camera_device_construct_default_request_settings[555]):in =====
03-14 17:56:08.338  4864  5070 I ExynosCameraMetadataConverter: [CAM(0)][]-(constructDefaultRequestSettings[104]):Type(2)
03-14 17:56:08.338  4864  5070 I ExynosCameraMetadataConverter: [CAM(0)][]-(constructDefaultRequestSettings[137]):type is CAMERA3_TEMPLATE_STILL_CAPTURE
03-14 17:56:08.339  4864  5070 I ExynosCameraMetadataConverter: [CAM(0)][]-(constructDefaultRequestSettings[487]):Registered default request template(2)
03-14 17:56:08.339  4864  5070 I ExynosCamera: [CAM(0)][Back_0]-(construct_default_request_settings[1531]):out
03-14 17:56:08.339  4864  5070 I ExynosCameraInterface: INFO(HAL3_camera_device_construct_default_request_settings[564]):out =====
03-14 17:56:08.339  4864  5070 I ExynosCameraInterface: DEBUG:duration time(    1 msec):(HAL3_camera_device_construct_default_request_settings)
03-14 17:56:08.339  4993  5763 D Camera3-Device: CameraPerf: constructDefaultRequestSettings X
03-14 17:56:08.339  8608  8721 I V4/SecBeautyNode: created - BeautyInitParam - previewSize 960x720, camCapability(fa0ce45), shootingMode 0
03-14 17:56:08.339  8608  8721 W NodeFactory: creating dummyNode which is instance of com.samsung.android.camera.core2.node.smartScan.SmartScanDummyNode
03-14 17:56:08.339  8608  8721 W NodeFactory: creating dummyNode which is instance of com.samsung.android.camera.core2.node.starEffect.StarEffectDummyNode
03-14 17:56:08.340  8608  8721 I ImageUtils: size : 640, 480
03-14 17:56:08.340  8608  8721 I AgifNode: initialize - activate true, asyncInit false(delay 0ms)
03-14 17:56:08.340  8608  8721 I AgifNode: setActivate - activate true
03-14 17:56:08.341  8608  8721 I AutoBeautyPhotoMaker: setRepeatingKey - RepeatingKey - name LIVE_BEAUTY, repeatingMode MAIN_PREVIEW_CALLBACK_ONLY, frameRate RATIO_MAX_PREVIEW_FPS, enable: true
03-14 17:56:08.342  8608  8721 W CLog    : Tag(PolarrCompositionGuideNode)'s length(26) is longer than limit(23).
03-14 17:56:08.342  8608  8721 W NodeFactory: creating dummyNode which is instance of com.samsung.android.camera.core2.node.sceneDetection.SceneDetectionDummyNode
03-14 17:56:08.343  8608  8721 I AutoBeautyPhotoMaker: initializeMaker X
03-14 17:56:08.343 29550 29550 I GOS:GosService: onDestroy.
03-14 17:56:08.344  5569  5714 D OpenGLRenderer: setSurface called with nullptr
03-14 17:56:08.344  5569  5714 D OpenGLRenderer: setSurface() destroyed EGLSurface
03-14 17:56:08.344  5569  5714 D OpenGLRenderer: destroyEglSurface
03-14 17:56:08.346  4888  4919 I SurfaceFlinger: id=23628 Removed com.sec.android.app.launcher/com.sec.android.app.launcher.activities.LauncherActivity$_5970#0 (113)
03-14 17:56:08.346  8608  8656 I AutoBeautyPhotoMaker: setSessionKeys - CaptureRequest.Key(samsung.android.control.recordingMaxFps) : 0
03-14 17:56:08.347  4864  8701 I ExynosCameraMCPipe: [CAM(0)][PIPE_3AA]-(m_preCreate[1595]):m_preCreate() is succeed, Pipe(6), prepare(0)
03-14 17:56:08.347  4864  8701 I ExynosCameraMCPipe: [CAM(0)][PIPE_3AA]-(m_postCreate[1620]):m_postCreate() is succeed, Pipe(6)
03-14 17:56:08.347  8608  8656 I AutoBeautyPhotoMaker: setSessionKeys - CaptureRequest.Key(samsung.android.control.swSuperVideoStabilization) : false
03-14 17:56:08.347  8608  8656 I AutoBeautyPhotoMaker: setSessionKeys - CaptureRequest.Key(samsung.android.sensor.streamType) : 0 is not available
03-14 17:56:08.348  8608  8656 I AutoBeautyPhotoMaker: setSessionKeys - CaptureRequest.Key(samsung.android.control.ssmShotMode) : 0 is not available
03-14 17:56:08.348  8608  8656 I AutoBeautyPhotoMaker: setSessionKeys - CaptureRequest.Key(samsung.android.control.videoBeautyFace) : false
03-14 17:56:08.348  8608  8656 I AutoBeautyPhotoMaker: setSessionKeys - CaptureRequest.Key(samsung.android.control.swVideoStabilization) : 0
03-14 17:56:08.348  8608  8656 I AutoBeautyPhotoMaker: setSessionKeys - CaptureRequest.Key(samsung.android.control.cameraClient) : 0
03-14 17:56:08.348  8608  8656 I AutoBeautyPhotoMaker: setSessionKeys - CaptureRequest.Key(samsung.android.control.externalDeviceConnected) : 0 is not available
03-14 17:56:08.348  8608  8656 I AutoBeautyPhotoMaker: setSessionKeys - CaptureRequest.Key(samsung.android.control.recordingDrMode) : 0 is not available
03-14 17:56:08.348  8608  8656 I AutoBeautyPhotoMaker: [CAMFWKPI] createCaptureSession E
03-14 17:56:08.349  8608  8656 I SessionConfig: dumpSessionConfig - mainPreviewSurfaceConfig : streamOption: 1, physicalId: null, surface: Surface(name=null)/@0x5b1de5d, size: 960x720, source: null
03-14 17:56:08.349  8608  8656 I SessionConfig: dumpSessionConfig - mainPreviewCbConfig : streamOption: 1, physicalId: null, format: YUV_420_888, size: 960x720
03-14 17:56:08.349  8608  8656 I SessionConfig: dumpSessionConfig - first compPicCbConfig : streamOption: 2, physicalId: null, format: JPEG, size: 4000x3000
03-14 17:56:08.349  8608  8656 I SessionConfig: dumpSessionConfig - first unCompPicCbConfig : streamOption: 2, physicalId: null, format: YUV_420_888, size: 4000x3000
03-14 17:56:08.350  8608  8656 I SessionConfig: dumpSessionConfig - thumbnailCbConfig : streamOption: 4, physicalId: null, format: YUV_420_888, size: 512x384
03-14 17:56:08.350  5230  7331 V WindowManager: Relayout Window{94bd8f6 u0 Splash Screen com.sec.android.app.camera}: viewVisibility=8 req=720x1600 d0
03-14 17:56:08.351  8608  8656 I SessionConfig: dumpSessionConfig - previewRequestBuilderMap {Pair{0 null}=android.hardware.camera2.CaptureRequest$Builder@f0d2f84}
03-14 17:56:08.351  8608  8656 I SessionConfig: dumpSessionConfig - pictureRequestBuilderMap {Pair{0 null}=android.hardware.camera2.CaptureRequest$Builder@12fa36d}
03-14 17:56:08.351  8608  8656 I SessionConfig: dumpSessionConfig - recordRequestBuilderMap null
03-14 17:56:08.351  8608  8656 I SessionConfig: dumpSessionConfig - cameraParameter first-entrance=false;samsungcamera=true;factorytest=false;shootingmode=1;recording-fps=0;sw-vdis=false;video-beautyface=false;vtmode=0;operation_mode=none;ssm_shot_mode=0;recording_dr_mode=sdr;sw-super_vdis=false;stream_type=0;
03-14 17:56:08.351  8608  8656 I SessionConfig: dumpSessionConfig - sessionStateCallback com.samsung.android.camera.core2.maker.PhotoMakerBase$8@861fba2
03-14 17:56:08.351  8608  8656 I CamDeviceImpl-0: createCaptureSessionInternal E
03-14 17:56:08.351  5230  7331 I WindowManager: Reparenting to leash, surface=Surface(name=94bd8f6 Splash Screen com.sec.android.app.camera)/@0xe32406d, leashParent=Surface(name=ActivityRecord{7a832cc u0 com.sec.android.app.camera/.Camera t11418})/@0x4137a54
03-14 17:56:08.352  4864  8701 I ExynosCameraMCPipe: [CAM(0)][PIPE_ISP]-(m_preCreate[1595]):m_preCreate() is succeed, Pipe(12), prepare(0)
03-14 17:56:08.352  4864  8701 I ExynosCameraMCPipe: [CAM(0)][PIPE_ISP]-(m_postCreate[1620]):m_postCreate() is succeed, Pipe(12)
03-14 17:56:08.352  4864  8701 I ExynosCameraMCPipe: [CAM(0)][PIPE_MCSC]-(m_preCreate[1595]):m_preCreate() is succeed, Pipe(18), prepare(0)
03-14 17:56:08.352  4864  8701 I ExynosCameraMCPipe: [CAM(0)][PIPE_MCSC]-(m_postCreate[1620]):m_postCreate() is succeed, Pipe(18)
03-14 17:56:08.352  8608  8656 I CamDeviceImpl-0: createMainPreviewImageReader
03-14 17:56:08.352  4888  4919 I SurfaceFlinger: id=25319 createSurf (0x0),-1 flag=24000, Surface(name=94bd8f6 Splash Screen com.sec.android.app.camera)/@0xe32406d - animation-leash of window_animation#0
03-14 17:56:08.353  5230  7331 D WindowManager: makeSurface duration=1 leash=Surface(name=Surface(name=94bd8f6 Splash Screen com.sec.android.app.camera)/@0xe32406d - animation-leash of window_animation)/@0xc54d4a2
03-14 17:56:08.354  8608  8656 I CamDeviceHandlerManager: getImageReaderHandler - MAIN_PREVIEW
03-14 17:56:08.354  8608  8656 I CamDeviceHandlerManager: startImageReaderHandlerThread-MAIN_PREVIEW
03-14 17:56:08.354  4864  8701 I ExynosCameraPipeVRA: [CAM(0)][PIPE_VRA]-(create[79]):create() is succeed (25) prepare (0)
03-14 17:56:08.355  4864  8701 I ExynosCameraSWPipe: [CAM(0)][PIPE_GSC]-(create[37]):create() is succeed (33)
03-14 17:56:08.355  4864  8701 I ExynosCameraSWPipe: [CAM(0)][PIPE_GSC_VIDEO]-(create[37]):create() is succeed (34)
03-14 17:56:08.355  4888  4888 I Layer   : id=23628 Destroyed com.sec.android.app.launcher/com.sec.android.app.launcher.activities.LauncherActivity$_5970#0
03-14 17:56:08.355  4864  8701 I ExynosCameraSWPipe: [CAM(0)][PIPE_GSC_PICTURE]-(create[37]):create() is succeed (35)
03-14 17:56:08.355  4888  4888 I Layer   : id=23631 Destroyed OneUiHome-BlurLayer#0
03-14 17:56:08.355  4864  8701 I ExynosCameraSWPipe: [CAM(0)][PIPE_SW_MCSC]-(create[37]):create() is succeed (60)
03-14 17:56:08.355  4864  8701 I ExynosCameraSWPipe: [CAM(0)][SW_MCSC_YUV0]-(create[37]):create() is succeed (19)
03-14 17:56:08.355  4864  8701 I ExynosCameraSWPipe: [CAM(0)][SW_MCSC_YUV1]-(create[37]):create() is succeed (20)
03-14 17:56:08.355  4864  8701 I ExynosCameraSWPipe: [CAM(0)][SW_MCSC_YUV2]-(create[37]):create() is succeed (21)
03-14 17:56:08.355  4864  8701 I ExynosCameraSWPipe: [CAM(0)][SW_MCSC_DS]-(create[37]):create() is succeed (24)
03-14 17:56:08.355  4864  8701 I ExynosCameraSWPipe: [CAM(0)][PIPE_SW_TDNR]-(create[37]):create() is succeed (61)
03-14 17:56:08.356  8608  8656 I CamDeviceImpl-0: createPicImageReader - create(FIRST_COMP, cnt:5)
03-14 17:56:08.356  8608  8656 I BlockingImageReader: mNeedReleaseFreeBuffers false
03-14 17:56:08.356  8608  8656 I CamDeviceImpl-0: createPicImageReader - create(FIRST_UN_COMP, cnt:5)
03-14 17:56:08.357  8608  8656 I BlockingImageReader: mNeedReleaseFreeBuffers false
03-14 17:56:08.357  8608  8656 I CamDeviceImpl-0: createThumbnailImageReader - create
03-14 17:56:08.357  8608  8656 I BlockingImageReader: mNeedReleaseFreeBuffers false
03-14 17:56:08.357  8608  8656 I CamDeviceHandlerManager: getImageReaderHandler - THUMBNAIL
03-14 17:56:08.357  8608  8656 I CamDeviceHandlerManager: startImageReaderHandlerThread-THUMBNAIL
03-14 17:56:08.360  8608  8656 I CamDeviceImpl-0: setCameraParameter - rawParam first-entrance=false;samsungcamera=true;factorytest=false;shootingmode=1;recording-fps=0;sw-vdis=false;video-beautyface=false;vtmode=0;operation_mode=none;ssm_shot_mode=0;recording_dr_mode=sdr;sw-super_vdis=false;stream_type=0;

03-14 17:56:22.173  8608  8608 I RequestQueue: interruptCurrentRequest : current request = -1, interruptible = true
03-14 17:56:22.173  8608  8608 I RequestQueue: prepareToStop : shutdownNow
03-14 17:56:22.173  8608  8608 I RequestQueue: prepareToStop : Queue size = 0 []
03-14 17:56:22.174  8608  8608 I RequestQueue: prepareToStop : awaitTermination
03-14 17:56:22.174  8608  8608 I RequestQueue: prepareToStop : awaitTermination = true
03-14 17:56:22.174  8608  8608 I PictureProcessor: release : awaitTermination is completed.
03-14 17:56:22.174  8608  8608 I CameraPerformance: ShootingMode - onInActivate : Start[1678809382174] - (Photo)
03-14 17:56:22.174  8608  8608 I ZoomPresenter: refreshProperty zoomCategory: NOT_SUPPORT, supportUiSet: [], zoomPositionType:NORMAL, buttonList: [], defaultButtonValue: [-1, -1, -1]
03-14 17:56:22.174  5230  5375 D WindowManager: finishDrawingWindow: Window{8ef1baa u0 com.sec.android.app.launcher/com.sec.android.app.launcher.activities.LauncherActivity} mDrawState=DRAW_PENDING
03-14 17:56:22.175  5230  5791 D WifiDisplayAdapter: getWifiDisplayStatusLocked: result=WifiDisplayStatus{featureState=1, scanState=0, activeDisplayState=0, activeDisplay=null, displays=[]}
03-14 17:56:22.175  5230  5256 V WindowManager: Setting visibility of Window{a3d1599 u0 com.android.systemui.ImageWallpaper}: true, caller=com.android.server.wm.WindowContainer.sendAppVisibilityToClients:1110 com.android.server.wm.WindowToken.setClientVisible:448 com.android.server.wm.WallpaperWindowToken.setVisible:162 com.android.server.wm.WallpaperWindowToken.commitVisibility:202 com.android.server.wm.WallpaperWindowToken.setVisibility:187 
03-14 17:56:22.175  5230  5791 D WifiDisplayAdapter: getWifiDisplayStatusLocked: result=WifiDisplayStatus{featureState=1, scanState=0, activeDisplayState=0, activeDisplay=null, displays=[]}
03-14 17:56:22.175  5569 17580 D WallpaperService: dispatchAppVisibility onVisibilityChanged(): true
03-14 17:56:22.176  5230  5791 D WifiDisplayAdapter: getWifiDisplayStatusLocked: result=WifiDisplayStatus{featureState=1, scanState=0, activeDisplayState=0, activeDisplay=null, displays=[]}
03-14 17:56:22.176  5569  5569 D WallpaperService: updateSurface forceRelayout=true forceReport=false redrawNeeded=false myWidth=1600 myHeight=1600 fixedSize=true x = 0 y = 0 mWidth=1600 mHeight=1600 mIsSleepMode=false
03-14 17:56:22.176  5569  5569 D WallpaperService: mDeviceHeight : 1600, mDeviceWidth : 720,mDeviceRotation  : 0
03-14 17:56:22.176  5230  5791 D WifiDisplayAdapter: getWifiDisplayStatusLocked: result=WifiDisplayStatus{featureState=1, scanState=0, activeDisplayState=0, activeDisplay=null, displays=[]}
03-14 17:56:22.176  4860  4902 I HYPER-HAL: [RequestManager.cpp]acquire(): Acquired ID : 37053136  [8608 / 0]    HINT : CAMERA_PAUSE    list : [TIMEOUT / 5000] 
03-14 17:56:22.176  8608  8608 I KeyScreenLayerPresenter: onHideViewRequested mBitMarker ffffffbf mBitMarkerForViewVisibility ffffffff
03-14 17:56:22.177  8608  8608 I PopupLayerView: hideAllPopup
03-14 17:56:22.177  8608  8608 I RequestQueue: addRequest : SET_PRIVATE_SETTING, enable_qr_code_detection : false
03-14 17:56:27.038  5970  5970 W PagedView: snapToPage (1), mStartTime = 389962112
03-14 17:56:27.039  5230  5230 I SemDvfsHyPerManager: acquire hyper - SMOOTH_SCROLL/5230@18, type = -999
03-14 17:56:27.039  5230  5230 I SemDvfsHyPerManager: acquire hyper - GESTURE_DETECTED/5230@26, type = -999
03-14 17:56:27.039  5230  5230 I SemDvfsHyPerManager: acquire hyper - GESTURE_DETECTED/5230@26, type = -999
03-14 17:56:27.039  4862  4881 V SS_POWER_HAL_QOS: threadLoop [DEXOPT] timeout extended
03-14 17:56:27.040  4860  4902 I HYPER-HAL: [RequestManager.cpp]acquire(): Acquired ID : 13773394  [5230 / 18]    HINT : SMOOTH_SCROLL    list : 
03-14 17:56:27.040  5970  5970 W PagedView: Touch Pos : D-(674, 389961955)-M-(666, 389961977)-SS-M-(639, 389961994)-M-(609, 389962012)-M-(560, 389962029)-M-(530, 389962046)-M-(462, 389962062)-M-(403, 389962079)-M-(381, 389962112)-M-(323, 389962138)-U-(323, 389962139)-End
03-14 17:56:27.044  4860  4902 I HYPER-HAL: [RequestManager.cpp]releaseLocked(): Released ID : 13773394
03-14 17:56:27.044  4860  4902 I HYPER-HAL: [RequestManager.cpp]acquire(): Acquired ID : 13815422  [5230 / 26]    HINT : GESTURE_DETECTED    list : [TIMEOUT / 2989] 
03-14 17:56:27.045  5970  5970 W PagedView: mScroller.getCurrX() = 405, 389962146
03-14 17:56:27.046  4860  4902 I HYPER-HAL: [RequestManager.cpp]acquire(): Acquired ID : 13815422  [5230 / 26]    HINT : GESTURE_DETECTED    list : [TIMEOUT / 2989] 
03-14 17:56:27.062  5970  5970 W PagedView: mScroller.getCurrX() = 557, 389962162
03-14 17:56:27.079  5970  5970 W PagedView: mScroller.getCurrX() = 644, 389962179
03-14 17:56:27.096  5970  5970 W PagedView: mScroller.getCurrX() = 686, 389962196
03-14 17:56:27.113  5970  5970 W PagedView: mScroller.getCurrX() = 703, 389962213
03-14 17:56:27.129  5970  5970 W PagedView: mScroller.getCurrX() = 708, 389962229
03-14 17:56:27.146  5970  5970 W PagedView: mScroller.getCurrX() = 709, 389962246
03-14 17:56:27.180  5970  7776 I DvfsUtil: releasePageSwipe : takenTime = 283
03-14 17:56:27.197  5970  5970 W PagedView: Scroll Pos : (8, 389961994)-(38, 389962012)-(87, 389962029)-(117, 389962046)-(185, 389962062)-(244, 389962079)-(266, 389962112)-(324, 389962138)-(405, 389962146)-(557, 389962162)-(644, 389962179)-(686, 389962196)-(703, 389962213)-(708, 389962229)-(709, 389962246)-End
03-14 17:56:27.200  5230  5230 I Pageboost: package null
03-14 17:56:27.201  5970  6134 I SPayUpdater: updateSpayHandler, show = true, defaultPage = false
03-14 17:56:27.201  6764  6764 E pageboostd: Received HALT command code 2
03-14 17:56:27.595  4485  4485 D io_stats: !@ 179,0 r 1806441 44211765 w 1504018 20360048 d 200643 16216096 f 0 0 iot 974252 0 th 0 0 0 pt 0 inp 0 0 389962.696
03-14 17:56:27.652  4993 18724 I Camera3-Device: disconnectImpl: E
03-14 17:56:27.652  4993 18724 D Camera3-Device: disconnectImpl: mInterfaceLock.unlock()
03-14 17:56:27.652  4993 18724 D CameraService: BasicClient::disconnect E
03-14 17:56:27.652  4993 18724 D CameraService: BasicClient::disconnect X - already disconnected
03-14 17:56:27.652  4993 18724 I Camera2ClientBase: Closed Camera 1. Client was: com.sec.android.app.camera (PID 8608, UID 10107)
03-14 17:56:27.652  4993 18724 I Camera3-Device: disconnectImpl: E
03-14 17:56:27.652  4993 18724 D Camera3-Device: disconnectImpl: mInterfaceLock.unlock()
03-14 17:56:27.652  4993 18724 D Camera3-RequestInjector: RequestInjector[1] Mapper destroyed
03-14 17:56:27.652  4993 18724 I Camera3DeviceInjectionMethods: injectionDisconnectImpl: Injection camera disconnect
03-14 17:56:27.653  4993 18724 I Camera3-Device: disconnectImpl: E
03-14 17:56:27.653  4993 18724 D Camera3-Device: disconnectImpl: mInterfaceLock.unlock()
03-14 17:56:27.653  4993 18724 D CameraService: BasicClient::disconnect E
03-14 17:56:27.653  4993 18724 D CameraService: BasicClient::disconnect X - already disconnected
03-14 17:56:27.653  4993 18724 I Camera2ClientBase: Closed Camera 0. Client was: com.sec.android.app.camera (PID 8608, UID 10107)
03-14 17:56:27.653  4993 18724 I Camera3-Device: disconnectImpl: E
03-14 17:56:27.653  4993 18724 D Camera3-Device: disconnectImpl: mInterfaceLock.unlock()
03-14 17:56:27.653  4993 18724 D Camera3-RequestInjector: RequestInjector[0] Mapper destroyed
03-14 17:56:27.653  4993 18724 I Camera3DeviceInjectionMethods: injectionDisconnectImpl: Injection camera disconnect
03-14 17:56:27.655  8608  8620 W System  : A resource failed to call release. 
03-14 17:56:27.657  8608  8620 W System  : A resource failed to call release. 
03-14 17:56:28.040  4862  4881 V SS_POWER_HAL_QOS: threadLoop [DEXOPT] nothing to do, waiting
03-14 17:56:28.943  4860  9251 I HYPER-HAL: [RequestManager.cpp]releaseLocked(): Released ID : 17338216
03-14 17:56:29.480  5230  5519 D InputDispatcher: Inject motion (8392): action=0x0, time=389964580000000, f=0x0, d=0
03-14 17:56:29.480  5230  5377 I InputDispatcher: Delivering touch to (5569): action: 0x4, f=0x0, d=0, 'd0ab725', t=1 
03-14 17:56:29.481  5230  5377 I InputDispatcher: Delivering touch to (5970): action: 0x0, f=0x0, d=0, '8ef1baa', t=1 
03-14 17:56:29.481  5970  5970 I ViewRootImpl@51efc74[LauncherActivity]: ViewPostIme pointer 0
03-14 17:56:29.481  5970  5970 W BaseDragLayer: dispatchTouchEvent, ACTION_DOWN - mTouchDispatchState = 9
03-14 17:56:29.481  4862  4881 V SS_POWER_HAL_QOS: threadLoop [DEXOPT] woke from wait
03-14 17:56:29.482  5230  5253 I GestureDetector: obtain mCurrentDownEvent. id: -423180138 caller: com.android.server.wm.SystemGesturesPointerEventListener.onPointerEvent:179 com.android.server.wm.PointerEventDispatcher.onInputEvent:71 android.view.InputEventReceiver.dispatchInputEvent:259 
03-14 17:56:29.482  5230  5253 I GestureDetector: obtain mCurrentDownEvent. id: -423180138 caller: com.android.server.wm.SystemPerformancePointerEventListener.onPointerEvent:89 com.android.server.wm.PointerEventDispatcher.onInputEvent:71 android.view.InputEventReceiver.dispatchInputEvent:259 
03-14 17:56:29.482  5970  5970 W BaseDragLayer: findActiveController return false mTouchDispatchState = 9
03-14 17:56:29.483  5970  5970 W AppStartUtils: sendActiveLaunchBroadcast() id : 19
03-14 17:56:29.485  5230  5532 I Pageboost: start alp : com.netflix.mediaclient
03-14 17:56:29.485  5230  5532 D ActivityTaskManager: Checking for the Active launch isPkgEverLaunched :true, isPkgStopped : false, isDataCleared :false, isAutoRunBlocked : false
03-14 17:56:29.486  5230  5536 I Pageboost: alp for : com.netflix.mediaclient , 0
03-14 17:56:29.486  6764  9256 E pageboostd: alp start : app comnetflixmediaclient
03-14 17:56:29.486  5230  5532 W ContextImpl: Calling a method in the system process without a qualified user: android.app.ContextImpl.startActivity:1117 com.android.server.wm.ActivityTaskManagerService$ActiveLaunchReceiver.onReceive:1169 android.app.LoadedApk$ReceiverDispatcher$Args.lambda$getRunnable$0$LoadedApk$ReceiverDispatcher$Args:1806 android.app.LoadedApk$ReceiverDispatcher$Args$$ExternalSyntheticLambda0.run:2 android.os.Handler.handleCallback:938 
03-14 17:56:29.487  5230  5532 D ActivityTaskManager: startActivityAsUser: callingPid=5230, callingUid=1000, caller=com.android.server.wm.ActivityTaskManagerService.startActivityAsUser:1744 com.android.server.wm.ActivityTaskManagerService.startActivity:1697 android.app.Instrumentation.execStartActivity:1743 android.app.ContextImpl.startActivity:1135 com.android.server.wm.ActivityTaskManagerService$ActiveLaunchReceiver.onReceive:1169 android.app.LoadedApk$ReceiverDispatcher$Args.lambda$getRunnable$0$LoadedApk$ReceiverDispatcher$Args:1806 android.app.LoadedApk$ReceiverDispatcher$Args$$ExternalSyntheticLambda0.run:2 
03-14 17:56:29.488  5230  5532 I CursorWindowStats: Created a new Cursor. # Open Cursors=1 (# cursors opened by this proc=1)
03-14 17:56:29.489  5230  5532 D ActivityTaskManager: request preloading for newly launching app : com.netflix.mediaclient.ui.launch.UIWebViewActivity
03-14 17:56:29.491  5230  5253 I GestureDetector: obtain mCurrentMotionEventRaw. action: 2 id: -143525144
03-14 17:56:29.491  5230  5253 I GestureDetector: obtain mCurrentMotionEventRaw. action: 2 id: -143525144
03-14 17:56:29.492  5230  5532 E ActivityTaskManager: TouchDown intent received, starting ActiveLaunch
03-14 17:56:29.492  5230  5532 D ActivityTaskManager: starting Active launch
03-14 17:56:29.493  5569  5569 D StartingSurfaceDrawer: preloadSplashScreenAppIcon com.netflix.mediaclient
03-14 17:56:29.493  5230  5255 D CompatibilityChangeReporter: Compat change id reported: 135634846; UID 10184; state: DISABLED
03-14 17:56:29.494  5230  5255 D CompatibilityChangeReporter: Compat change id reported: 177438394; UID 10184; state: DISABLED
03-14 17:56:29.494  5230  5255 D CompatibilityChangeReporter: Compat change id reported: 135772972; UID 10184; state: DISABLED
03-14 17:56:29.494  5230  5255 D CompatibilityChangeReporter: Compat change id reported: 135754954; UID 10184; state: ENABLED
03-14 17:56:29.495  5230  5263 D CompatibilityChangeReporter: Compat change id reported: 143937733; UID 10184; state: ENABLED
03-14 17:56:29.497  5970  5970 W BaseDragLayer: findActiveController return false mTouchDispatchState = 9
03-14 17:56:29.508  4809  4809 D Zygote  : Forked child process 9257
03-14 17:56:29.509  5230  5263 I ActivityManager: Start proc 9257:com.netflix.mediaclient/u0a184 for activelaunch {com.netflix.mediaclient/com.netflix.mediaclient.ui.launch.UIWebViewActivity}
03-14 17:56:29.513  5970  5970 W BaseDragLayer: findActiveController return false mTouchDispatchState = 9
03-14 17:56:29.520  5230  5519 D InputDispatcher: Inject motion (8392): action=0x1, time=389964621000000, f=0x0, d=0
03-14 17:56:29.520  5230  5377 I InputDispatcher: Delivering touch to (5970): action: 0x1, f=0x0, d=0, '8ef1baa', t=1 
03-14 17:56:29.521  5970  5970 I ViewRootImpl@51efc74[LauncherActivity]: ViewPostIme pointer 1
03-14 17:56:29.522  5970  5970 W TaskViewTouchController: onControllerInterceptTouchEvent, clearState.
03-14 17:56:29.522  5970  5970 W BaseDragLayer: findActiveController return false mTouchDispatchState = 0
03-14 17:56:29.525  5970  5970 W ItemClickHandler: Icon Clicked
03-14 17:56:29.526  5970  5970 I DvfsUtil: acquireAppLaunch(intent)
03-14 17:56:29.526  5970  5970 I SemDvfsHyPerManager: acquire hyper - APP_LAUNCH/5970@0, type = -999
03-14 17:56:29.527  4860  4902 I HYPER-HAL: [RequestManager.cpp]acquire(): Acquired ID : 17823435  [5970 / 0]    HINT : APP_LAUNCH    list : 
03-14 17:56:29.528  5970  5970 I QuickstepTransition: startWaitingForResponse
03-14 17:56:29.528  7259  7259 I SemDvfsHyPerManager: acquire hyper - APP_START_SHORT/7259@15, type = -999
03-14 17:56:29.530  4860  4902 I HYPER-HAL: [RequestManager.cpp]acquire(): Acquired ID : 26459190  [7259 / 15]    HINT : APP_START    list : [TIMEOUT / 1500] 
03-14 17:56:29.531  7259  7259 E libperflog: [LIBPERFLOG] socket_local_client fail = -1
03-14 17:56:29.532  5230  7331 D ActivityTaskManager: startActivityAsUser: callingPid=5970, callingUid=10088, caller=com.android.server.wm.ActivityTaskManagerService.startActivityAsUser:1744 com.android.server.wm.ActivityTaskManagerService.startActivity:1697 android.app.IActivityTaskManager$Stub.onTransact:1132 com.android.server.wm.ActivityTaskManagerService.onTransact:6223 android.os.Binder.execTransactInternal:1215 android.os.Binder.execTransact:1179 <bottom of call stack> 
03-14 17:56:29.533  5230  7331 I CursorWindowStats: Created a new Cursor. # Open Cursors=1 (# cursors opened by this proc=1)
03-14 17:56:29.534  5230  7331 I ActivityTaskManager: START u0 {act=android.intent.action.MAIN cat=[android.intent.category.LAUNCHER] flg=0x10200000 cmp=com.netflix.mediaclient/.ui.launch.UIWebViewActivity bnds=[194,823][358,1056]} from uid 10088
03-14 17:56:29.544  9257  9257 D lix.mediaclien: Received session metadata: 3366053786058952928
03-14 17:56:29.547  9257  9257 E lix.mediaclien: Not starting debugger since process cannot load the jdwp agent.
03-14 17:56:29.549  9257  9257 E USNET   : USNET: appName: com.netflix.mediaclient
03-14 17:56:29.550  9257  9257 D ProcessState: Binder ioctl to enable oneway spam detection failed: Invalid argument
03-14 17:56:29.552  9257  9257 D ActivityThread: setConscryptValidator
03-14 17:56:29.552  9257  9257 D ActivityThread: setConscryptValidator - put
03-14 17:56:29.586  5230  5536 I Pageboost: stop alp by timeout
03-14 17:56:29.588  6764  6764 E pageboostd: Received HALT command code 2
03-14 17:56:29.589  5230  7331 D ActivityTaskManager: calculate: ActivityOptions LaunchMode(mLaunchWindowingMode=0, mForceLaunchWindowingMode=0, mLaunchDisplayId=0)
03-14 17:56:29.589  5230  7331 D ActivityTaskManager: TaskLaunchParamsModifier:task=null activity=ActivityRecord{aebb302 u0 com.netflix.mediaclient/.ui.launch.UIWebViewActivity display-from-option=0 display-id=0 display-windowing-mode=1 suggested-display-area=DefaultTaskDisplayArea@179158375
03-14 17:56:29.589  5230  7331 D [secipm]: mSecIpmManager Preload com.netflix.mediaclient dex files
03-14 17:56:29.590  5230  7331 D ActivityTaskManager: calculate: ActivityOptions LaunchMode(mLaunchWindowingMode=0, mForceLaunchWindowingMode=0, mLaunchDisplayId=0)
03-14 17:56:29.590  5230  6698 D PkgPredictorService-IpmAdcpController: create a new DexPreloadTask pkg:com.netflix.mediaclient  path:/data/app/~~YSBpAs4Ii8YcVsQYie46Lg==/com.netflix.mediaclient-OIN9VMKfNPNxgD_Yvxhfkw==
03-14 17:56:29.590  5230  7331 D ActivityTaskManager: TaskLaunchParamsModifier:task=null activity=ActivityRecord{aebb302 u0 com.netflix.mediaclient/.ui.launch.UIWebViewActivity t-1} display-from-option=0 display-id=0 display-windowing-mode=1 suggested-display-area=DefaultTaskDisplayArea@179158375 inherit-from-source=fullscreen activity-options-fullscreen=Rect(0, 0 - 0, 0) non-freeform-display display-area=DefaultTaskDisplayArea@179158375 maximized-bounds
03-14 17:56:29.590  5230  6016 I SemDvfsHyPerManager: acquire hyper - AMS_APP_SWITCH/5230@24, type = -999
03-14 17:56:29.590  4860  4902 I HYPER-HAL: [RequestManager.cpp]acquire(): Acquired ID : 13804909  [5230 / 24]    HINT : AMS_APP_SWITCH    list : 
03-14 17:56:29.591  5230  7331 W ActivityTaskManager: Can't find TaskDisplayArea to determine support for multi window. Task id=11419 attached=false
03-14 17:56:29.591  5230  6016 D ActivityManagerPerformance: AMP_acquire() APP_SWITCH
03-14 17:56:29.591  7259  7259 I SemDvfsHyPerManager: acquire hyper - APP_START_SHORT/7259@15, type = -999
03-14 17:56:29.592  4888  6645 I SurfaceFlinger: id=25343 createSurf (0x0),-1 flag=24004, Task=11419#0
03-14 17:56:29.592  4860  4902 I HYPER-HAL: [RequestManager.cpp]acquire(): Acquired ID : 26459190  [7259 / 15]    HINT : APP_START    list : [TIMEOUT / 1500] 
03-14 17:56:29.593  6764  9256 E pageboostd: comnetflixmediaclient, amt 21912136 scnt 6 fcnt 0
03-14 17:56:29.593  6764  9256 E pageboostd: alp end : app comnetflixmediaclient data_amount 21912136
03-14 17:56:29.593  6764  9256 E pageboostd: alp halted comnetflixmediaclient
03-14 17:56:29.594  5230  7331 D ActivityTaskManager: calculate: ActivityOptions LaunchMode(mLaunchWindowingMode=0, mForceLaunchWindowingMode=0, mLaunchDisplayId=0)
03-14 17:56:29.594  5230  7331 D ActivityTaskManager: TaskLaunchParamsModifier:task=Task{c720413 #11419 type=standard A=10184:com.netflix.mediaclient U=0 visible=false mode=fullscreen translucent=true sz=0} activity=ActivityRecord{aebb302 u0 com.netflix.mediaclient/.ui.launch.UIWebViewActivity t-1} display-from-option=0 display-id=0 display-windowing-mode=1 suggested-display-area=DefaultTaskDisplayArea@179158375 inherit-from-source=fullscreen activity-options-fullscreen=Rect(0, 0 - 0, 0) non-freeform-display display-area=DefaultTaskDisplayArea@179158375 maximized-bounds
03-14 17:56:29.596  4485  4485 D io_stats: !@ 179,0 r 1806921 44236297 w 1504023 20360204 d 200643 16216096 f 0 0 iot 974356 0 th 0 0 0 pt 0 inp 0 0 389964.697
03-14 17:56:29.596  5230  6698 D PkgPredictorService-IpmAdcpController: /data/app/~~YSBpAs4Ii8YcVsQYie46Lg==/com.netflix.mediaclient-OIN9VMKfNPNxgD_Yvxhfkw==/oat/arm64/base.art size 2613248
03-14 17:56:29.596  5230  7331 D CompatibilityChangeReporter: Compat change id reported: 184838306; UID 10184; state: DISABLED
03-14 17:56:29.596  5970  6135 I AppIconSolution: getThemeIconWithBG called with public API, pkg = com.netflix.mediaclient
03-14 17:56:29.596  5230  7331 D CompatibilityChangeReporter: Compat change id reported: 185004937; UID 10184; state: DISABLED
03-14 17:56:29.596  5970  6135 I AppIconSolution: return adaptive icon for com.netflix.mediaclient, isNight = true
03-14 17:56:29.597  5970  6135 I LauncherActivityInfo: packageName: com.netflix.mediaclient, useThemeIcon: false, height: 216, width: 216, density: 480
03-14 17:56:29.597  5230  7331 D CompatibilityChangeReporter: Compat change id reported: 181136395; UID 10184; state: DISABLED
03-14 17:56:29.597  5230  7331 D CompatibilityChangeReporter: Compat change id reported: 174042936; UID 10184; state: DISABLED
03-14 17:56:29.598  5230  7331 D CompatibilityChangeReporter: Compat change id reported: 174042980; UID 10184; state: DISABLED
03-14 17:56:29.598  4888  6645 I SurfaceFlinger: id=25344 createSurf (0x0),-1 flag=80004, ActivityRecord{aebb302 u0 com.netflix.mediaclient/.ui.launch.UIWebViewActivity t11419}#0
03-14 17:56:29.601  4862  4881 V SS_POWER_HAL_QOS: threadLoop [DEXOPT] timeout extended
03-14 17:56:29.602  5230  7331 W WindowManager: Prepare app transition: mNextAppTransitionRequests=[TRANSIT_OPEN], mNextAppTransitionFlags=, displayId: 0 Callers=com.android.server.wm.DisplayContent.prepareAppTransition:6369 com.android.server.wm.DisplayContent.prepareAppTransition:6364 com.android.server.wm.Task.startActivityLocked:8727 com.android.server.wm.ActivityStarter.startActivityInner:2898 com.android.server.wm.ActivityStarter.startActivityUnchecked:2311 
03-14 17:56:29.603  5230  7331 D CompatibilityChangeReporter: Compat change id reported: 168419799; UID 10184; state: DISABLED
03-14 17:56:29.604  5230  7331 D ActivityTaskManager: Add starting com.android.server.wm.ActivityRecord$AddStartingWindow@f193049: typeParam=11
03-14 17:56:29.605  5569  5569 D ShellTaskOrganizer: addStartingWindow: info=StartingWindowInfo{taskId=11419 targetActivityInfo=null displayId=0 topActivityType=1 preferredStartingWindowType=b insetsState=null topWindowLayoutParams=null mainWindowLayoutParams=null splashScreenThemeResId 7f1403db
03-14 17:56:29.605  5569  5662 D StartingSurfaceDrawer: addSplashScreen com.netflix.mediaclient theme=7f1403db task=11419 suggestType=1
03-14 17:56:29.608  5230  7331 I SemDvfsHyPerManager: acquire hyper - AMS_APP_LAUNCH/5230@14, type = -999
03-14 17:56:29.609  4860  4902 I HYPER-HAL: [RequestManager.cpp]acquire(): Acquired ID : 13752404  [5230 / 14]    HINT : AMS_APP_LAUNCH    list : 
03-14 17:56:29.609  7259  7259 I SemDvfsHyPerManager: acquire hyper - APP_START/7259@16, type = -999
03-14 17:56:29.610  4860  4902 I HYPER-HAL: [RequestManager.cpp]acquire(): Acquired ID : 26466466  [7259 / 16]    HINT : APP_START    list : 
03-14 17:56:29.612  5230  5519 I ActivityManager: DSS OFF for com.netflix.mediaclient
03-14 17:56:29.612  5230  5681 D InputTransport: Input channel constructed: '5bb8805', fd=1152
03-14 17:56:29.612  5230  5681 D InputTransport: Input channel constructed: '5bb8805', fd=1155
03-14 17:56:29.612  5230  5681 D InputTransport: Input channel constructed: '5bb8805', fd=1156
03-14 17:56:29.615  5230  5519 W ActivityManager: Slow operation: 61ms so far, now at attachApplicationLocked: before bindApplication
03-14 17:56:29.616  4888  6645 I SurfaceFlinger: id=25345 createSurf (0x0),-1 flag=80004, 5bb8805 Splash Screen com.netflix.mediaclient#0
03-14 17:56:29.617  5230  5681 D InputTransport: Input channel destroyed: '5bb8805', fd=1156
03-14 17:56:29.617  5970  5970 I BaseActivity: removeActivityFlags, flags : 16
03-14 17:56:29.617  5970  5970 I BaseActivity: removeActivityFlags, flags : 6
03-14 17:56:29.618  5970  5970 I DragController: endDrag
03-14 17:56:29.618  5569  5662 I ViewRootImpl@afa882e[mediaclient]: setView = android.widget.FrameLayout@faaf93a TM=true
03-14 17:56:29.618  5970  5970 W LauncherAppWidgetHost: setShouldListenFlag, mFlags:15 flag:resume on:false isFront:false
03-14 17:56:29.619  5569  5569 D PipMotionHelper: animateToOffset: originalBounds=Rect(356, 1299 - 692, 1488) offset=0 callers=
03-14 17:56:29.619  5569  5569 D PipMotionHelper:     com.android.wm.shell.pip.phone.PipTouchHandler.onMovementBoundsChanged:482
03-14 17:56:29.619  5569  5569 D PipMotionHelper:     com.android.wm.shell.pip.phone.PipController.updateMovementBounds:712
03-14 17:56:29.619  5569  5569 D PipMotionHelper:     com.android.wm.shell.pip.phone.PipController.lambda$init$3:351
03-14 17:56:29.619  5569  5569 D PipMotionHelper:     com.android.wm.shell.pip.phone.PipController.$r8$lambda$u15Oj_b57njSWegfZTV6TpliGaw:0
03-14 17:56:29.619  5569  5569 D PipMotionHelper:     com.android.wm.shell.pip.phone.PipController$$ExternalSyntheticLambda0.accept:8
03-14 17:56:29.619  5970  5970 I DecorView: notifyKeepScreenOnChanged: keepScreenOn=false
03-14 17:56:29.620  5970  5970 I SPayUpdater: updateSpayHandler launcher activity is paused false
03-14 17:56:29.620  5230  5519 W ActivityManager: Slow operation: 66ms so far, now at attachApplicationLocked: immediately before bindApplication
03-14 17:56:29.620  5230  5681 V WindowManager: Relayout Window{5bb8805 u0 Splash Screen com.netflix.mediaclient}: viewVisibility=0 req=720x1600 d0
03-14 17:56:29.621  4888  6645 I SurfaceFlinger: id=25346 createSurf (1x1),-3 flag=40004, Splash Screen com.netflix.mediaclient$_5569#0
03-14 17:56:29.622  5230  5681 D WindowManager: makeSurface duration=1 name=Splash Screen com.netflix.mediaclient$_5569
03-14 17:56:29.625  5230  5681 V WindowManager: Relayout hash=5bb8805, pid=5569: mAttrs={(0,0)(fillxfill) sim={adjust=pan} ty=APPLICATION_STARTING fmt=TRANSLUCENT wanim=0x1030303
03-14 17:56:29.625  5230  5681 V WindowManager:   fl=81030118
03-14 17:56:29.625  5230  5681 V WindowManager:   pfl=36000010
03-14 17:56:29.625  5230  5681 V WindowManager:   bhv=DEFAULT
03-14 17:56:29.625  5230  5681 V WindowManager:   fitSides= naviIconColor=0}
03-14 17:56:29.625  5230  5791 D MARsPolicyManager: onPackageResumedFG pkgName = com.netflix.mediaclient, userId = 0
