03-14 17:56:08.069  5230  5245 I WindowManager: Cancelling animation restarting=true, leash=Surface(name=Surface(name=d0ab725 NavigationBar0)/@0x946951f - animation-leash of insets_animation)/@0x12676e8
03-14 17:56:08.069  5230  5245 I WindowManager: Reparenting to original parent: Surface(name=WindowToken{78ddf1c android.os.BinderProxy@61f03ee})/@0x977206c, destroy=false, surface=Surface(name=d0ab725 NavigationBar0)/@0x946951f
03-14 17:56:08.069  5230  5245 I WindowManager: Reparenting to leash, surface=Surface(name=d0ab725 NavigationBar0)/@0x946951f, leashParent=Surface(name=WindowToken{78ddf1c android.os.BinderProxy@61f03ee})/@0x977206c
03-14 17:56:08.070  4888  4919 I SurfaceFlinger: id=25313 createSurf (0x0),-1 flag=24000, Surface(name=d0ab725 NavigationBar0)/@0x946951f - animation-leash of insets_animation#1
03-14 17:56:08.071  5230  5245 D WindowManager: makeSurface duration=1 leash=Surface(name=Surface(name=d0ab725 NavigationBar0)/@0x946951f - animation-leash of insets_animation)/@0x27e6bb6
03-14 17:56:08.071  5230  5245 D StatusBarManagerService: notifyRequestedSystemKey recent=false home=false
03-14 17:56:08.072  5230  7316 D CompatibilityChangeReporter: Compat change id reported: 157233955; UID 10107; state: ENABLED
03-14 17:56:08.073  5230  5245 V WindowManager: Relayout hash=a98b506, pid=8608: mAttrs={(0,0)(fillxfill) sim={adjust=nothing forwardNavigation} layoutInDisplayCutoutMode=shortEdges ty=BASE_APPLICATION fmt=TRANSLUCENT wanim=0x10302f2 rotAnim=SEAMLESS
03-14 17:56:08.073  5230  5245 V WindowManager:   fl=81810580
03-14 17:56:08.073  5230  5245 V WindowManager:   pfl=12020040
03-14 17:56:08.073  5230  5245 V WindowManager:   vsysui=200
03-14 17:56:08.073  5230  5245 V WindowManager:   bhv=SHOW_TRANSIENT_BARS_BY_SWIPE
03-14 17:56:08.073  5230  5245 V WindowManager:   fitSides= naviIconColor=0}
03-14 17:56:08.073  5230  5256 D CompatibilityChangeReporter: Compat change id reported: 158002302; UID 10107; state: ENABLED
03-14 17:56:08.073  5970 25357 I TouchInteractionService: onSystemUiStateChanged, stateFlags : 0
03-14 17:56:08.074  5970  5970 I TouchInteractionService: onSystemUiFlagsChanged, userUnlocked
03-14 17:56:08.075  4888  4920 W ServiceManager: Permission failure: android.permission.ACCESS_SURFACE_FLINGER from uid=10107 pid=8608
03-14 17:56:08.075  4888  4920 D PermissionCache: checking android.permission.ACCESS_SURFACE_FLINGER for uid=10107 => denied (630 us)
03-14 17:56:08.076  4888  4920 W ServiceManager: Permission failure: android.permission.ROTATE_SURFACE_FLINGER from uid=10107 pid=8608
03-14 17:56:08.076  4888  4920 D PermissionCache: checking android.permission.ROTATE_SURFACE_FLINGER for uid=10107 => denied (369 us)
03-14 17:56:08.077  8608  8608 I ViewRootImpl@cf6d370[Camera]: Relayout returned: old=(0,0,720,1600) new=(0,0,720,1600) req=(720,1600)0 dur=14 res=0x7 s={true 534193643520} ch=true fn=-1
03-14 17:56:08.077  5230  5256 D InsetsSourceProvider: updateVisibility: serverVisible=true, clientVisible=false, source=InsetsSource: {mType=ITYPE_STATUS_BAR, mFrame=[0,0][720,68], mVisible=false}, controlTarget=Window{a98b506 u0 com.sec.android.app.camera/com.sec.android.app.camera.Camera}, from=com.android.server.wm.InsetsSourceProvider.setClientVisible:415 com.android.server.wm.InsetsSourceProvider.updateClientVisibility:400 com.android.server.wm.InsetsStateController.onInsetsModified:508 com.android.server.wm.InsetsStateController.lambda$notifyPendingInsetsControlChanged$6$InsetsStateController:689 com.android.server.wm.InsetsStateController$$ExternalSyntheticLambda1.run:2 com.android.server.wm.WindowAnimator.executeAfterPrepareSurfacesRunnables:345 com.android.server.wm.WindowAnimator.animate:226 com.android.server.wm.WindowAnimator.lambda$new$1$WindowAnimator:106 com.android.server.wm.WindowAnimator$$ExternalSyntheticLambda0.doFrame:2 android.view.Choreographer$CallbackRecord.run:1106 
03-14 17:56:08.077  8608  8608 I SurfaceView@fae9691: windowStopped(false) true android.view.SurfaceView{fae9691 V.E...... ......ID 0,176-720,1136 #7f0a00cf app:id/camera_preview} of ViewRootImpl@cf6d370[Camera]
03-14 17:56:08.081  5970  5970 I QuickstepTransition: finishWaitingForResponse
03-14 17:56:08.082  4888  4920 E HWComposer: getSupportedContentTypes: getSupportedContentTypes failed for display 0: Unsupported (8)
03-14 17:56:08.083  8608  8608 I ViewRootImpl@cf6d370[Camera]: [DP] dp(1) 1 android.view.ViewRootImpl.reportNextDraw:11420 android.view.ViewRootImpl.performTraversals:4193 android.view.ViewRootImpl.doTraversal:2919 
03-14 17:56:08.084  4888  4920 I SurfaceFlinger: id=25314 createSurf (0x0),-1 flag=20004, Bounds for - com.sec.android.app.camera/com.sec.android.app.camera.Camera@0#0
03-14 17:56:08.085  4888  4920 I SurfaceFlinger: id=25315 createSurf (0x0),-1 flag=80004, SurfaceView - com.sec.android.app.camera/com.sec.android.app.camera.Camera@fae9691@0#0
03-14 17:56:08.086  4888  4920 I SurfaceFlinger: id=25316 createSurf (0x0),-1 flag=40400, SurfaceView - com.sec.android.app.camera/com.sec.android.app.camera.Camera@fae9691@0(BLAST)#0
03-14 17:56:08.086  4888  4920 I SurfaceFlinger: id=25317 createSurf (0x0),-1 flag=20404, Background for SurfaceView - com.sec.android.app.camera/com.sec.android.app.camera.Camera@fae9691@0#0
03-14 17:56:08.087  8608  8608 I SurfaceView@fae9691: pST: sr = Rect(0, 176 - 720, 1136) sw = 960 sh = 720
03-14 17:56:08.087  8608  8608 I SurfaceView@fae9691: onSSPAndSRT: pl = 0 pt = 176 sx = 0.75 sy = 1.3333334
03-14 17:56:08.088  8608  8608 I SurfaceView@fae9691: pST: mTmpTransaction.apply, mTmpTransaction = android.view.SurfaceControl$Transaction@b58175d
03-14 17:56:08.088  8608  8608 I SurfaceView@fae9691: updateSurface: mVisible = true mSurface.isValid() = true
03-14 17:56:08.088  8608  8608 I SurfaceView@fae9691: updateSurface: mSurfaceCreated = false surfaceChanged = true visibleChanged = true
03-14 17:56:08.089  8608  8608 I SurfaceView@fae9691: surfaceCreated 1 #8 android.view.SurfaceView{fae9691 V.E...... ......ID 0,176-720,1136 #7f0a00cf app:id/camera_preview}
03-14 17:56:08.089  8608  8608 I PreviewSurfaceManager: surfaceCreated
03-14 17:56:08.089  8608  8608 I RequestQueue: notifyRequest : WAIT_PREVIEW_SURFACE
03-14 17:56:08.089  8608  8608 I SurfaceView@fae9691: surfaceChanged (960,720) 1 #8 android.view.SurfaceView{fae9691 V.E...... ......ID 0,176-720,1136 #7f0a00cf app:id/camera_preview}
03-14 17:56:08.089  8608  8608 I CameraPerformance: Surface - CreateSurface : End[1678809368089] [151]
03-14 17:56:08.089  8608  8649 I CallStateManager: isVTCallOngoing = false
03-14 17:56:08.089  8608  8608 I PreviewSurfaceManager: surfaceChanged : width=960 height=720
03-14 17:56:08.090  8608  8649 I CallStateManager: onCallStateChanged : 0
03-14 17:56:08.091  4888  4888 I Layer   : id=25308 removeFromCurrentState Surface(name=f3252a7 StatusBar)/@0x2ce4040 - animation-leash of insets_animation#0 (114)
03-14 17:56:08.091  4888  4888 I Layer   : id=25309 removeFromCurrentState Surface(name=d0ab725 NavigationBar0)/@0x946951f - animation-leash of insets_animation#0 (114)
03-14 17:56:08.092  4888  4888 I SurfaceFlinger: id=25308 Removed Surface(name=f3252a7 StatusBar)/@0x2ce4040 - animation-leash of insets_animation#0 (114)
03-14 17:56:08.092  8608  8608 I PreviewAnimationLayerView: inflate : Start[1678809368092]
03-14 17:56:08.092  4888  4888 I SurfaceFlinger: id=25309 Removed Surface(name=d0ab725 NavigationBar0)/@0x946951f - animation-leash of insets_animation#0 (114)
03-14 17:56:08.092  4888  4888 I Layer   : id=25308 Destroyed Surface(name=f3252a7 StatusBar)/@0x2ce4040 - animation-leash of insets_animation#0
03-14 17:56:08.092  4888  4888 I Layer   : id=25309 Destroyed Surface(name=d0ab725 NavigationBar0)/@0x946951f - animation-leash of insets_animation#0
03-14 17:56:08.093  8608  8649 I CallStateManager: isVTCallOngoing = false
03-14 17:56:08.093  5230  7316 D InputDispatcher: Focus request (0): a98b506 com.sec.android.app.camera/com.sec.android.app.camera.Camera but waiting because NOT_VISIBLE
03-14 17:56:08.096  8608  8608 I PreviewAnimationLayerView: inflate : End[1678809368096]
03-14 17:56:08.096  4864  5070 I SehCamDev@5.0-impl: [CAMKPI] camera3->open : E
03-14 17:56:08.098  8608  8608 I CameraPerformance: Launch - InflatePreLoadingLayer : Start[1678809368098]
03-14 17:56:08.098  8608  8608 I LayerManagerView: inflate-PREVIEW_ANIMATION_LAYER : Start[1678809368098]
03-14 17:56:08.099  8608  8608 I LayerManagerView: inflate-PREVIEW_ANIMATION_LAYER : End[1678809368099] [1]
03-14 17:56:08.099  8608  8608 I LayerManagerView: inflate-KEY_SCREEN_LAYER : Start[1678809368099]
03-14 17:56:08.100  8608  8608 I NormalKeyScreenView: inflate : Start[1678809368100]
03-14 17:56:08.101  4864  5070 I ExynosCameraInterface: INFO(HAL3_camera_device_open[79]):camera(0) master(0), slave(-1) camInfoIndex(0) in ======
03-14 17:56:08.101  4864  5070 I ExynosCameraInterface: [m_checkAndSetMultiDeviceCamId : 873] camera (0) is opened at idx (0, 0)
03-14 17:56:08.105  4864  5070 E ExynosCamera: Build Date is (Apr 28 2022) (19:20:55) Process 64 bit
03-14 17:56:08.105  4864  5070 I ExynosCamera: [CAM(0)][]-(m_init[106]):CameraId_0 (0)
03-14 17:56:08.106  4864  5070 I ExynosCamera: [CAM(0)][Back_0]-(m_init[120]):Single cameara enabled! CameraId (0) m_scenario(0) sensorType(2)
03-14 17:56:08.107  4864  5070 I ExynosCameraSec: [CAM(0)][Back_0]-(m_vendorSpecificPreConstructor[61]):-IN-
03-14 17:56:08.108  4864  5070 I SecCameraUtil: INFO(isEEprom[254]): SAMSUNG_EEPROM_REAR is not defined
03-14 17:56:08.108  4864  5070 I ExynosCameraSec: [CAM(0)][Back_0]-(m_vendorSpecificPreConstructor[65]):-OUT-
03-14 17:56:08.112  4864  5070 I ExynosCameraSensorInfo: [CAM_ID(0)]-INFO(createExynosCameraSensorInfo[566]):sensorId 61 name GM2
03-14 17:56:08.114  4864  5070 I SecCameraUtil: INFO(checkFpsProperty[72]): set cam_fps property (0).
03-14 17:56:08.114  4864  5070 I ExynosCameraConfigurationsSec: [CAM(0)][Back_0]-(checkCountryCodeProperty[1570]):countryCode Property - (EG)
03-14 17:56:08.115  4864  5070 I ExynosCameraConfigurations: [CAM(0)][Back_0]-(setDefaultCameraInfo[166]):
03-14 17:56:08.115  4864  5070 I ExynosCameraSensorInfo: [CAM_ID(0)]-INFO(createExynosCameraSensorInfo[566]):sensorId 61 name GM2
03-14 17:56:08.117  4864  5070 I SecCameraUtil: INFO(checkBinningProperty[89]): set cam_binning property 0
03-14 17:56:08.117  4864  5070 I ExynosCameraParameters: [CAM(0)][Back_0]-(setDefaultCameraInfo[169]):
03-14 17:56:08.121  4864  5070 I ExynosCamera: [CAM(0)][Back_0]-(m_createIonAllocator[5877]):try(1) to create IonAllocator
03-14 17:56:08.123  4864  5070 I ExynosCamera: [CAM(0)][Back_0]-(m_initMultiCam[463]):-IN-
03-14 17:56:08.124  4864  5070 I ExynosCamera: [CAM(0)][Back_0]-(m_initMultiCam[559]):-OUT-
03-14 17:56:08.129  4864  5070 I ExynosCameraRequestManager: [CAM(0)][CB NOTIFY]-(ExynosCameraCallbackSequencer[4356]):Create Callback Sequencer
03-14 17:56:08.129  4864  5070 I ExynosCameraRequestManager: [CAM(0)][CB SHUTTER]-(ExynosCameraCallbackSequencer[4356]):Create Callback Sequencer
03-14 17:56:08.129  4864  5070 I ExynosCameraRequestManager: [CAM(0)][CB PARTIAL]-(ExynosCameraCallbackSequencer[4356]):Create Callback Sequencer
03-14 17:56:08.129  4864  5070 I ExynosCameraRequestManager: [CAM(0)][CB META]-(ExynosCameraCallbackSequencer[4356]):Create Callback Sequencer
03-14 17:56:08.131  4864  5070 I ExynosCameraSec: [CAM(0)][Back_0]-(m_vendorSpecificConstructor[72]):-IN-
03-14 17:56:08.132  4864  5070 I ExynosCameraActivitySpecialCapture: [CAM(0)][]-(resetOISCaptureFcount[582]):reset : 0
03-14 17:56:08.132  4864  5070 I ExynosCameraSec: [CAM(0)][Back_0]-(m_vendorSpecificConstructor[128]):-OUT-
03-14 17:56:08.132  4864  5070 I ExynosCameraInterface: INFO(HAL3_camera_device_open[155]):camera(0) out from new g_cam_device3[0]->priv()
03-14 17:56:08.137  4993  5323 I CameraProviderManager: Camera device device@3.5/legacy/0 torch status is now NOT_AVAILABLE
03-14 17:56:08.137  4993  5323 I CameraService: onTorchStatusChangedLocked: Torch status changed for cameraId=0, newStatus=0
03-14 17:56:08.137  4864  5070 I ExynosCameraInterface: INFO(HAL3_camera_device_open[350]):camera(0) out =====
03-14 17:56:08.137  4864  5070 I ExynosCameraInterface: DEBUG:duration time(   39 msec):(HAL3_camera_device_open)
03-14 17:56:08.137  4864  5070 I SehCamDev@5.0-impl: [CAMKPI] camera3->open : X
03-14 17:56:08.143  4864  5070 I ExynosCameraInterface: INFO(HAL3_camera_device_initialize[480]):in =====
03-14 17:56:08.143  4864  5070 I ExynosCameraInterface: INFO(HAL3_camera_device_initialize[486]): cam_state[0](1)
03-14 17:56:08.143  4864  5070 I ExynosCameraInterface: INFO(HAL3_camera_device_initialize[496]):out =====
03-14 17:56:08.143  4864  5070 I ExynosCameraInterface: DEBUG:duration time(    0 msec):(HAL3_camera_device_initialize)
03-14 17:56:08.151  8608  8608 E roid.app.camer: Resource 7f130193 is a complex map type.
03-14 17:56:08.152  4993  5323 D CameraProviderManager: CameraPerf: openSession X
03-14 17:56:08.165  8608  8608 I NormalKeyScreenView: inflate : End[1678809368165]
03-14 17:56:08.167  5230  7316 D WifiDisplayAdapter: getWifiDisplayStatusLocked: result=WifiDisplayStatus{featureState=1, scanState=0, activeDisplayState=0, activeDisplay=null, displays=[]}
03-14 17:56:08.167  5230  7316 D WifiDisplayAdapter: getWifiDisplayStatusLocked: result=WifiDisplayStatus{featureState=1, scanState=0, activeDisplayState=0, activeDisplay=null, displays=[]}
03-14 17:56:08.168  5230  7316 D WifiDisplayAdapter: getWifiDisplayStatusLocked: result=WifiDisplayStatus{featureState=1, scanState=0, activeDisplayState=0, activeDisplay=null, displays=[]}
03-14 17:56:08.168  5230  7316 D WifiDisplayAdapter: getWifiDisplayStatusLocked: result=WifiDisplayStatus{featureState=1, scanState=0, activeDisplayState=0, activeDisplay=null, displays=[]}
03-14 17:56:08.169  4993  5323 D Camera3-Device: CameraPerf: initialize X
03-14 17:56:08.169  4993  5323 D Camera3-Device: CameraPerf: initializeCommonLocked: E
03-14 17:56:08.170  4993  5323 I Camera3-Status: addComponent: Adding new component 0 - InflightRequests
03-14 17:56:08.171  4993  5323 I Camera3-Status: addComponent: Adding new component 1 - RequestThread
03-14 17:56:08.171  8608  8653 I NodeFeature: loadNodeFeature E
03-14 17:56:08.171  8608  8608 I ShootingModeListView: setInitialShootingMode: SHOOTING_MODE_PHOTO
03-14 17:56:08.171  8608  8653 I NodeFeature: NODE_VERSION_INFO [beauty] samsung.v4
03-14 17:56:08.172  4993  5323 D Camera3-Device: initializeCommonLocked mTimestampOffset = 301285017047823ns.
03-14 17:56:08.173  4993  5323 D Camera3-Device: CameraPerf: initializeCommonLocked: X
03-14 17:56:08.173  4993  8695 I Camera3-Device: WatchDog...
03-14 17:56:08.173  4993  5323 E Camera2-FrameProcessorBase: FrameProcessorBase: created
03-14 17:56:08.173  4993  5323 E Camera2-FrameProcessorBase: registerListener: Registering listener for frame id range 0 - 2147483647
03-14 17:56:08.177  5230  7316 V CameraService_proxy: The activity is N or above and claims to support resizeable-activity. Crop-rotate-scale is disabled.
03-14 17:56:08.179  4993  5323 I CameraService: connectHelper: overrideCameraMuteMode = false, isIndividualSensorPrivacyEnabled = false
03-14 17:56:08.179  4993  5323 I CameraService: CameraService::finishConnectLocked E
03-14 17:56:08.179  4993  5323 I CameraService: wouldEvictLocked: [incoming client] owner = 8608, priority-score=0, cost=51, returnIncompatibleClients=false
03-14 17:56:08.179  4993  5323 I CameraService: wouldEvictLocked: [cost info] current cost=0, adding cost=51, total cost=51, max cost=100
03-14 17:56:08.179  4993  5323 I CameraService: wouldEvictLocked: [highestPriority] owner=8608, score=0
03-14 17:56:08.179  8608  8653 W CLog    : Tag(UwDistortionCorrectionNode)'s length(26) is longer than limit(23).
03-14 17:56:08.183  8608  8608 I RotatableConstraintLayout: setRotateAction
03-14 17:56:08.183  8608  8608 I LayerManagerView: inflate-KEY_SCREEN_LAYER : End[1678809368183] [84]
03-14 17:56:08.183  8608  8608 I CameraPerformance: Launch - InflatePreLoadingLayer : End[1678809368183] [85]
03-14 17:56:08.184  8608  8653 W CLog    : Tag(V1/SecHumanSegmentationNode)'s length(27) is longer than limit(23).
03-14 17:56:08.184  8608  8653 W CLog    : Tag(V2/SecHumanSegmentationNode)'s length(27) is longer than limit(23).
03-14 17:56:08.184  4993  5323 I CameraService: addAndEvict: push the client(owner 8608, priorityScore 0, state 2) to mClients
03-14 17:56:08.185  4993  5323 I CameraService: CameraService::finishConnectLocked X
03-14 17:56:08.185  4993  5323 I CameraDeviceClient: notifyAppPackageName
03-14 17:56:08.185  4993  5323 I CameraDeviceClient: Skip package name notify for samsung camera.
03-14 17:56:08.185  4993  5323 I CameraService: Notified package name to HAL.
03-14 17:56:08.185  4993  5323 I CameraServiceProxyWrapper: updateProxyDeviceState: notifyCameraState for Camera ID 0, newState 0, facing 0, clientName com.sec.android.app.camera, apiLevel 2
03-14 17:56:08.186  7259   426 I CameraManagerGlobal: Camera 0 facing CAMERA_FACING_BACK state now CAMERA_STATE_OPEN for client com.sec.android.app.camera API Level 2
03-14 17:56:08.186  5569  5584 I CameraManagerGlobal: Camera 0 facing CAMERA_FACING_BACK state now CAMERA_STATE_OPEN for client com.sec.android.app.camera API Level 2
03-14 17:56:08.186  5230  7316 I CameraManagerGlobal: Camera 0 facing CAMERA_FACING_BACK state now CAMERA_STATE_OPEN for client com.sec.android.app.camera API Level 2
03-14 17:56:08.186  8608  8660 I CameraManagerGlobal: Camera 0 facing CAMERA_FACING_BACK state now CAMERA_STATE_OPEN for client com.sec.android.app.camera API Level 2
03-14 17:56:08.186  7259   426 I CameraManagerGlobal: onCameraDeviceStateChangedLocked: post device state update
03-14 17:56:08.186  7259   426 I CameraManagerGlobal: onCameraDeviceStateChangedLocked: post device state update
03-14 17:56:08.187  8608  8653 I NodeFeature: NODE_VERSION_INFO [face_landmark] arcsoft.v2_1
03-14 17:56:08.187  4335  4335 I lmkd    : check camkillboostmode : 0 , ionheap: 52013, pid : 8608, index : 0 , camprocall/provider/server size : (25280, 1069, 1329), available : 400214, heap_pool : 7367, kreclaimable : 0, init_cam : 1
03-14 17:56:08.188  8608  8653 I NodeFeature: NODE_VERSION_INFO [facial_attribute] samsung.v1
03-14 17:56:08.188  4335  4335 I lmkd    : check CAMERA OPEN 144918, memlimit: 204800, other_free: 27235, saved_ion_idle_camera: 0, cameraprocsize: 25280, kgsl: 0, vmallocapi: 34988, diff_available: 0 
03-14 17:56:08.188  4993  5323 I CameraService: isSamsungCamera: this package is Samsung app: true
03-14 17:56:08.188  8608  8653 I NodeFeature: NODE_VERSION_INFO [food] samsung.v1
03-14 17:56:08.188  8608  8653 I NodeFeature: NODE_VERSION_INFO [mfhdr] arcsoft.v1
03-14 17:56:08.188  8608  8653 I NodeFeature: NODE_VERSION_INFO [single_bokeh] samsung.v2
03-14 17:56:08.188  4335  4335 I lmkd    : cached 1, sandbox(not0) 0
03-14 17:56:08.188  8608  8653 I NodeFeature: NODE_VERSION_INFO [dual_bokeh] samsung.v1
03-14 17:56:08.188  5230  5925 I AudioManager: setParameters keyValuePairs = cameraFacing=back
03-14 17:56:08.188  8608  8653 I NodeFeature: NODE_VERSION_INFO [hifills] mpi.v1
03-14 17:56:08.188  8608  8653 I NodeFeature: NODE_VERSION_INFO [event_detection] samsung.v2
03-14 17:56:08.189  8608  8653 I NodeFeature: NODE_VERSION_INFO [swldc] samsung.v1
03-14 17:56:08.189  8608  8656 I CamDeviceManager: [CAMFWKPI] OpenCamera X 
03-14 17:56:08.189  8608  8656 I CamDeviceManager: [CAMFWKPI] openCamDevice X
03-14 17:56:08.189  8608  8653 I NodeFeature: NODE_VERSION_INFO [localtm] samsung.v1_1
03-14 17:56:08.189  8608  8655 I CamDeviceImpl-0: [CAMFWKPI] CameraDeviceStateCallbacks onOpened E - cameraDevice(580a14f)
03-14 17:56:08.189  4830  5178 D audio_hw_primary: device-adev_set_parameters: enter with key(cameraFacing=back)
03-14 17:56:08.189  8608  8656 I Request : OpenCameraRequest - End
03-14 17:56:08.189  4830  5178 I audio_hw_primary_odm: odm_adev_set_parameters: enter with key(cameraFacing=back)
03-14 17:56:08.189  8608  8653 I NodeFeature: loadNodeFeature X
03-14 17:56:08.189  8608  8653 I NativeNode: loadLibrary X
03-14 17:56:08.189  8608  8656 I RequestQueue: Waiting for a signal : OPEN_CAMERA
03-14 17:56:08.190  8608  8655 I CamDeviceImpl-0: onOpened - rawParam first-entrance=true;samsungcamera=true;factorytest=false;shootingmode=0;recording-fps=0;sw-vdis=false;video-beautyface=false;vtmode=0;operation_mode=none;ssm_shot_mode=0;recording_dr_mode=sdr;sw-super_vdis=false;stream_type=0;
03-14 17:56:08.192  8608  8608 I ViewRootImpl@cf6d370[Camera]: [DP] dp(2) 1 android.view.SurfaceView.updateSurface:1375 android.view.SurfaceView.lambda$new$1$SurfaceView:254 android.view.SurfaceView$$ExternalSyntheticLambda2.onPreDraw:2 
03-14 17:56:08.193  8608  8608 I ViewRootImpl@cf6d370[Camera]: [DP] pdf(1) 1 android.view.SurfaceView.notifyDrawFinished:599 android.view.SurfaceView.performDrawFinished:586 android.view.SurfaceView.$r8$lambda$st27mCkd9jfJkTrN_P3qIGKX6NY:0 
03-14 17:56:08.197  8608  8698 I SurfaceView@fae9691: uSP: rtp = Rect(0, 176 - 720, 1136) rtsw = 960 rtsh = 720
03-14 17:56:08.197  8608  8698 I SurfaceView@fae9691: onSSPAndSRT: pl = 0 pt = 176 sx = 0.75 sy = 1.3333334
03-14 17:56:08.198  8608  8698 I SurfaceView@fae9691: aOrMT: uB = true t = android.view.SurfaceControl$Transaction@46f5cd3 fN = 1 android.view.SurfaceView.access$500:124 android.view.SurfaceView$SurfaceViewPositionUpdateListener.positionChanged:1728 android.graphics.RenderNode$CompositePositionUpdateListener.positionChanged:319 
03-14 17:56:08.198  8608  8698 I SurfaceView@fae9691: aOrMT: vR.mWNT, vR = ViewRootImpl@cf6d370[Camera]
03-14 17:56:08.198  4337  4337 D libvintf: HalManifest::getHidlTransport(framework): Cannot find android.hardware.graphics.mapper@4.0::IMapper/default
03-14 17:56:08.198  8608  8698 I ViewRootImpl@cf6d370[Camera]: mWNT: t = android.view.SurfaceControl$Transaction@46f5cd3 fN = 1 android.view.SurfaceView.applyOrMergeTransaction:1628 android.view.SurfaceView.access$500:124 android.view.SurfaceView$SurfaceViewPositionUpdateListener.positionChanged:1728 
03-14 17:56:08.198  8608  8698 I ViewRootImpl@cf6d370[Camera]: mWNT: merge t to BBQ
03-14 17:56:08.198  4337  4337 D libvintf: HalManifest::getHidlTransport(device): Cannot find android.hardware.graphics.mapper@4.0::IMapper/default
03-14 17:56:08.198  4337  4337 I hwservicemanager: getTransport: Cannot find entry android.hardware.graphics.mapper@4.0::IMapper/default in either framework or device VINTF manifest.
03-14 17:56:08.199  8608  8637 I Gralloc4: mapper 4.x is not supported
03-14 17:56:08.200  4335  4335 I lmkd    : Reclaim 'android:drmService' (14173), uid 1000, oom_score_adj 999, state 10 to free 19464kB rss, 46256kB swap; reason: (null)
03-14 17:56:08.201  4335  4335 I lmkd    : cached 1, sandbox(not0) 0
03-14 17:56:08.201  4335  4335 E lmkd    : Attempt to wait for a kill while another wait is in progress
03-14 17:56:08.202  4337  4337 D libvintf: HalManifest::getHidlTransport(framework): Cannot find android.hardware.graphics.mapper@3.0::IMapper/default
03-14 17:56:08.202  4337  4337 D libvintf: HalManifest::getHidlTransport(device): Cannot find android.hardware.graphics.mapper@3.0::IMapper/default
03-14 17:56:08.202  4337  4337 I hwservicemanager: getTransport: Cannot find entry android.hardware.graphics.mapper@3.0::IMapper/default in either framework or device VINTF manifest.
03-14 17:56:08.203  4335  4335 E libprocessgroup: set_timerslack_ns write failed: No such process
03-14 17:56:08.203  5230  7316 V Logger  : New Logger Instance
03-14 17:56:08.203  4335  4335 I lmkd    : Reclaim 'com.digitalturbine.ignite.suspend.DataUsageRecorderService' (27878), uid 10094, oom_score_adj 999, state 10 to free 22372kB rss, 44980kB swap; reason: (null)
03-14 17:56:08.203  4335  4335 I lmkd    : cached 1, sandbox(not0) 0
03-14 17:56:08.203  4335  4335 E lmkd    : Attempt to wait for a kill while another wait is in progress
03-14 17:56:08.204  8608  8637 W Gralloc3: mapper 3.x is not supported
03-14 17:56:08.204  5022  5187 I ResourceManagerService: ResourceManagerService::Client::DeathNotifier::binderDied called
03-14 17:56:08.204  5022  5187 E mediaserver: unlinkToDeath: removed reference to death recipient but unlink failed.
03-14 17:56:08.205  5230  5791 I ActivityManager: Process android:drmService (pid 14173) has died: cch+99 SVC (134,1429)
03-14 17:56:08.205  5022 24378 I ResourceManagerService: Client(0xf2f32960) destructor - (PID : 14173)
03-14 17:56:08.205  5022  5187 E IPCThreadState: attemptIncStrongHandle(3): Not supported
03-14 17:56:08.205  4337  4337 D libvintf: HalManifest::getHidlTransport(framework): Cannot find android.hardware.graphics.mapper@2.0::IMapper/default
03-14 17:56:08.206  4809  4809 I Zygote  : Process 14173 exited due to signal 9 (Killed)
03-14 17:56:08.206  5230  5925 I CameraService_proxy: Notify nfc service : camera open was(true) -> now(false) = polling(false)
03-14 17:56:08.208  5230  5791 W ActivityManager: Scheduling restart of crashed service android/com.android.server.DrmEventService in 0ms for persistent
03-14 17:56:08.209  8608  8637 I gralloc : Arm Module v1.0
03-14 17:56:08.211  4337  4337 D libvintf: HalManifest::getHidlTransport(framework): Cannot find android.hardware.graphics.allocator@4.0::IAllocator/default
03-14 17:56:08.211  4337  4337 D libvintf: HalManifest::getHidlTransport(device): Cannot find android.hardware.graphics.allocator@4.0::IAllocator/default
03-14 17:56:08.211  4337  4337 I hwservicemanager: getTransport: Cannot find entry android.hardware.graphics.allocator@4.0::IAllocator/default in either framework or device VINTF manifest.
03-14 17:56:08.211  4335  4335 I lmkd    : Reclaim 'com.dti.samsung' (27852), uid 10094, oom_score_adj 999, state 10 to free 30248kB rss, 53360kB swap; reason: (null)
03-14 17:56:08.211  8608  8637 W Gralloc4: allocator 4.x is not supported
03-14 17:56:08.211  4335  4335 I lmkd    : cached 1, sandbox(not0) 0
03-14 17:56:08.211  4335  4335 E lmkd    : Attempt to wait for a kill while another wait is in progress
03-14 17:56:08.214  5230  5262 I ActivityManager: android is exempt from freezer
03-14 17:56:08.214  4993  5323 D Camera3-Device: CameraPerf: setParameters E
03-14 17:56:08.214  4864  5070 I ExynosCameraInterface: DEBUG(HAL3_camera_device_set_parameters[626]):
03-14 17:56:08.214  5230  5262 D CompatibilityChangeReporter: Compat change id reported: 135634846; UID 1000; state: DISABLED
03-14 17:56:08.214  4864  5070 I ExynosCameraSec: [CAM(0)][Back_0]-(setParameters[1773]):
03-14 17:56:08.214  5230  5262 D CompatibilityChangeReporter: Compat change id reported: 177438394; UID 1000; state: DISABLED
03-14 17:56:08.214  5230  5262 D CompatibilityChangeReporter: Compat change id reported: 135772972; UID 1000; state: DISABLED
03-14 17:56:08.215  5230  5262 D CompatibilityChangeReporter: Compat change id reported: 135754954; UID 1000; state: ENABLED
03-14 17:56:08.215  4337  4337 D libvintf: HalManifest::getHidlTransport(framework): Cannot find android.hardware.graphics.allocator@3.0::IAllocator/default
03-14 17:56:08.215  4864  5070 I ExynosCameraConfigurationsSec: [CAM(0)][Back_0]-(m_checkSamsungCamera[1624]):Samsung Camera Enabled !!!
03-14 17:56:08.215  4864  5070 I ExynosCameraConfigurationsSec: [CAM(0)][Back_0]-(m_checkFastEntrance[1606]):Fast Entrance Enabled !!!
03-14 17:56:08.215  4864  5070 I ExynosCameraConfigurationsSec: [CAM(0)][Back_0]-(m_checkDeviceSwitching[1809]):device-switching is NULL
03-14 17:56:08.215  4337  4337 D libvintf: HalManifest::getHidlTransport(device): Cannot find android.hardware.graphics.allocator@3.0::IAllocator/default
03-14 17:56:08.215  4864  5070 I ExynosCameraConfigurationsSec: [CAM(0)][Back_0]-(m_checkShootingMode[2156]):shootingmode 0
03-14 17:56:08.215  4864  5070 I ExynosCameraConfigurationsSec: [CAM(0)][Back_0]-(m_checkFactorytest[1850]):factory test (0)  !!!
03-14 17:56:08.215  4337  4337 I hwservicemanager: getTransport: Cannot find entry android.hardware.graphics.allocator@3.0::IAllocator/default in either framework or device VINTF manifest.
03-14 17:56:08.215  4864  5070 I ExynosCameraConfigurationsSec: [CAM(0)][Back_0]-(m_checkOperationMode[1898]):operation_mode : 0
03-14 17:56:08.215  4864  5070 I ExynosCameraConfigurationsSec: [CAM(0)][Back_0]-(m_checkVtMode[2118]):newVTMode (0)
03-14 17:56:08.215  8608  8637 W Gralloc3: allocator 3.x is not supported
03-14 17:56:08.215  5230  5925 W CameraService_proxy: Could not connect to NFC service to notify it of camera state
03-14 17:56:08.215  4337  4337 D libvintf: HalManifest::getHidlTransport(framework): Cannot find android.hardware.graphics.allocator@2.0::IAllocator/default
03-14 17:56:08.217  4335  4335 I lmkd    : Reclaim 'com.samsung.android.networkdiagnostic' (2784), uid 5023, oom_score_adj 999, state 19 to free 51080kB rss, 30284kB swap; reason: (null)
03-14 17:56:08.217  4335  4335 I lmkd    : cached 1, sandbox(not0) 0
03-14 17:56:08.217  4335  4335 E lmkd    : Attempt to wait for a kill while another wait is in progress
03-14 17:56:08.220  4335  4335 I lmkd    : Reclaim 'com.samsung.android.smartmirroring' (7766), uid 10144, oom_score_adj 999, state 19 to free 44420kB rss, 23944kB swap; reason: (null)
03-14 17:56:08.220  4335  4335 I lmkd    : cached 1, sandbox(not0) 0
03-14 17:56:08.220  4335  4335 E lmkd    : Attempt to wait for a kill while another wait is in progress
03-14 17:56:08.223  4864  5070 I ExynosCameraSec: [CAM(0)][Back_0]-(m_waitReadRomThreadEnd[41901]):
03-14 17:56:08.223  4864  5070 I SecCameraUtil: INFO(isEEprom[254]): SAMSUNG_EEPROM_REAR is not defined
03-14 17:56:08.223  4864  5070 I ExynosCameraSec: [CAM(0)][Back_0]-(m_waitReadRomThreadEnd[41913]):m_readRomThread waiting time : duration time(    0 msec)
03-14 17:56:08.223  4864  5070 I ExynosCameraSec: [CAM(0)][Back_0]-(m_waitReadRomThreadEnd[41915]):m_readRomThread join
03-14 17:56:08.223  4335  4335 I lmkd    : Reclaim 'com.samsung.android.app.sharelive' (7674), uid 5026, oom_score_adj 999, state 19 to free 66104kB rss, 23316kB swap; reason: (null)
03-14 17:56:08.224  4864  5070 I ExynosCameraInterface: DEBUG:duration time(   10 msec):(HAL3_camera_device_set_parameters)
03-14 17:56:08.224  4335  4335 I lmkd    : cached 1, sandbox(not0) 0
03-14 17:56:08.224  4993  5323 D Camera3-Device: CameraPerf: setParameters X
03-14 17:56:08.224  4335  4335 E lmkd    : Attempt to wait for a kill while another wait is in progress
03-14 17:56:08.224  8608  8655 I CamDeviceImpl-0: [CAMFWKPI] CameraDeviceStateCallbacks onOpened X - cameraDevice(580a14f)
03-14 17:56:08.224  8608  8655 I CameraHolder: onCameraDeviceOpened : id=0
03-14 17:56:08.224  8608  8655 I CameraPerformance: Device - OpenCameraRequest : End[1678809368224] [238]
03-14 17:56:08.224  8608  8655 I RequestQueue: notifyRequest : OPEN_CAMERA
03-14 17:56:08.225  4864  8701 I ExynosCameraSec: [CAM(0)][Back_0]-(m_fastenAeThreadFunc[41639]):
03-14 17:56:08.228  8608  8656 I RequestQueue: Signaled : OPEN_CAMERA
03-14 17:56:08.228  8608  8656 I CommonEngine: changeState : OPENING -> OPENED
03-14 17:56:08.229  8608  8656 I RequestQueue: afterExecute : OPEN_CAMERA(1000)
03-14 17:56:08.229  8608  8656 I RequestQueue: [  ] [5000 2000 3100 3201 3300 3000 3200 3304 4100 4000 5900 ]
03-14 17:56:08.229  8608  8656 I RequestQueue: beforeExecute : STOP_PREVIEW(5000)
03-14 17:56:08.229  8608  8656 W RequestQueue: Invalid request for current state(OPENED)
03-14 17:56:08.229  8608  8656 I RequestQueue: [5000] [2000 3100 3201 3300 3000 3200 3304 4100 4000 5900 ]
03-14 17:56:08.229  8608  8656 I RequestQueue: afterExecute : STOP_PREVIEW(5000)
03-14 17:56:08.229  8608  8656 I RequestQueue: [  ] [2000 3100 3201 3300 3000 3200 3304 4100 4000 5900 ]
03-14 17:56:08.229  8608  8656 I RequestQueue: beforeExecute : START_CONNECTING_MAKER(2000)
03-14 17:56:08.229  8608  8656 I RequestQueue: [2000] [3100 3201 3300 3000 3200 3304 4100 4000 5900 ]
03-14 17:56:08.229  8608  8656 I Request : StartConnectingMakerRequest - Start
03-14 17:56:08.229  8608  8656 I Request : StartConnectingMakerRequest - End
03-14 17:56:08.229  8608  8656 I CommonEngine: changeState : OPENED -> CONNECTING
03-14 17:56:08.229  8608  8656 I RequestQueue: afterExecute : START_CONNECTING_MAKER(2000)
03-14 17:56:08.229  8608  8656 I RequestQueue: [  ] [3100 3201 3300 3000 3200 3304 4100 4000 5900 ]
03-14 17:56:08.229  8608  8656 I RequestQueue: beforeExecute : INITIALIZE_MAKER(3100)
03-14 17:56:08.229  8608  8656 I RequestQueue: [3100] [3201 3300 3000 3200 3304 4100 4000 5900 ]
03-14 17:56:08.229  8608  8656 I Request : InitializeMakerRequest - Start
03-14 17:56:08.229  8608  8656 I CameraPerformance: Maker - InitializeMakerRequest : Start[1678809368229]
03-14 17:56:08.229  4809  4809 D Zygote  : Forked child process 8702
03-14 17:56:08.229  5230  5791 I ActivityManager: Process com.digitalturbine.ignite.suspend.DataUsageRecorderService (pid 27878) has died: cch+99 SVC (144,1430)
03-14 17:56:08.229  4809  4809 I Zygote  : Process 27878 exited due to signal 9 (Killed)
03-14 17:56:08.232  4864  8701 I ExynosCameraFrameFactoryPreview: [CAM(0)][Back_0]-(create[43]):
03-14 17:56:08.232  4864  8701 I ExynosCameraFrameFactoryBase: [CAM(0)][Back_0]-(create[51]):
03-14 17:56:08.232  4864  8701 I ExynosCameraFrameFactoryPreviewSec: [CAM(0)][Back_0]-(m_setupConfig[333]):
03-14 17:56:08.232  4864  8701 W ExynosCameraParameters: [CAM(0)][Back_0]-(m_getPaf3aaOtf[6193]):MAIN_CAMERA_SINGLE_PAF_3AA_OTF is not defined
03-14 17:56:08.232  4864  8701 I ExynosCameraFrameFactoryPreview: [CAM(0)][Back_0]-(m_setDeviceInfo[828]):
03-14 17:56:08.232  4864  8701 I ExynosCameraFrameFactoryPreviewSec: [CAM(0)][Back_0]-(m_constructPipes[421]):
03-14 17:56:08.232  5230  5791 W ActivityManager: Scheduling restart of crashed service com.dti.samsung/com.digitalturbine.ignite.suspend.service.DataUsageRecorderService in 1000ms for connection
03-14 17:56:08.236  4335  4335 I lmkd    : Reclaim 'com.google.android.projection.gearhead:shared' (30214), uid 10194, oom_score_adj 999, state 19 to free 67676kB rss, 51984kB swap; reason: (null)
03-14 17:56:08.236  4335  4335 I lmkd    : cached 1, sandbox(not0) 0
03-14 17:56:08.236  4335  4335 E lmkd    : Attempt to wait for a kill while another wait is in progress
03-14 17:56:08.240  5230  5263 I ActivityManager: Start proc 8702:android:drmService/1000 for service {android/com.android.server.DrmEventService}
03-14 17:56:08.241  4335  4335 I lmkd    : Reclaim 'com.sec.android.app.soundalive' (31048), uid 10081, oom_score_adj 999, state 19 to free 45392kB rss, 23740kB swap; reason: (null)
03-14 17:56:08.241  4335  4335 I lmkd    : check finished camerakillboostmode
03-14 17:56:08.244  4809  4809 I Zygote  : Process 27852 exited due to signal 9 (Killed)
03-14 17:56:08.245  5230  5245 D ConnectivityService: ConnectivityService NetworkRequestInfo binderDied(uid/pid:10094/27852, [NetworkRequest [ LISTEN id=2837, [ Transports: CELLULAR|WIFI Capabilities: NOT_RESTRICTED&TRUSTED&NOT_VPN&FOREGROUND&NOT_VCN_MANAGED Uid: 10094 RequestorUid: 10094 RequestorPkg: com.dti.samsung UnderlyingNetworks: Null] ]], android.os.BinderProxy@1214ba8)
03-14 17:56:08.246  8608  8656 I NativeUtils: loadLibrary E
03-14 17:56:08.246  8608  8656 I NativeUtils: loadLibrary X
03-14 17:56:08.246  8608  8656 I DirectBuffer: loadLibrary E
03-14 17:56:08.246  5230  5791 I StatusBarManagerService: binder died for pkg=com.dti.samsung
03-14 17:56:08.248  5230  5618 I ActivityManager: Process com.dti.samsung (pid 27852) has died: cch+99 SVC (156,1430)
03-14 17:56:08.249  8608  8608 I ViewRootImpl@cf6d370[Camera]: [DP] pdf(0) 1 android.view.ViewRootImpl.lambda$addFrameCompleteCallbackIfNeeded$3$ViewRootImpl:4995 android.view.ViewRootImpl$$ExternalSyntheticLambda16.run:6 android.os.Handler.handleCallback:938 
03-14 17:56:08.249  8608  8608 I ViewRootImpl@cf6d370[Camera]: [DP] rdf()
03-14 17:56:08.250  5230  5791 D WindowManager: finishDrawingWindow: Window{a98b506 u0 com.sec.android.app.camera/com.sec.android.app.camera.Camera} mDrawState=DRAW_PENDING
03-14 17:56:08.250  4864  8701 I ExynosCameraFrameFactoryPreviewSec: [CAM(0)][Back_0]-(m_constructPipes[709]):pipe ids for preview
03-14 17:56:08.250  4864  8701 I ExynosCameraFrameFactoryPreviewSec: [CAM(0)][Back_0]-(m_constructPipes[712]):m_pipes[0] : PipeId(0)
03-14 17:56:08.250  4864  8701 I ExynosCameraFrameFactoryPreviewSec: [CAM(0)][Back_0]-(m_constructPipes[712]):m_pipes[6] : PipeId(6)
03-14 17:56:08.250  8608  8608 E PostProcessService: onCreate
03-14 17:56:08.250  4864  8701 I ExynosCameraFrameFactoryPreviewSec: [CAM(0)][Back_0]-(m_constructPipes[712]):m_pipes[12] : PipeId(12)
03-14 17:56:08.250  4864  8701 I ExynosCameraFrameFactoryPreviewSec: [CAM(0)][Back_0]-(m_constructPipes[712]):m_pipes[18] : PipeId(18)
03-14 17:56:08.250  4864  8701 I ExynosCameraFrameFactoryPreviewSec: [CAM(0)][Back_0]-(m_constructPipes[712]):m_pipes[25] : PipeId(25)
03-14 17:56:08.250  4864  8701 I ExynosCameraFrameFactoryPreviewSec: [CAM(0)][Back_0]-(m_constructPipes[712]):m_pipes[33] : PipeId(33)
03-14 17:56:08.250  4864  8701 I ExynosCameraFrameFactoryPreviewSec: [CAM(0)][Back_0]-(m_constructPipes[712]):m_pipes[34] : PipeId(34)
03-14 17:56:08.250  4864  8701 I ExynosCameraFrameFactoryPreviewSec: [CAM(0)][Back_0]-(m_constructPipes[712]):m_pipes[35] : PipeId(35)
03-14 17:56:08.250  4864  8701 I ExynosCameraFrameFactoryPreviewSec: [CAM(0)][Back_0]-(m_constructPipes[712]):m_pipes[60] : PipeId(60)
03-14 17:56:08.250  4864  8701 I ExynosCameraFrameFactoryPreviewSec: [CAM(0)][Back_0]-(m_constructPipes[712]):m_pipes[61] : PipeId(61)
03-14 17:56:08.250  4864  8701 I ExynosCameraFrameFactoryPreviewSec: [CAM(0)][Back_0]-(m_constructPipes[712]):m_pipes[62] : PipeId(62)
03-14 17:56:08.250  4864  8701 I ExynosCameraFrameFactoryPreviewSec: [CAM(0)][Back_0]-(m_constructPipes[712]):m_pipes[63] : PipeId(63)
03-14 17:56:08.250  4864  8701 I ExynosCameraFrameFactoryPreviewSec: [CAM(0)][Back_0]-(m_constructPipes[712]):m_pipes[64] : PipeId(64)
03-14 17:56:08.250  4864  8701 I ExynosCameraFrameFactoryPreviewSec: [CAM(0)][Back_0]-(m_constructPipes[712]):m_pipes[65] : PipeId(65)
03-14 17:56:08.250  4864  8701 I ExynosCameraFrameFactoryPreviewSec: [CAM(0)][Back_0]-(m_constructPipes[712]):m_pipes[66] : PipeId(66)
03-14 17:56:08.250  4864  8701 I ExynosCameraFrameFactoryPreviewSec: [CAM(0)][Back_0]-(m_constructPipes[712]):m_pipes[67] : PipeId(67)
03-14 17:56:08.250  4864  8701 I ExynosCameraFrameFactoryPreviewSec: [CAM(0)][Back_0]-(m_constructPipes[712]):m_pipes[68] : PipeId(68)
03-14 17:56:08.250  4864  8701 I ExynosCameraMCPipe: [CAM(0)][PIPE_FLITE]-(m_preCreate[1595]):m_preCreate() is succeed, Pipe(0), prepare(0)
03-14 17:56:08.250  4864  8701 I ExynosCameraMCPipe: [CAM(0)][PIPE_FLITE]-(m_postCreate[1620]):m_postCreate() is succeed, Pipe(0)
03-14 17:56:08.255  8608  8656 I DirectBuffer: loadLibrary X
03-14 17:56:08.255  4809  4809 I Zygote  : Process 2784 exited due to signal 9 (Killed)
03-14 17:56:08.256  8702  8702 D android:drmSer: Received session metadata: 3741752931939447370
03-14 17:56:08.256  5230  5256 I SemDvfsHyPerManager: acquire hyper - AMS_RESUME_TAIL/5230@15, type = -999
03-14 17:56:08.257  5230  5256 I SemDvfsHyPerManager: acquire hyper - AMS_ACT_LAZY/5230@16, type = -999
03-14 17:56:08.257  5230  5256 D ActivityManagerPerformance: AMP_acquire() TAIL
03-14 17:56:08.257  5230  5256 D ActivityManagerPerformance: AMP_release() APP_SWITCH
03-14 17:56:08.257  4809  4809 I Zygote  : Process 7766 exited due to signal 9 (Killed)
03-14 17:56:08.258  5230  5256 D PowerManagerService: [api] acquire WakeLock SCREEN_BRIGHT_WAKE_LOCK        'WindowManager' ON_AFTER_RELEASE (uid=1000 pid=5230 ws=WorkSource{10107} displayId=-1)
03-14 17:56:08.259  4860  4902 I HYPER-HAL: [RequestManager.cpp]acquire(): Acquired ID : 13757650  [5230 / 15]    HINT : AMS_RESUME_TAIL    list : 
03-14 17:56:08.261  4860  4902 I HYPER-HAL: [RequestManager.cpp]releaseLocked(): Released ID : 13804909
03-14 17:56:08.263  5970  5970 I ViewRootImpl@51efc74[LauncherActivity]: stopped(true) old=false
03-14 17:56:08.263  5230  5256 I WindowManager: Reparenting to leash, surface=Surface(name=a98b506 com.sec.android.app.camera/com.sec.android.app.camera.Camera)/@0x82605a7, leashParent=Surface(name=ActivityRecord{7a832cc u0 com.sec.android.app.camera/.Camera t11418})/@0x4137a54
03-14 17:56:08.263  4888  4919 I SurfaceFlinger: id=25318 createSurf (0x0),-1 flag=24000, Surface(name=a98b506 com.sec.android.app.camera/com.sec.android.app.camera.Camera)/@0x82605a7 - animation-leash of starting_reveal#0
03-14 17:56:08.264  5230  5256 D WindowManager: makeSurface duration=1 leash=Surface(name=Surface(name=a98b506 com.sec.android.app.camera/com.sec.android.app.camera.Camera)/@0x82605a7 - animation-leash of starting_reveal)/@0xc88ddfd
03-14 17:56:08.266  5230  5925 D ConnectivityService: ConnectivityService NetworkRequestInfo binderDied(uid/pid:5023/2784, [NetworkRequest [ REQUEST id=2918, [ Capabilities: INTERNET&NOT_RESTRICTED&TRUSTED&NOT_VCN_MANAGED Uid: 5023 RequestorUid: 5023 RequestorPkg: com.samsung.android.networkdiagnostic UnderlyingNetworks: Null] ]], android.os.BinderProxy@897caf2)
03-14 17:56:08.266  5230  5419 D ConnectivityService: releasing NetworkRequest [ REQUEST id=2918, [ Capabilities: INTERNET&NOT_RESTRICTED&TRUSTED&NOT_VCN_MANAGED Uid: 5023 RequestorUid: 5023 RequestorPkg: com.samsung.android.networkdiagnostic UnderlyingNetworks: Null] ] (release request)
03-14 17:56:08.266  5230  5419 D ConnectivityService:  Removing from current network [180 CELLULAR], leaving 71 requests.
03-14 17:56:08.267  5230  5252 E libperflog: [LIBPERFLOG] socket_local_client fail = -1
03-14 17:56:08.267  5230  5252 D [secipm]: mSecIpmManager report to nap
03-14 17:56:08.267  5230  5252 I PkgPredictorService-SecIpmManagerServiceImpl: reportToNAP uid:10107 com.sec.android.app.camera/com.sec.android.app.camera.Camera thisTime:753
03-14 17:56:08.268  8608  8656 I MakerHolder: initializeMaker : Created maker - cameraId=0, maker=com.samsung.android.camera.core2.maker.AutoBeautyPhotoMaker@e065fa5
03-14 17:56:08.268  8608  8656 I CameraPerformance: Maker - InitializeMakerRequest : End[1678809368268] [39]
03-14 17:56:08.268  8608  8656 I Request : InitializeMakerRequest - End
03-14 17:56:08.268  8608  8656 I RequestQueue: afterExecute : INITIALIZE_MAKER(3100)
03-14 17:56:08.268  8608  8656 I RequestQueue: [  ] [3201 3300 3000 3200 3304 4100 4000 5900 ]
03-14 17:56:08.268  8608  8656 I RequestQueue: beforeExecute : CHANGE_PREVIEW_SURFACE_SIZE(3201)
03-14 17:56:08.268  8608  8656 I RequestQueue: [3201] [3300 3000 3200 3304 4100 4000 5900 ]
03-14 17:56:08.268  8608  8656 I Request : ChangePreviewSurfaceSizeRequest - Start
03-14 17:56:08.268  8608  8656 I CameraPerformance: Surface - ChangePreviewSurfaceSizeRequest : Point[1678809368268]
03-14 17:56:08.268  5970  5970 I BaseActivity: removeActivityFlags, flags : 17
03-14 17:56:08.269  4888  4920 I SurfaceFlinger: id=23631 Removed OneUiHome-BlurLayer#0 (113)
03-14 17:56:08.269  5970  5970 I StateManager: goToState isInState Normal
03-14 17:56:08.269  5970  5970 W LauncherAppWidgetHost: setShouldListenFlag, mFlags:7 flag:start on:false isFront:false
03-14 17:56:08.269  5970  6134 I IMM_LC  : hsifw() - flags=0, caller=android.view.inputmethod.InputMethodManager.hideSoftInputFromWindow:1846 android.view.inputmethod.InputMethodManager.hideSoftInputFromWindow:1815 com.android.launcher3.util.UiThreadHelper$UiCallbacks.handleMessage:103 android.os.Handler.dispatchMessage:102 android.os.Looper.loopOnce:226 
03-14 17:56:08.270  5970  6134 I IMM_LC  : hideSoftInputFromWindow - mService.hideSoftInput
03-14 17:56:08.270  5230  7966 D InputMethodManagerService: hideSoftInput
03-14 17:56:08.270  5230  7966 V InputMethodManagerService: Client requesting input be hidden
03-14 17:56:08.270  5230  7966 V InputMethodManagerService: hideCurrentInputLocked : shouldHideSoftInput is false
03-14 17:56:08.270  5230  7817 I AppWidgetServiceImpl: stopListening callbacks : null
03-14 17:56:08.272  8702  8702 E android:drmSer: Not starting debugger since process cannot load the jdwp agent.
03-14 17:56:08.274  4809  4809 I Zygote  : Process 31048 exited due to signal 9 (Killed)
03-14 17:56:08.274  5970  5970 W LauncherAppWidgetHost: stopListening, mFlags:2 isFront:false
03-14 17:56:08.275  5970  5970 W Launcher.NotificationListener: removeNotificationsChangedListener
03-14 17:56:08.275  5970  5970 I BadgeCountUpdaterImpl: onNotificationsChangedDisConnected
03-14 17:56:08.275  5970  5970 I Launcher.NotificationListener: unregisterObserver, this is not notificationService!!
03-14 17:56:08.275  5970  6134 I LiveIconUpdateEventHandler: LiveIcon onStop
03-14 17:56:08.276  5970  6134 I LiveIconUpdateEventHandler: cancelMinuteChangeAlarm
03-14 17:56:08.276  5230  7306 D SamsungAlarmManager: Cancel Alarm calling from uid:10088 pid :5970 / OP:PendingIntent{b8a5cf9: PendingIntentRecord{f3fffef com.sec.android.app.launcher broadcastIntent}}
03-14 17:56:08.277  4809  4809 I Zygote  : Process 7674 exited due to signal 9 (Killed)
03-14 17:56:08.277  5230  7306 V SamsungAlarmManager: setLocked to kernel - W:691228736, now=691228395
03-14 17:56:08.277  5230  5264 V libprocessgroup: Killing process group -14173 in uid 1000 as part of process cgroup 14173
03-14 17:56:08.277  8608  8656 I PreviewLayoutManager: calculatePreviewLayoutRect, x=0, y=176, w=720, h=960, window w=720, h=1600, windowRatio=0.45, previewRatio=1.3333334, getDisplayRotation=0
03-14 17:56:08.277  5230  5264 I libprocessgroup: Successfully killed process cgroup uid 1000 pid 14173 in 0ms
03-14 17:56:08.278  8608  8656 I CameraHolder: getCapability : add capability(0) - Start
03-14 17:56:08.278  5230  5264 V libprocessgroup: Killing process group -27878 in uid 10094 as part of process cgroup 27878
03-14 17:56:08.278  8608  8656 I CameraHolder: getCapability : add capability(0) - End [0]
03-14 17:56:08.278  5230  5264 I libprocessgroup: Successfully killed process cgroup uid 10094 pid 27878 in 0ms
03-14 17:56:08.278  5970  6134 I LiveIconUpdateEventHandler: cancelDateChangeAlarm
03-14 17:56:08.278  5230  7316 D SamsungAlarmManager: Cancel Alarm calling from uid:10088 pid :5970 / OP:PendingIntent{3d3a43e: PendingIntentRecord{b3b4282 com.sec.android.app.launcher broadcastIntent}}
03-14 17:56:08.279  5230  7316 V SamsungAlarmManager: setLocked to kernel - W:691228736, now=691228397
03-14 17:56:08.279  5230  5264 V libprocessgroup: Killing process group -27852 in uid 10094 as part of process cgroup 27852
03-14 17:56:08.279  5230  5264 I libprocessgroup: Successfully killed process cgroup uid 10094 pid 27852 in 0ms
03-14 17:56:08.279  4884 20594 I AudioFlinger: removeDlbCodecCallback pid:31048 type:-1
03-14 17:56:08.280  8608  8656 I CameraPerformance: Surface - ChangePreviewSurfaceSize : Start[1678809368280]
03-14 17:56:08.280  8608  8656 I CameraPerformance: Surface - ChangePreviewSurfaceSize : End[1678809368280] [0]
03-14 17:56:08.280  8608  8656 I RequestQueue: notifyRequest : CHANGE_PREVIEW_SURFACE_SIZE
03-14 17:56:08.280  8608  8656 I Request : ChangePreviewSurfaceSizeRequest - End
03-14 17:56:08.280  8608  8656 I RequestQueue: afterExecute : CHANGE_PREVIEW_SURFACE_SIZE(3201)
03-14 17:56:08.280  8608  8656 I RequestQueue: [  ] [3300 3000 3200 3304 4100 4000 5900 ]
03-14 17:56:08.280  8608  8656 I RequestQueue: beforeExecute : PREPARE_MAKER(3300)
03-14 17:56:08.280  8608  8656 I RequestQueue: [3300] [3000 3200 3304 4100 4000 5900 ]
03-14 17:56:08.280  8608  8656 I Request : PrepareMakerRequest - Start
03-14 17:56:08.280  8702  8702 E USNET   : USNET: appName: android:drmService
03-14 17:56:08.281  5230  7316 D WifiDisplayAdapter: getWifiDisplayStatusLocked: result=WifiDisplayStatus{featureState=1, scanState=0, activeDisplayState=0, activeDisplay=null, displays=[]}
03-14 17:56:08.281  8702  8702 D ProcessState: Binder ioctl to enable oneway spam detection failed: Invalid argument
03-14 17:56:08.281  5230  7316 D WifiDisplayAdapter: getWifiDisplayStatusLocked: result=WifiDisplayStatus{featureState=1, scanState=0, activeDisplayState=0, activeDisplay=null, displays=[]}
03-14 17:56:08.283  8608  8656 I Request : PrepareMakerRequest - End
03-14 17:56:08.283  8608  8656 I RequestQueue: afterExecute : PREPARE_MAKER(3300)
03-14 17:56:08.283  8608  8656 I RequestQueue: [  ] [3000 3200 3304 4100 4000 5900 ]
03-14 17:56:08.283  8608  8656 I RequestQueue: beforeExecute : CONNECT_MAKER(3000)
03-14 17:56:08.283  8608  8656 I RequestQueue: [3000] [3200 3304 4100 4000 5900 ]
03-14 17:56:08.283  8608  8656 I Request : ConnectMakerRequest - Start
03-14 17:56:08.283  8608  8656 I CameraPerformance: Maker - ConnectMakerRequest : Start[1678809368283]
03-14 17:56:08.283  8702  8702 D ActivityThread: setConscryptValidator
03-14 17:56:08.283  8702  8702 D ActivityThread: setConscryptValidator - put
03-14 17:56:08.284  8608  8656 I AutoBeautyPhotoMaker: [CAMFWKPI] connectCamDevice E - CamDeviceImpl(9f8c034) - id(0) - CameraDevice(580a14f), mainPreviewSurfaceData = SurfaceData{Surface=5b1de5d, usageType=0}, pictureEncodeFormat = 256, firstPicCbImgSizeConfig = PicCbImgSizeConfig{size=4000x3000, physicalId='null', sensorPixelMode=MODE_DEFAULT}, parameters = 76a33d2, 19f3707
03-14 17:56:08.284  8608  8656 I AutoBeautyPhotoMaker: checkAvailableDeviceConfiguration - streamType null
03-14 17:56:08.284  5230  5618 I AppOps  : updateUidProcState uid: 10196 procState: 5 capability:15
03-14 17:56:08.284  5230  5618 I ActivityManager: Changes in 10088 2 to 5, 15 to 8
03-14 17:56:08.285  5230  8302 I ActivityManager: Process com.samsung.android.networkdiagnostic (pid 2784) has died: cch+99 CEM (191,1430)
03-14 17:56:08.286  8608  8608 I CameraTemperatureManager: onReceive [android.intent.action.BATTERY_CHANGED]
03-14 17:56:08.286  5230  5264 V libprocessgroup: Killing process group -2784 in uid 5023 as part of process cgroup 2784
03-14 17:56:08.286  5230  5264 I libprocessgroup: Successfully killed process cgroup uid 5023 pid 2784 in 0ms
